<html>
<body>
<pre>
<h1>礦ision Build Log</h1>
<h2>Tool Versions:</h2>
IDE-Version: μVision V5.24.2.0
Copyright (C) 2017 ARM Ltd and ARM Germany GmbH. All rights reserved.
License Information: peng haiqing, huada, LIC=EXJWF-6I5UR-63KMB-2T9LZ-P21W2-TNLL7
 
Tool Versions:
Toolchain:       MDK-ARM Plus  Version: 5.24.1
Toolchain Path:  D:\keil\ARM\ARMCC\Bin
C Compiler:      Armcc.exe V5.06 update 5 (build 528)
Assembler:       Armasm.exe V5.06 update 5 (build 528)
Linker/Locator:  ArmLink.exe V5.06 update 5 (build 528)
Library Manager: ArmAr.exe V5.06 update 5 (build 528)
Hex Converter:   FromElf.exe V5.06 update 5 (build 528)
CPU DLL:         SARMCM3.DLL V5.24.1
Dialog DLL:      DARMSTM.DLL V1.68.0.0
Target DLL:      Segger\JL2CM3.dll V2.99.26.0
Dialog DLL:      TARMSTM.DLL V1.66.0.0
 
<h2>Project:</h2>
E:\大学文件\毕业设计\毕业设计测试\消息处理 11\Template.uvprojx
Project File Date:  01/07/2019

<h2>Output:</h2>
*** Using Compiler 'V5.06 update 5 (build 528)', folder: 'D:\keil\ARM\ARMCC\Bin'
Build target 'Target 1'
assembling startup_stm32f10x_hd.s...
compiling core_cm3.c...
compiling system_stm32f10x.c...
compiling stm32f10x_gpio.c...
compiling stm32f10x_it.c...
compiling misc.c...
compiling stm32f10x_rcc.c...
compiling main.c...
.\App\low\low.h(11): warning:  #1-D: last line of file ends without a newline
  #endif
.\App\Lsen\lsen.h(1): warning:  #14-D: extra text after expected end of preprocessing directive
  #ifndef _HC-SR501_H
.\App\Lsen\lsen.h(2): warning:  #2775-D: white space is required between the macro name "_HC" and its replacement text
  #define _HC-SR501_H
.\App\Lsen\lsen.h(13): warning:  #1-D: last line of file ends without a newline
  #endif
.\App\DHT11\dht11.h(26): warning:  #1-D: last line of file ends without a newline
  #endif
.\App\UnItdelay\UnItdelay.h(31): warning:  #1-D: last line of file ends without a newline
  //fan_EXT  int  fanmodel;
.\App\HC-SR501\HC-SR501.h(16): warning:  #1295-D: Deprecated declaration HC_Init - give arg types
  void HC_Init();
User\main.c(510): warning:  #177-D: variable "cpu_sr"  was declared but never referenced
  	CPU_SR_ALLOC();
User\main.c(512): warning:  #177-D: variable "flag"  was declared but never referenced
  	int flag=0,flag1=0;
User\main.c(512): warning:  #177-D: variable "flag1"  was declared but never referenced
  	int flag=0,flag1=0;
User\main.c(560): warning:  #177-D: variable "cpu_sr"  was declared but never referenced
  	CPU_SR_ALLOC();
User\main.c(610): warning:  #177-D: variable "cpu_sr"  was declared but never referenced
  	CPU_SR_ALLOC();
User\main.c(637): warning:  #177-D: variable "ADC_ConvertedValueLocal"  was declared but never referenced
  	  float ADC_ConvertedValueLocal;  
User\main.c(638): warning:  #177-D: variable "airquailty"  was declared but never referenced
     float airquailty,airquailty1;
User\main.c(638): warning:  #177-D: variable "airquailty1"  was declared but never referenced
     float airquailty,airquailty1;
User\main.c(639): warning:  #177-D: variable "ADC_ConvertedValue1"  was declared but never referenced
  	  u16 ADC_ConvertedValue1=99;
User\main.c(640): warning:  #177-D: variable "cpu_sr"  was declared but never referenced
  	  CPU_SR_ALLOC();
User\main.c(812): warning:  #177-D: variable "i"  was declared but never referenced
  	int i;
User\main.c(839): warning:  #177-D: variable "p"  was declared but never referenced
  	char *p;
User\main.c(840): warning:  #177-D: variable "tem"  was declared but never referenced
  	float tem;
User\main.c(842): warning:  #177-D: variable "t"  was declared but never referenced
  	int t=0,h=0,g=0;
User\main.c(842): warning:  #177-D: variable "h"  was declared but never referenced
  	int t=0,h=0,g=0;
User\main.c(842): warning:  #177-D: variable "g"  was declared but never referenced
  	int t=0,h=0,g=0;
User\main.c(1256): warning:  #177-D: variable "cpu_sr"  was declared but never referenced
  	CPU_SR_ALLOC();
User\main.c: 24 warnings, 0 errors
compiling stm32f10x_usart.c...
compiling stm32f10x_fsmc.c...
compiling stm32f10x_spi.c...
compiling stm32f10x_dma.c...
compiling led.c...
compiling stm32f10x_adc.c...
compiling stm32f10x_tim.c...
compiling key.c...
compiling low.c...
App\low\low.h(11): warning:  #1-D: last line of file ends without a newline
  #endif
App\low\low.c(26): warning:  #1-D: last line of file ends without a newline
  }
App\low\low.c: 2 warnings, 0 errors
compiling adc_temp.c...
compiling pwm.c...
compiling machine.c...
compiling mq2.c...
compiling HC-SR501.c...
App\HC-SR501\HC-SR501.h(16): warning:  #1295-D: Deprecated declaration HC_Init - give arg types
  void HC_Init();
App\HC-SR501\HC-SR501.c: 1 warning, 0 errors
compiling UnItdelay.c...
App\UnItdelay\UnItdelay.h(31): warning:  #1-D: last line of file ends without a newline
  //fan_EXT  int  fanmodel;
App\UnItdelay\UnItdelay.c(76): warning:  #1-D: last line of file ends without a newline
  }
App\UnItdelay\UnItdelay.c: 2 warnings, 0 errors
compiling dht11.c...
App\DHT11\dht11.h(26): warning:  #1-D: last line of file ends without a newline
  #endif
.\App\UnItdelay\UnItdelay.h(31): warning:  #1-D: last line of file ends without a newline
  //fan_EXT  int  fanmodel;
App\DHT11\dht11.c(37): warning:  #177-D: variable "err"  was declared but never referenced
  	  OS_ERR err;
App\DHT11\dht11.c(38): warning:  #177-D: variable "t"  was declared but never referenced
  	  u8 t;
App\DHT11\dht11.c(62): warning:  #177-D: variable "err"  was declared but never referenced
  	  OS_ERR err;
App\DHT11\dht11.c(63): warning:  #177-D: variable "t"  was declared but never referenced
  	  u8 t;
App\DHT11\dht11.c: 6 warnings, 0 errors
compiling tftlcd.c...
App\tftlcd\tftlcd.c(1599): warning:  #177-D: variable "g"  was declared but never referenced
   	u16 r=0,g=0,b=0;
App\tftlcd\tftlcd.c(1599): warning:  #177-D: variable "b"  was declared but never referenced
   	u16 r=0,g=0,b=0;
App\tftlcd\tftlcd.c: 2 warnings, 0 errors
compiling lsen.c...
App\Lsen\lsen.h(1): warning:  #14-D: extra text after expected end of preprocessing directive
  #ifndef _HC-SR501_H
App\Lsen\lsen.h(2): warning:  #2775-D: white space is required between the macro name "_HC" and its replacement text
  #define _HC-SR501_H
App\Lsen\lsen.h(13): warning:  #1-D: last line of file ends without a newline
  #endif
.\App\UnItdelay\UnItdelay.h(31): warning:  #1-D: last line of file ends without a newline
  //fan_EXT  int  fanmodel;
App\Lsen\lsen.c: 4 warnings, 0 errors
compiling lib_math.c...
compiling lib_ascii.c...
compiling lib_mem.c...
compiling lib_str.c...
assembling lib_mem_a.asm...
compiling SysTick.c...
compiling system.c...
compiling usart.c...
compiling bsp.c...
compiling cpu_core.c...
assembling cpu_a.asm...
compiling os_dbg.c...
compiling cpu_c.c...
compiling os_cfg_app.c...
compiling os_int.c...
compiling os_msg.c...
compiling os_mem.c...
compiling os_core.c...
compiling os_flag.c...
compiling os_prio.c...
compiling os_pend_multi.c...
compiling os_q.c...
compiling os_sem.c...
compiling os_mutex.c...
assembling os_cpu_a.s...
compiling os_stat.c...
compiling os_tick.c...
compiling os_cpu_c.c...
compiling os_time.c...
compiling os_task.c...
compiling os_var.c...
compiling os_tmr.c...
compiling os_app_hooks.c...
compiling esp8266_public.c...
compiling esp8266_drive.c...
App\esp8266\ESP8266_drive\esp8266_drive.c(131): warning:  #177-D: variable "t"  was declared but never referenced
  	int t,h;
App\esp8266\ESP8266_drive\esp8266_drive.c(131): warning:  #550-D: variable "h"  was set but never used
  	int t,h;
App\esp8266\ESP8266_drive\esp8266_drive.c: 2 warnings, 0 errors
compiling sta_tcpclent_test.c...
App\esp8266\STA_TCPClent_Test\sta_tcpclent_test.c(69): warning:  #177-D: variable "buffer"  was declared but never referenced
  			u8 buffer[5];
App\esp8266\STA_TCPClent_Test\sta_tcpclent_test.c(70): warning:  #177-D: variable "hum"  was declared but never referenced
          double hum=10.99;
App\esp8266\STA_TCPClent_Test\sta_tcpclent_test.c(71): warning:  #177-D: variable "temp"  was declared but never referenced
          double temp=32.99;
App\esp8266\STA_TCPClent_Test\sta_tcpclent_test.c: 3 warnings, 0 errors
linking...
Program Size: Code=66872 RO-data=1332 RW-data=340 ZI-data=54796  
FromELF: creating hex file...
".\output\Template.axf" - 0 Error(s), 46 Warning(s).

<h2>Software Packages used:</h2>

Package Vendor: Keil
                http://www.keil.com/pack/Keil.STM32F1xx_DFP.2.2.0.pack
                Keil.STM32F1xx_DFP.2.2.0
                STMicroelectronics STM32F1 Series Device Support, Drivers and Examples

<h2>Collection of Component include folders:</h2>
  .\RTE\_Target_1
  D:\keil\ARM\PACK\Keil\STM32F1xx_DFP\2.2.0\Device\Include

<h2>Collection of Component Files used:</h2>
Build Time Elapsed:  00:00:07
</pre>
</body>
</html>
