Component: ARM Compiler 5.06 update 5 (build 528) Tool: armlink [4d35e2]

==============================================================================

Section Cross References

    main.o(.text) refers to os_q.o(.text) for OSQPend
    main.o(.text) refers to machine.o(.text) for machine1_goto
    main.o(.text) refers to os_time.o(.text) for OSTimeDlyHMSM
    main.o(.text) refers to os_core.o(.text) for OSSchedLock
    main.o(.text) refers to unitdelay.o(.text) for unitdelay_ms
    main.o(.text) refers to memseta.o(.text) for __aeabi_memclr4
    main.o(.text) refers to lsen.o(.text) for Lsens_Get_Val
    main.o(.text) refers to cpu_a.o(.text) for CPU_SR_Save
    main.o(.text) refers to cpu_core.o(.text) for CPU_IntDisMeasStart
    main.o(.text) refers to printfa.o(i.__0sprintf) for __2sprintf
    main.o(.text) refers to strncmp.o(.text) for strncmp
    main.o(.text) refers to ffltui.o(.text) for __aeabi_ui2f
    main.o(.text) refers to cfcmple.o(.text) for __aeabi_cfcmple
    main.o(.text) refers to cfrcmple.o(.text) for __aeabi_cfrcmple
    main.o(.text) refers to stm32f10x_tim.o(.text) for TIM_SetCompare1
    main.o(.text) refers to dht11.o(.text) for dht11_read_data
    main.o(.text) refers to dfltui.o(.text) for __aeabi_ui2d
    main.o(.text) refers to ddiv.o(.text) for __aeabi_ddiv
    main.o(.text) refers to dadd.o(.text) for __aeabi_dadd
    main.o(.text) refers to main.o(.bss) for HUM_queue
    main.o(.text) refers to os_var.o(.data) for OSSchedLockNestingCtr
    main.o(.text) refers to main.o(.data) for bril
    main.o(.text) refers to f2d.o(.text) for __aeabi_f2d
    main.o(.text) refers to cdcmple.o(.text) for __aeabi_cdcmple
    main.o(.text) refers to cdrcmple.o(.text) for __aeabi_cdrcmple
    main.o(.text) refers to low.o(.text) for relay_off
    main.o(.text) refers to sta_tcpclent_test.o(.text) for ESP8266_STA_TCPClient_Test_Send
    main.o(.text) refers to strtof.o(i.strtof) for strtof
    main.o(.text) refers to esp8266_drive.o(.bss) for ESP8266_Fram_Record_Struct
    main.o(.text) refers to printfa.o(i.__0printf) for __2printf
    main.o(.text) refers to bsp.o(.text) for BSP_CPU_ClkFreq
    main.o(.text) refers to os_cpu_c.o(.text) for OS_CPU_SysTickInit
    main.o(.text) refers to lib_mem.o(.text) for Mem_Init
    main.o(.text) refers to os_stat.o(.text) for OSStatTaskCPUUsageInit
    main.o(.text) refers to os_task.o(.text) for OSTaskCreate
    main.o(.text) refers to os_cfg_app.o(.constdata) for OSCfg_TickRate_Hz
    main.o(.text) refers to systick.o(.text) for Systick_Init
    main.o(.text) refers to misc.o(.text) for NVIC_PriorityGroupConfig
    main.o(.text) refers to hc-sr501.o(.text) for HC_Init
    main.o(.text) refers to pwm.o(.text) for TIM3_CH1_PWM_Init
    main.o(.text) refers to key.o(.text) for KEY_Init
    main.o(.text) refers to adc_temp.o(.text) for ADC_Temp_Init
    main.o(.text) refers to usart.o(.text) for USART1_Init
    startup_stm32f10x_hd.o(RESET) refers to startup_stm32f10x_hd.o(STACK) for __initial_sp
    startup_stm32f10x_hd.o(RESET) refers to startup_stm32f10x_hd.o(.text) for Reset_Handler
    startup_stm32f10x_hd.o(RESET) refers to stm32f10x_it.o(.text) for NMI_Handler
    startup_stm32f10x_hd.o(RESET) refers to os_cpu_a.o(CODE) for OS_CPU_PendSVHandler
    startup_stm32f10x_hd.o(RESET) refers to os_cpu_c.o(.text) for OS_CPU_SysTickHandler
    startup_stm32f10x_hd.o(RESET) refers to usart.o(.text) for USART1_IRQHandler
    startup_stm32f10x_hd.o(RESET) refers to esp8266_drive.o(.text) for USART2_IRQHandler
    startup_stm32f10x_hd.o(.text) refers to system_stm32f10x.o(.text) for SystemInit
    startup_stm32f10x_hd.o(.text) refers to entry.o(.ARM.Collect$$$$00000000) for __main
    system_stm32f10x.o(.text) refers to system_stm32f10x.o(.data) for SystemCoreClock
    stm32f10x_gpio.o(.text) refers to stm32f10x_rcc.o(.text) for RCC_APB2PeriphResetCmd
    stm32f10x_rcc.o(.text) refers to stm32f10x_rcc.o(.data) for APBAHBPrescTable
    stm32f10x_usart.o(.text) refers to stm32f10x_rcc.o(.text) for RCC_APB2PeriphResetCmd
    stm32f10x_spi.o(.text) refers to stm32f10x_rcc.o(.text) for RCC_APB2PeriphResetCmd
    stm32f10x_tim.o(.text) refers to stm32f10x_rcc.o(.text) for RCC_APB2PeriphResetCmd
    stm32f10x_adc.o(.text) refers to stm32f10x_rcc.o(.text) for RCC_APB2PeriphResetCmd
    led.o(.text) refers to stm32f10x_rcc.o(.text) for RCC_APB2PeriphClockCmd
    led.o(.text) refers to stm32f10x_gpio.o(.text) for GPIO_Init
    key.o(.text) refers to stm32f10x_rcc.o(.text) for RCC_APB2PeriphClockCmd
    key.o(.text) refers to stm32f10x_gpio.o(.text) for GPIO_Init
    key.o(.text) refers to os_time.o(.text) for OSTimeDlyHMSM
    key.o(.text) refers to key.o(.data) for key
    adc_temp.o(.text) refers to stm32f10x_rcc.o(.text) for RCC_APB2PeriphClockCmd
    adc_temp.o(.text) refers to stm32f10x_adc.o(.text) for ADC_TempSensorVrefintCmd
    adc_temp.o(.text) refers to os_time.o(.text) for OSTimeDlyHMSM
    adc_temp.o(.text) refers to ffltui.o(.text) for __aeabi_ui2f
[...]
    TIM_SelectOCxM                           0x08002bff   Thumb Code    82  stm32f10x_tim.o(.text)
    TIM_UpdateDisableConfig                  0x08002c51   Thumb Code    24  stm32f10x_tim.o(.text)
    TIM_UpdateRequestConfig                  0x08002c69   Thumb Code    24  stm32f10x_tim.o(.text)
    TIM_SelectHallSensor                     0x08002c81   Thumb Code    24  stm32f10x_tim.o(.text)
    TIM_SelectOnePulseMode                   0x08002c99   Thumb Code    18  stm32f10x_tim.o(.text)
    TIM_SelectOutputTrigger                  0x08002cab   Thumb Code    18  stm32f10x_tim.o(.text)
    TIM_SelectSlaveMode                      0x08002cbd   Thumb Code    18  stm32f10x_tim.o(.text)
    TIM_SelectMasterSlaveMode                0x08002ccf   Thumb Code    18  stm32f10x_tim.o(.text)
    TIM_SetCounter                           0x08002ce1   Thumb Code     4  stm32f10x_tim.o(.text)
    TIM_SetAutoreload                        0x08002ce5   Thumb Code     4  stm32f10x_tim.o(.text)
    TIM_SetCompare1                          0x08002ce9   Thumb Code     4  stm32f10x_tim.o(.text)
    TIM_SetCompare2                          0x08002ced   Thumb Code     4  stm32f10x_tim.o(.text)
    TIM_SetCompare3                          0x08002cf1   Thumb Code     4  stm32f10x_tim.o(.text)
    TIM_SetCompare4                          0x08002cf5   Thumb Code     6  stm32f10x_tim.o(.text)
    TIM_SetClockDivision                     0x08002cfb   Thumb Code    18  stm32f10x_tim.o(.text)
    TIM_GetCapture1                          0x08002d0d   Thumb Code     6  stm32f10x_tim.o(.text)
    TIM_GetCapture2                          0x08002d13   Thumb Code     6  stm32f10x_tim.o(.text)
    TIM_GetCapture3                          0x08002d19   Thumb Code     6  stm32f10x_tim.o(.text)
    TIM_GetCapture4                          0x08002d1f   Thumb Code     8  stm32f10x_tim.o(.text)
    TIM_GetCounter                           0x08002d27   Thumb Code     6  stm32f10x_tim.o(.text)
    TIM_GetPrescaler                         0x08002d2d   Thumb Code     6  stm32f10x_tim.o(.text)
    TIM_GetFlagStatus                        0x08002d33   Thumb Code    18  stm32f10x_tim.o(.text)
    TIM_ClearFlag                            0x08002d45   Thumb Code     6  stm32f10x_tim.o(.text)
    TIM_GetITStatus                          0x08002d4b   Thumb Code    34  stm32f10x_tim.o(.text)
    TIM_ClearITPendingBit                    0x08002d6d   Thumb Code     6  stm32f10x_tim.o(.text)
    ADC_DeInit                               0x08002d75   Thumb Code    78  stm32f10x_adc.o(.text)
    ADC_Init                                 0x08002dc3   Thumb Code    70  stm32f10x_adc.o(.text)
    ADC_StructInit                           0x08002e09   Thumb Code    18  stm32f10x_adc.o(.text)
    ADC_Cmd                                  0x08002e1b   Thumb Code    22  stm32f10x_adc.o(.text)
    ADC_DMACmd                               0x08002e31   Thumb Code    22  stm32f10x_adc.o(.text)
    ADC_ITConfig                             0x08002e47   Thumb Code    24  stm32f10x_adc.o(.text)
    ADC_ResetCalibration                     0x08002e5f   Thumb Code    10  stm32f10x_adc.o(.text)
    ADC_GetResetCalibrationStatus            0x08002e69   Thumb Code    20  stm32f10x_adc.o(.text)
    ADC_StartCalibration                     0x08002e7d   Thumb Code    10  stm32f10x_adc.o(.text)
    ADC_GetCalibrationStatus                 0x08002e87   Thumb Code    20  stm32f10x_adc.o(.text)
    ADC_SoftwareStartConvCmd                 0x08002e9b   Thumb Code    22  stm32f10x_adc.o(.text)
    ADC_GetSoftwareStartConvStatus           0x08002eb1   Thumb Code    20  stm32f10x_adc.o(.text)
    ADC_DiscModeChannelCountConfig           0x08002ec5   Thumb Code    24  stm32f10x_adc.o(.text)
    ADC_DiscModeCmd                          0x08002edd   Thumb Code    22  stm32f10x_adc.o(.text)
    ADC_RegularChannelConfig                 0x08002ef3   Thumb Code   184  stm32f10x_adc.o(.text)
    ADC_ExternalTrigConvCmd                  0x08002fab   Thumb Code    22  stm32f10x_adc.o(.text)
    ADC_GetConversionValue                   0x08002fc1   Thumb Code     8  stm32f10x_adc.o(.text)
    ADC_GetDualModeConversionValue           0x08002fc9   Thumb Code     8  stm32f10x_adc.o(.text)
    ADC_AutoInjectedConvCmd                  0x08002fd1   Thumb Code    22  stm32f10x_adc.o(.text)
    ADC_InjectedDiscModeCmd                  0x08002fe7   Thumb Code    22  stm32f10x_adc.o(.text)
    ADC_ExternalTrigInjectedConvConfig       0x08002ffd   Thumb Code    16  stm32f10x_adc.o(.text)
    ADC_ExternalTrigInjectedConvCmd          0x0800300d   Thumb Code    22  stm32f10x_adc.o(.text)
    ADC_SoftwareStartInjectedConvCmd         0x08003023   Thumb Code    22  stm32f10x_adc.o(.text)
    ADC_GetSoftwareStartInjectedConvCmdStatus 0x08003039   Thumb Code    20  stm32f10x_adc.o(.text)
    ADC_InjectedChannelConfig                0x0800304d   Thumb Code   130  stm32f10x_adc.o(.text)
    ADC_InjectedSequencerLengthConfig        0x080030cf   Thumb Code    24  stm32f10x_adc.o(.text)
    ADC_SetInjectedOffset                    0x080030e7   Thumb Code    20  stm32f10x_adc.o(.text)
    ADC_GetInjectedConversionValue           0x080030fb   Thumb Code    28  stm32f10x_adc.o(.text)
    ADC_AnalogWatchdogCmd                    0x08003117   Thumb Code    16  stm32f10x_adc.o(.text)
    ADC_AnalogWatchdogThresholdsConfig       0x08003127   Thumb Code     6  stm32f10x_adc.o(.text)
    ADC_AnalogWatchdogSingleChannelConfig    0x0800312d   Thumb Code    16  stm32f10x_adc.o(.text)
    ADC_TempSensorVrefintCmd                 0x0800313d   Thumb Code    64  stm32f10x_adc.o(.text)
    ADC_GetFlagStatus                        0x0800317d   Thumb Code    18  stm32f10x_adc.o(.text)
    ADC_ClearFlag                            0x0800318f   Thumb Code     6  stm32f10x_adc.o(.text)
    ADC_GetITStatus                          0x08003195   Thumb Code    36  stm32f10x_adc.o(.text)
    ADC_ClearITPendingBit                    0x080031b9   Thumb Code    10  stm32f10x_adc.o(.text)
    KEY_Init                                 0x080031c5   Thumb Code    64  key.o(.text)
    KEY_Scan                                 0x08003205   Thumb Code   154  key.o(.text)
    ADC_Temp_Init                            0x080032b5   Thumb Code   118  adc_temp.o(.text)
    Get_ADC_Temp_Value                       0x0800332b   Thumb Code    88  adc_temp.o(.text)
    Get_Temperture                           0x08003383   Thumb Code   104  adc_temp.o(.text)
    relay_init                               0x0800340d   Thumb Code    38  low.o(.text)
    relay_on                                 0x08003433   Thumb Code    12  low.o(.text)
    relay_off                                0x0800343f   Thumb Code    12  low.o(.text)
    dht11_gpio_input                         0x08003451   Thumb Code    40  dht11.o(.text)
    dht11_gpio_output                        0x08003479   Thumb Code    40  dht11.o(.text)
    dht11_reset                              0x080034a1   Thumb Code    46  dht11.o(.text)
    dht11_scan                               0x080034cf   Thumb Code    14  dht11.o(.text)
    dht11_read_bit                           0x080034dd   Thumb Code    62  dht11.o(.text)
    dht11_read_byte                          0x0800351b   Thumb Code    34  dht11.o(.text)
    dht11_read_data                          0x0800353d   Thumb Code   108  dht11.o(.text)
    ToString                                 0x080035ad   Thumb Code    40  unitdelay.o(.text)
    reqorder                                 0x080035d5   Thumb Code    82  unitdelay.o(.text)
    unitdelay_us                             0x08003627   Thumb Code    30  unitdelay.o(.text)
    unitdelay_ms                             0x08003645   Thumb Code    32  unitdelay.o(.text)
    HC_Init                                  0x08003665   Thumb Code    32  hc-sr501.o(.text)
    TIM3_CH1_PWM_Init                        0x08003689   Thumb Code   146  pwm.o(.text)
    Adc3_Init                                0x08003729   Thumb Code   120  lsen.o(.text)
    Get_Adc3                                 0x080037a1   Thumb Code    46  lsen.o(.text)
    Lsen_Init                                0x080037cf   Thumb Code    38  lsen.o(.text)
    Lsens_Get_Val                            0x080037f5   Thumb Code    60  lsen.o(.text)
    MAC_Init                                 0x08003839   Thumb Code    38  machine.o(.text)
    machine_goto                             0x0800385f   Thumb Code    24  machine.o(.text)
    machine_back                             0x08003877   Thumb Code    22  machine.o(.text)
    machine_fast_stop                        0x0800388d   Thumb Code    20  machine.o(.text)
    machine_stop                             0x080038a1   Thumb Code    20  machine.o(.text)
    machine1_goto                            0x080038b5   Thumb Code    26  machine.o(.text)
    machine1_back                            0x080038cf   Thumb Code    24  machine.o(.text)
    machine1_fast_stop                       0x080038e7   Thumb Code    22  machine.o(.text)
    machine1_stop                            0x080038fd   Thumb Code    22  machine.o(.text)
    Systick_Init                             0x08003921   Thumb Code    52  systick.o(.text)
    delay_us                                 0x08003955   Thumb Code    72  systick.o(.text)
    delay_ms                                 0x0800399d   Thumb Code    72  systick.o(.text)
    _sys_exit                                0x080039ed   Thumb Code     6  usart.o(.text)
    fputc                                    0x080039f3   Thumb Code    32  usart.o(.text)
    USART1_Init                              0x08003a13   Thumb Code   152  usart.o(.text)
    USART1_IRQHandler                        0x08003aab   Thumb Code    54  usart.o(.text)
    BSP_Init                                 0x08003ae9   Thumb Code     2  bsp.o(.text)
    BSP_CPU_ClkFreq                          0x08003aeb   Thumb Code    16  bsp.o(.text)
    CPU_TS_TmrInit                           0x08003afb   Thumb Code    44  bsp.o(.text)
    CPU_TS_TmrRd                             0x08003b27   Thumb Code     6  bsp.o(.text)
    ASCII_IsAlpha                            0x08003b35   Thumb Code    48  lib_ascii.o(.text)
    ASCII_IsAlphaNum                         0x08003b65   Thumb Code    76  lib_ascii.o(.text)
    ASCII_IsLower                            0x08003bb1   Thumb Code    20  lib_ascii.o(.text)
    ASCII_IsUpper                            0x08003bc5   Thumb Code    20  lib_ascii.o(.text)
    ASCII_IsDig                              0x08003bd9   Thumb Code    20  lib_ascii.o(.text)
    ASCII_IsDigOct                           0x08003bed   Thumb Code    20  lib_ascii.o(.text)
    ASCII_IsDigHex                           0x08003c01   Thumb Code    36  lib_ascii.o(.text)
    ASCII_IsBlank                            0x08003c25   Thumb Code    20  lib_ascii.o(.text)
    ASCII_IsSpace                            0x08003c39   Thumb Code    36  lib_ascii.o(.text)
    ASCII_IsPrint                            0x08003c5d   Thumb Code    20  lib_ascii.o(.text)
    ASCII_IsGraph                            0x08003c71   Thumb Code    20  lib_ascii.o(.text)
    ASCII_IsPunct                            0x08003c85   Thumb Code   134  lib_ascii.o(.text)
    ASCII_IsCtrl                             0x08003d0b   Thumb Code    26  lib_ascii.o(.text)
    ASCII_ToLower                            0x08003d25   Thumb Code    32  lib_ascii.o(.text)
    ASCII_ToUpper                            0x08003d45   Thumb Code    32  lib_ascii.o(.text)
    ASCII_Cmp                                0x08003d65   Thumb Code    38  lib_ascii.o(.text)
    Mem_Init                                 0x08003d8d   Thumb Code    54  lib_mem.o(.text)
    Mem_Set                                  0x08003dc3   Thumb Code    98  lib_mem.o(.text)
    Mem_Clr                                  0x08003e25   Thumb Code    18  lib_mem.o(.text)
    Mem_Move                                 0x08003e37   Thumb Code   204  lib_mem.o(.text)
    Mem_Cmp                                  0x08003f03   Thumb Code   192  lib_mem.o(.text)
    Mem_HeapAlloc                            0x080040b7   Thumb Code   274  lib_mem.o(.text)
    Mem_SegGetSizeRem                        0x080041c9   Thumb Code   226  lib_mem.o(.text)
    Mem_HeapGetSizeRem                       0x080042ab   Thumb Code    22  lib_mem.o(.text)
    Mem_PoolClr                              0x080042c1   Thumb Code    78  lib_mem.o(.text)
    Mem_PoolCreate                           0x0800430f   Thumb Code  1132  lib_mem.o(.text)
    Mem_PoolBlkGetNbrAvail                   0x0800477b   Thumb Code   140  lib_mem.o(.text)
    Mem_PoolBlkGet                           0x08004807   Thumb Code   248  lib_mem.o(.text)
    Mem_PoolBlkGetUsedAtIx                   0x080048ff   Thumb Code   236  lib_mem.o(.text)
    Mem_PoolBlkFree                          0x08004a51   Thumb Code   366  lib_mem.o(.text)
    Mem_PoolBlkIxGet                         0x08004bbf   Thumb Code   342  lib_mem.o(.text)
    Str_Len_N                                0x08004d19   Thumb Code    28  lib_str.o(.text)
    Str_Len                                  0x08004d35   Thumb Code    20  lib_str.o(.text)
    Str_Copy_N                               0x08004d49   Thumb Code    70  lib_str.o(.text)
    Str_Copy                                 0x08004d8f   Thumb Code    24  lib_str.o(.text)
    Str_Cat_N                                0x08004da7   Thumb Code    90  lib_str.o(.text)
    Str_Cat                                  0x08004e01   Thumb Code    24  lib_str.o(.text)
    Str_Cmp_N                                0x08004e19   Thumb Code   156  lib_str.o(.text)
    Str_Cmp                                  0x08004eb5   Thumb Code    24  lib_str.o(.text)
    Str_CmpIgnoreCase_N                      0x08004ecd   Thumb Code   264  lib_str.o(.text)
    Str_CmpIgnoreCase                        0x08004fd5   Thumb Code    24  lib_str.o(.text)
    Str_Char_N                               0x08004fed   Thumb Code    74  lib_str.o(.text)
    Str_Char                                 0x08005037   Thumb Code    24  lib_str.o(.text)
    Str_Char_Last_N                          0x0800504f   Thumb Code    76  lib_str.o(.text)
    Str_Char_Last                            0x0800509b   Thumb Code    24  lib_str.o(.text)
    Str_Char_Replace_N                       0x080050b3   Thumb Code    52  lib_str.o(.text)
    Str_Char_Replace                         0x080050e7   Thumb Code    28  lib_str.o(.text)
    Str_Str_N                                0x08005103   Thumb Code   182  lib_str.o(.text)
    Str_Str                                  0x080051b9   Thumb Code    24  lib_str.o(.text)
    Str_FmtNbr_Int32U                        0x080053ab   Thumb Code    46  lib_str.o(.text)
    Str_FmtNbr_Int32S                        0x080053d9   Thumb Code    62  lib_str.o(.text)
    Str_ParseNbr_Int32U                      0x080055d5   Thumb Code    30  lib_str.o(.text)
    Str_ParseNbr_Int32S                      0x080055f3   Thumb Code    74  lib_str.o(.text)
    Mem_Copy                                 0x08005641   Thumb Code     0  lib_mem_a.o(.text)
    CPU_IntDisMeasStop                       0x08005861   Thumb Code    62  cpu_core.o(.text)
    CPU_IntDisMeasStart                      0x0800589f   Thumb Code    38  cpu_core.o(.text)
    CPU_NameClr                              0x080058c5   Thumb Code    50  cpu_core.o(.text)
    CPU_Init                                 0x08005975   Thumb Code    16  cpu_core.o(.text)
    CPU_SW_Exception                         0x08005985   Thumb Code     4  cpu_core.o(.text)
    CPU_NameGet                              0x08005989   Thumb Code    78  cpu_core.o(.text)
    CPU_NameSet                              0x080059d7   Thumb Code   104  cpu_core.o(.text)
    CPU_TS_Get32                             0x08005a3f   Thumb Code    12  cpu_core.o(.text)
    CPU_TS_Update                            0x08005a4b   Thumb Code     2  cpu_core.o(.text)
    CPU_TS_TmrFreqGet                        0x08005a4d   Thumb Code    30  cpu_core.o(.text)
    CPU_TS_TmrFreqSet                        0x08005a6b   Thumb Code     6  cpu_core.o(.text)
    CPU_IntDisMeasMaxCurGet                  0x08005a89   Thumb Code    40  cpu_core.o(.text)
    CPU_IntDisMeasMaxCurReset                0x08005ab1   Thumb Code    40  cpu_core.o(.text)
    CPU_IntDisMeasMaxGet                     0x08005ad9   Thumb Code    40  cpu_core.o(.text)
    CPU_CntLeadZeros08                       0x08005b01   Thumb Code    18  cpu_core.o(.text)
    CPU_CntLeadZeros16                       0x08005b13   Thumb Code    18  cpu_core.o(.text)
    CPU_CntLeadZeros32                       0x08005b25   Thumb Code    18  cpu_core.o(.text)
    CPU_CntLeadZeros64                       0x08005b37   Thumb Code   188  cpu_core.o(.text)
    CPU_CntTrailZeros08                      0x08005bf3   Thumb Code    22  cpu_core.o(.text)
    CPU_CntTrailZeros16                      0x08005c09   Thumb Code    22  cpu_core.o(.text)
    CPU_CntTrailZeros32                      0x08005c1f   Thumb Code    22  cpu_core.o(.text)
    CPU_CntTrailZeros64                      0x08005c35   Thumb Code   104  cpu_core.o(.text)
    CPU_IntDis                               0x08005c9d   Thumb Code     0  cpu_a.o(.text)
    CPU_IntEn                                0x08005ca1   Thumb Code     0  cpu_a.o(.text)
    CPU_SR_Save                              0x08005ca5   Thumb Code     0  cpu_a.o(.text)
    CPU_SR_Restore                           0x08005cad   Thumb Code     0  cpu_a.o(.text)
    CPU_WaitForInt                           0x08005cb3   Thumb Code     0  cpu_a.o(.text)
    CPU_WaitForExcept                        0x08005cb7   Thumb Code     0  cpu_a.o(.text)
    CPU_CntLeadZeros                         0x08005cbb   Thumb Code     0  cpu_a.o(.text)
    CPU_CntTrailZeros                        0x08005cc1   Thumb Code     0  cpu_a.o(.text)
    CPU_RevBits                              0x08005ccb   Thumb Code     0  cpu_a.o(.text)
    OSCfg_Init                               0x08005cd1   Thumb Code     2  os_cfg_app.o(.text)
    OS_IdleTask                              0x08005cd5   Thumb Code    68  os_core.o(.text)
    OS_IdleTaskInit                          0x08005d19   Thumb Code    68  os_core.o(.text)
    OS_RdyListInit                           0x08005d5d   Thumb Code    32  os_core.o(.text)
    OSInit                                   0x08005d7d   Thumb Code   300  os_core.o(.text)
    OSIntEnter                               0x08005ea9   Thumb Code    34  os_core.o(.text)
    OSIntExit                                0x08005ecb   Thumb Code   192  os_core.o(.text)
    OSSched                                  0x08005f8b   Thumb Code   134  os_core.o(.text)
    OS_SchedLockTimeMeasStart                0x08006011   Thumb Code    20  os_core.o(.text)
    OSSchedLock                              0x08006025   Thumb Code   112  os_core.o(.text)
    OS_SchedLockTimeMeasStop                 0x08006095   Thumb Code    44  os_core.o(.text)
    OSSchedUnlock                            0x080060c1   Thumb Code   302  os_core.o(.text)
    OSSchedRoundRobinCfg                     0x080061ef   Thumb Code    96  os_core.o(.text)
    OS_RdyListMoveHeadToTail                 0x0800624f   Thumb Code    68  os_core.o(.text)
    OSSchedRoundRobinYield                   0x08006293   Thumb Code   176  os_core.o(.text)
    OSStart                                  0x08006343   Thumb Code    78  os_core.o(.text)
    OSVersion                                0x08006391   Thumb Code    12  os_core.o(.text)
    OS_PendDbgNameAdd                        0x0800639d   Thumb Code    66  os_core.o(.text)
    OS_PendListInsertPrio                    0x080063df   Thumb Code   102  os_core.o(.text)
    OS_PendDataInit                          0x08006445   Thumb Code    38  os_core.o(.text)
    OS_RdyListRemove                         0x0800646b   Thumb Code    86  os_core.o(.text)
    OS_TaskBlock                             0x080064c1   Thumb Code    56  os_core.o(.text)
    OS_Pend                                  0x080064f9   Thumb Code   168  os_core.o(.text)
    OS_PendListRemove1                       0x080065a1   Thumb Code    66  os_core.o(.text)
    OS_PendListRemove                        0x080065e3   Thumb Code    48  os_core.o(.text)
    OS_PendAbort1                            0x08006613   Thumb Code    36  os_core.o(.text)
    OS_RdyListInsertHead                     0x08006637   Thumb Code    58  os_core.o(.text)
    OS_RdyListInsertTail                     0x08006671   Thumb Code    56  os_core.o(.text)
    OS_RdyListInsert                         0x080066a9   Thumb Code    40  os_core.o(.text)
    OS_TaskRdy                               0x080066d1   Thumb Code    28  os_core.o(.text)
    OS_PendAbort                             0x080066ed   Thumb Code   166  os_core.o(.text)
    OS_PendDbgNameRemove                     0x08006793   Thumb Code    34  os_core.o(.text)
    OS_PendListChangePrio                    0x080067b5   Thumb Code    70  os_core.o(.text)
    OS_PendListInit                          0x080067fb   Thumb Code    10  os_core.o(.text)
    OS_PendListInsertHead                    0x08006805   Thumb Code    32  os_core.o(.text)
    OS_PendObjDel1                           0x08006825   Thumb Code    36  os_core.o(.text)
    OS_PendObjDel                            0x08006849   Thumb Code   162  os_core.o(.text)
    OS_Post1                                 0x080068eb   Thumb Code    42  os_core.o(.text)
    OS_Post                                  0x08006915   Thumb Code   192  os_core.o(.text)
    OS_Sched0                                0x080069d5   Thumb Code   100  os_core.o(.text)
    OS_SchedRoundRobin                       0x08006a39   Thumb Code   218  os_core.o(.text)
    OS_Dbg_Init                              0x08006b25   Thumb Code   150  os_dbg.o(.text)
    OS_FlagDbgListAdd                        0x08006cd9   Thumb Code    38  os_flag.o(.text)
    OSFlagCreate                             0x08006cff   Thumb Code   210  os_flag.o(.text)
    OS_FlagClr                               0x08006dd1   Thumb Code    28  os_flag.o(.text)
    OS_FlagDbgListRemove                     0x08006ded   Thumb Code    44  os_flag.o(.text)
    OSFlagDel                                0x08006e19   Thumb Code   732  os_flag.o(.text)
    OS_FlagBlock                             0x080070f5   Thumb Code    58  os_flag.o(.text)
    OSFlagPend                               0x0800712f   Thumb Code  1670  os_flag.o(.text)
    OSFlagPendAbort                          0x080077b5   Thumb Code   334  os_flag.o(.text)
    OSFlagPendGetFlagsRdy                    0x08007903   Thumb Code    94  os_flag.o(.text)
    OS_FlagTaskRdy                           0x08007961   Thumb Code    86  os_flag.o(.text)
    OS_FlagPost                              0x080079b7   Thumb Code   626  os_flag.o(.text)
    OSFlagPost                               0x08007c29   Thumb Code   146  os_flag.o(.text)
    OS_FlagInit                              0x08007cbb   Thumb Code    14  os_flag.o(.text)
    OS_IntQPost                              0x08007ce5   Thumb Code   224  os_int.o(.text)
    OS_IntQRePost                            0x08007dc5   Thumb Code   360  os_int.o(.text)
    OS_IntQTask                              0x08007f2d   Thumb Code   182  os_int.o(.text)
    OS_IntQTaskInit                          0x08007fe3   Thumb Code   208  os_int.o(.text)
    OS_MemDbgListAdd                         0x08008145   Thumb Code    34  os_mem.o(.text)
    OSMemCreate                              0x08008167   Thumb Code   326  os_mem.o(.text)
    OSMemGet                                 0x080082ad   Thumb Code   112  os_mem.o(.text)
    OSMemPut                                 0x0800831d   Thumb Code   124  os_mem.o(.text)
    OS_MemInit                               0x08008399   Thumb Code    14  os_mem.o(.text)
    OS_MsgPoolInit                           0x080083bd   Thumb Code   110  os_msg.o(.text)
    OS_MsgQFreeAll                           0x0800842b   Thumb Code    62  os_msg.o(.text)
    OS_MsgQInit                              0x08008469   Thumb Code    14  os_msg.o(.text)
    OS_MsgQGet                               0x08008477   Thumb Code    98  os_msg.o(.text)
    OS_MsgQPut                               0x080084d9   Thumb Code   254  os_msg.o(.text)
    OS_MutexDbgListAdd                       0x080085e5   Thumb Code    38  os_mutex.o(.text)
    OSMutexCreate                            0x0800860b   Thumb Code   216  os_mutex.o(.text)
    OS_MutexClr                              0x080086e3   Thumb Code    38  os_mutex.o(.text)
    OS_MutexDbgListRemove                    0x08008709   Thumb Code    44  os_mutex.o(.text)
    OSMutexDel                               0x08008735   Thumb Code   960  os_mutex.o(.text)
    OSMutexPend                              0x08008af5   Thumb Code   812  os_mutex.o(.text)
    OSMutexPendAbort                         0x08008e21   Thumb Code   334  os_mutex.o(.text)
    OSMutexPost                              0x08008f6f   Thumb Code   646  os_mutex.o(.text)
    OS_MutexInit                             0x080091f5   Thumb Code    14  os_mutex.o(.text)
    OS_PrioInit                              0x08009225   Thumb Code    20  os_prio.o(.text)
    OS_PrioGetHighest                        0x08009239   Thumb Code    36  os_prio.o(.text)
    OS_PrioInsert                            0x0800925d   Thumb Code    32  os_prio.o(.text)
    OS_PrioRemove                            0x0800927d   Thumb Code    32  os_prio.o(.text)
    OS_QDbgListAdd                           0x080092a1   Thumb Code    38  os_q.o(.text)
    OSQCreate                                0x080092c7   Thumb Code   224  os_q.o(.text)
    OS_QClr                                  0x080093a7   Thumb Code    40  os_q.o(.text)
    OS_QDbgListRemove                        0x080093cf   Thumb Code    44  os_q.o(.text)
    OSQDel                                   0x080093fb   Thumb Code   414  os_q.o(.text)
    OSQFlush                                 0x08009599   Thumb Code   288  os_q.o(.text)
    OSQPend                                  0x080096b9   Thumb Code   560  os_q.o(.text)
    OSQPendAbort                             0x080098e9   Thumb Code   334  os_q.o(.text)
    OS_QPost                                 0x08009a37   Thumb Code   402  os_q.o(.text)
    OSQPost                                  0x08009bc9   Thumb Code   176  os_q.o(.text)
    OS_QInit                                 0x08009c79   Thumb Code    14  os_q.o(.text)
    OS_SemDbgListAdd                         0x08009ca1   Thumb Code    38  os_sem.o(.text)
    OSSemCreate                              0x08009cc7   Thumb Code   210  os_sem.o(.text)
    OS_SemClr                                0x08009d99   Thumb Code    28  os_sem.o(.text)
    OS_SemDbgListRemove                      0x08009db5   Thumb Code    44  os_sem.o(.text)
    OSSemDel                                 0x08009de1   Thumb Code   414  os_sem.o(.text)
    OSSemPend                                0x08009f7f   Thumb Code   562  os_sem.o(.text)
    OSSemPendAbort                           0x0800a1b1   Thumb Code   334  os_sem.o(.text)
    OS_SemPost                               0x0800a2ff   Thumb Code   404  os_sem.o(.text)
    OSSemPost                                0x0800a493   Thumb Code   162  os_sem.o(.text)
    OSSemSet                                 0x0800a535   Thumb Code   128  os_sem.o(.text)
    OS_SemInit                               0x0800a5b5   Thumb Code    14  os_sem.o(.text)
    OSStatReset                              0x0800a5d5   Thumb Code   316  os_stat.o(.text)
    OSStatTaskCPUUsageInit                   0x0800a711   Thumb Code   228  os_stat.o(.text)
    OS_StatTask                              0x0800a7f5   Thumb Code   984  os_stat.o(.text)
    OS_StatTaskInit                          0x0800abcd   Thumb Code   138  os_stat.o(.text)
    OSTaskChangePrio                         0x0800acb1   Thumb Code   482  os_task.o(.text)
    OS_TaskDbgListAdd                        0x0800ae93   Thumb Code    42  os_task.o(.text)
    OS_TaskInitTCB                           0x0800aebd   Thumb Code   194  os_task.o(.text)
    OSTaskCreate                             0x0800af7f   Thumb Code   674  os_task.o(.text)
    OS_TaskDbgListRemove                     0x0800b221   Thumb Code    64  os_task.o(.text)
    OSTaskDel                                0x0800b261   Thumb Code   490  os_task.o(.text)
    OSTaskQFlush                             0x0800b44b   Thumb Code   302  os_task.o(.text)
    OSTaskQPend                              0x0800b579   Thumb Code   572  os_task.o(.text)
    OSTaskQPendAbort                         0x0800b7b5   Thumb Code   288  os_task.o(.text)
    OS_TaskQPost                             0x0800b8d5   Thumb Code   624  os_task.o(.text)
    OSTaskQPost                              0x0800bb45   Thumb Code   114  os_task.o(.text)
    OSTaskRegGet                             0x0800bbb7   Thumb Code    86  os_task.o(.text)
    OSTaskRegGetID                           0x0800bc0d   Thumb Code    96  os_task.o(.text)
    OSTaskRegSet                             0x0800bc6d   Thumb Code    86  os_task.o(.text)
    OS_TaskResume                            0x0800bcc3   Thumb Code   398  os_task.o(.text)
    OSTaskResume                             0x0800be51   Thumb Code   124  os_task.o(.text)
    OSTaskSemPend                            0x0800becd   Thumb Code   578  os_task.o(.text)
    OSTaskSemPendAbort                       0x0800c10f   Thumb Code   342  os_task.o(.text)
    OS_TaskSemPost                           0x0800c265   Thumb Code  1438  os_task.o(.text)
    OSTaskSemPost                            0x0800c803   Thumb Code    98  os_task.o(.text)
    OSTaskSemSet                             0x0800c865   Thumb Code    88  os_task.o(.text)
    OSTaskStkChk                             0x0800c8bd   Thumb Code   220  os_task.o(.text)
    OS_TaskSuspend                           0x0800c999   Thumb Code   414  os_task.o(.text)
    OSTaskSuspend                            0x0800cb37   Thumb Code    78  os_task.o(.text)
    OSTaskTimeQuantaSet                      0x0800cb85   Thumb Code   104  os_task.o(.text)
    OS_TaskInit                              0x0800cbed   Thumb Code    18  os_task.o(.text)
    OS_TaskReturn                            0x0800cbff   Thumb Code    20  os_task.o(.text)
    OS_TickListRemove                        0x0800cc39   Thumb Code    56  os_tick.o(.text)
    OS_TickListUpdate                        0x0800cc71   Thumb Code   520  os_tick.o(.text)
    OS_TickTask                              0x0800ce79   Thumb Code    38  os_tick.o(.text)
    OS_TickListInit                          0x0800ce9f   Thumb Code    32  os_tick.o(.text)
    OS_TickTaskInit                          0x0800cebf   Thumb Code   130  os_tick.o(.text)
    OS_TickListInsert                        0x0800cf41   Thumb Code   502  os_tick.o(.text)
    OS_TickListResetPeak                     0x0800d137   Thumb Code    28  os_tick.o(.text)
    OSTimeDly                                0x0800d15d   Thumb Code   322  os_time.o(.text)
    OSTimeDlyHMSM                            0x0800d29f   Thumb Code   538  os_time.o(.text)
    OSTimeDlyResume                          0x0800d4b9   Thumb Code   570  os_time.o(.text)
    OSTimeGet                                0x0800d6f3   Thumb Code    54  os_time.o(.text)
    OSTimeSet                                0x0800d729   Thumb Code    54  os_time.o(.text)
    OSTimeTick                               0x0800d75f   Thumb Code    54  os_time.o(.text)
    OS_TmrDbgListAdd                         0x0800d7a9   Thumb Code    34  os_tmr.o(.text)
    OSTmrCreate                              0x0800d7cb   Thumb Code   286  os_tmr.o(.text)
    OS_TmrClr                                0x0800d8e9   Thumb Code    36  os_tmr.o(.text)
    OS_TmrUnlink                             0x0800d90d   Thumb Code    72  os_tmr.o(.text)
    OS_TmrDbgListRemove                      0x0800d955   Thumb Code    44  os_tmr.o(.text)
    OSTmrDel                                 0x0800d981   Thumb Code   182  os_tmr.o(.text)
    OSTmrRemainGet                           0x0800da37   Thumb Code   188  os_tmr.o(.text)
    OS_TmrLink                               0x0800daf3   Thumb Code   242  os_tmr.o(.text)
    OSTmrStart                               0x0800dbe5   Thumb Code   170  os_tmr.o(.text)
    OSTmrStateGet                            0x0800dc8f   Thumb Code   142  os_tmr.o(.text)
    OSTmrStop                                0x0800dd1d   Thumb Code   246  os_tmr.o(.text)
    OS_TmrTask                               0x0800de13   Thumb Code   176  os_tmr.o(.text)
    OS_TmrInit                               0x0800dec3   Thumb Code   208  os_tmr.o(.text)
    OS_TmrResetPeak                          0x0800df93   Thumb Code    28  os_tmr.o(.text)
    OSIdleTaskHook                           0x0800e00d   Thumb Code    16  os_cpu_c.o(.text)
    OSInitHook                               0x0800e01d   Thumb Code    42  os_cpu_c.o(.text)
    OSStatTaskHook                           0x0800e047   Thumb Code    16  os_cpu_c.o(.text)
    OSTaskCreateHook                         0x0800e057   Thumb Code    20  os_cpu_c.o(.text)
    OSTaskDelHook                            0x0800e06b   Thumb Code    20  os_cpu_c.o(.text)
    OSTaskReturnHook                         0x0800e07f   Thumb Code    20  os_cpu_c.o(.text)
    OSTaskStkInit                            0x0800e093   Thumb Code   188  os_cpu_c.o(.text)
    OSTaskSwHook                             0x0800e14f   Thumb Code   146  os_cpu_c.o(.text)
    OSTimeTickHook                           0x0800e1e1   Thumb Code    16  os_cpu_c.o(.text)
    OS_CPU_SysTickHandler                    0x0800e1f1   Thumb Code    60  os_cpu_c.o(.text)
    OS_CPU_SysTickInit                       0x0800e22d   Thumb Code    44  os_cpu_c.o(.text)
    USART3_Init                              0x0800e299   Thumb Code   158  esp8266_drive.o(.text)
    USART3_IRQHandler                        0x0800e337   Thumb Code   134  esp8266_drive.o(.text)
    USART2_Init                              0x0800e3bd   Thumb Code   154  esp8266_drive.o(.text)
    USART2_IRQHandler                        0x0800e457   Thumb Code   150  esp8266_drive.o(.text)
    ESP8266_Init                             0x0800e4ed   Thumb Code    78  esp8266_drive.o(.text)
    ESP8266_Send_AT_Cmd                      0x0800e53b   Thumb Code   164  esp8266_drive.o(.text)
    ESP8266_Rst                              0x0800e5df   Thumb Code    28  esp8266_drive.o(.text)
    ESP8266_AT_Test                          0x0800e5fb   Thumb Code    56  esp8266_drive.o(.text)
    ESP8266_Net_Mode_Choose                  0x0800e633   Thumb Code    68  esp8266_drive.o(.text)
    ESP8266_JoinAP                           0x0800e677   Thumb Code    38  esp8266_drive.o(.text)
    ESP8266_Enable_MultipleId                0x0800e69d   Thumb Code   180  esp8266_drive.o(.text)
    ESP8266_Link_Server                      0x0800e751   Thumb Code   112  esp8266_drive.o(.text)
    ESP8266_UnvarnishSend                    0x0800e7c1   Thumb Code    42  esp8266_drive.o(.text)
    ESP8266_SendString                       0x0800e7eb   Thumb Code   102  esp8266_drive.o(.text)
    ESP8266_ExitUnvarnishSend                0x0800e851   Thumb Code    28  esp8266_drive.o(.text)
    ESP8266_Get_LinkStatus                   0x0800e86d   Thumb Code    66  esp8266_drive.o(.text)
    USART_printf                             0x0800e9ff   Thumb Code   262  esp8266_public.o(.text)
    ESP8266_STA_TCPClient_Test_Init          0x0800eb05   Thumb Code    90  sta_tcpclent_test.o(.text)
    ESP8266_STA_TCPClient_Test_Send          0x0800eb5f   Thumb Code   274  sta_tcpclent_test.o(.text)
    ESP8266_STA_TCPClient_Test               0x0800ec71   Thumb Code   282  sta_tcpclent_test.o(.text)
    __aeabi_memset                           0x0800ee71   Thumb Code    14  memseta.o(.text)
    __aeabi_memset4                          0x0800ee71   Thumb Code     0  memseta.o(.text)
    __aeabi_memset8                          0x0800ee71   Thumb Code     0  memseta.o(.text)
    __aeabi_memclr                           0x0800ee7f   Thumb Code     4  memseta.o(.text)
    __aeabi_memclr4                          0x0800ee7f   Thumb Code     0  memseta.o(.text)
    __aeabi_memclr8                          0x0800ee7f   Thumb Code     0  memseta.o(.text)
    _memset$wrapper                          0x0800ee83   Thumb Code    18  memseta.o(.text)
    strstr                                   0x0800ee95   Thumb Code    36  strstr.o(.text)
    strncpy                                  0x0800eeb9   Thumb Code    24  strncpy.o(.text)
    strlen                                   0x0800eed1   Thumb Code    14  strlen.o(.text)
    strncmp                                  0x0800eedf   Thumb Code    30  strncmp.o(.text)
    __aeabi_dadd                             0x0800eefd   Thumb Code   322  dadd.o(.text)
    __aeabi_dsub                             0x0800f03f   Thumb Code     6  dadd.o(.text)
    __aeabi_drsub                            0x0800f045   Thumb Code     6  dadd.o(.text)
    __aeabi_dmul                             0x0800f04b   Thumb Code   228  dmul.o(.text)
    __aeabi_ddiv                             0x0800f12f   Thumb Code   222  ddiv.o(.text)
    __aeabi_i2f                              0x0800f20d   Thumb Code    18  fflti.o(.text)
    __aeabi_ui2f                             0x0800f21f   Thumb Code    10  ffltui.o(.text)
    __aeabi_ui2d                             0x0800f229   Thumb Code    26  dfltui.o(.text)
    __aeabi_d2iz                             0x0800f243   Thumb Code    62  dfixi.o(.text)
    __aeabi_f2d                              0x0800f281   Thumb Code    38  f2d.o(.text)
    __aeabi_cdcmpeq                          0x0800f2a9   Thumb Code     0  cdcmple.o(.text)
    __aeabi_cdcmple                          0x0800f2a9   Thumb Code    48  cdcmple.o(.text)
    __aeabi_cdrcmple                         0x0800f2d9   Thumb Code    48  cdrcmple.o(.text)
    __aeabi_cfcmpeq                          0x0800f309   Thumb Code     0  cfcmple.o(.text)
    __aeabi_cfcmple                          0x0800f309   Thumb Code    20  cfcmple.o(.text)
    __aeabi_cfrcmple                         0x0800f31d   Thumb Code    20  cfrcmple.o(.text)
    __aeabi_uidiv                            0x0800f331   Thumb Code     0  uidiv.o(.text)
    __aeabi_uidivmod                         0x0800f331   Thumb Code    44  uidiv.o(.text)
    __aeabi_uldivmod                         0x0800f35d   Thumb Code    98  uldiv.o(.text)
    __aeabi_llsl                             0x0800f3bf   Thumb Code    30  llshl.o(.text)
    _ll_shift_l                              0x0800f3bf   Thumb Code     0  llshl.o(.text)
    __aeabi_llsr                             0x0800f3dd   Thumb Code    32  llushr.o(.text)
    _ll_ushift_r                             0x0800f3dd   Thumb Code     0  llushr.o(.text)
    __aeabi_lasr                             0x0800f3fd   Thumb Code    36  llsshr.o(.text)
    _ll_sshift_r                             0x0800f3fd   Thumb Code     0  llsshr.o(.text)
    __strtof_int                             0x0800f421   Thumb Code    26  strtof.o(.text)
    __I$use$fp                               0x0800f43b   Thumb Code     0  iusefp.o(.text)
    _float_round                             0x0800f43b   Thumb Code    18  fepilogue.o(.text)
    _float_epilogue                          0x0800f44d   Thumb Code    92  fepilogue.o(.text)
    _double_round                            0x0800f4a9   Thumb Code    30  depilogue.o(.text)
    _double_epilogue                         0x0800f4c7   Thumb Code   156  depilogue.o(.text)
    __aeabi_d2ulz                            0x0800f563   Thumb Code    48  dfixul.o(.text)
    __scatterload                            0x0800f595   Thumb Code    28  init.o(.text)
    __scatterload_rt2                        0x0800f595   Thumb Code     0  init.o(.text)
    __strtod_int                             0x0800f5ef   Thumb Code    90  strtod.o(.text)
    isspace                                  0x0800f655   Thumb Code    10  isspace_c.o(.text)
    _scanf_real                              0x0800f789   Thumb Code     0  scanf_fp.o(.text)
    _scanf_really_real                       0x0800f789   Thumb Code   556  scanf_fp.o(.text)
    _sgetc                                   0x0800f9c1   Thumb Code    30  _sgetc.o(.text)
    _sbackspace                              0x0800f9df   Thumb Code    34  _sgetc.o(.text)
    __aeabi_d2f                              0x0800fa01   Thumb Code    56  d2f.o(.text)
    __fp_status                              0x0800fa39   Thumb Code     4  fpstat.o(.text)
    __ieee_status                            0x0800fa39   Thumb Code     0  fpstat.o(.text)
    __ctype_lookup                           0x0800fa3d   Thumb Code    34  ctype_c.o(.text)
    __ARM_scalbn                             0x0800fa65   Thumb Code    46  dscalb.o(.text)
    scalbn                                   0x0800fa65   Thumb Code     0  dscalb.o(.text)
    __aeabi_ul2d                             0x0800fa93   Thumb Code    24  dfltul.o(.text)
    __decompress                             0x0800faab   Thumb Code     0  __dczerorl2.o(.text)
    __decompress1                            0x0800faab   Thumb Code    86  __dczerorl2.o(.text)
    OSStartHighRdy                           0x0800fb01   Thumb Code     0  os_cpu_a.o(CODE)
    OS_CPU_PendSVHandler                     0x0800fb23   Thumb Code     0  os_cpu_a.o(CODE)
    __0printf                                0x0800fb85   Thumb Code    22  printfa.o(i.__0printf)
    __1printf                                0x0800fb85   Thumb Code     0  printfa.o(i.__0printf)
    __2printf                                0x0800fb85   Thumb Code     0  printfa.o(i.__0printf)
    __c89printf                              0x0800fb85   Thumb Code     0  printfa.o(i.__0printf)
    printf                                   0x0800fb85   Thumb Code     0  printfa.o(i.__0printf)
    __0sprintf                               0x0800fba5   Thumb Code    34  printfa.o(i.__0sprintf)
    __1sprintf                               0x0800fba5   Thumb Code     0  printfa.o(i.__0sprintf)
    __2sprintf                               0x0800fba5   Thumb Code     0  printfa.o(i.__0sprintf)
    __c89sprintf                             0x0800fba5   Thumb Code     0  printfa.o(i.__0sprintf)
    sprintf                                  0x0800fba5   Thumb Code     0  printfa.o(i.__0sprintf)
    __mathlib_narrow                         0x0800fbcd   Thumb Code    16  narrow.o(i.__mathlib_narrow)
    __mathlib_tofloat                        0x0800fbdd   Thumb Code   184  narrow.o(i.__mathlib_tofloat)
    __scatterload_copy                       0x0800fc99   Thumb Code    14  handlers.o(i.__scatterload_copy)
    __scatterload_null                       0x0800fca7   Thumb Code     2  handlers.o(i.__scatterload_null)
    __scatterload_zeroinit                   0x0800fca9   Thumb Code    14  handlers.o(i.__scatterload_zeroinit)
    __set_errno                              0x0800fcb9   Thumb Code     6  errno.o(i.__set_errno)
    _is_digit                                0x0800fe49   Thumb Code    14  scanf_fp.o(i._is_digit)
    frexp                                    0x08010591   Thumb Code    80  frexp.o(i.frexp)
    malloc                                   0x080105e9   Thumb Code    92  malloc.o(i.malloc)
    strtof                                   0x08010655   Thumb Code    20  strtof.o(i.strtof)
    OSCfg_IdleTaskStkBasePtr                 0x080107fc   Data           4  os_cfg_app.o(.constdata)
    OSCfg_IdleTaskStkLimit                   0x08010800   Data           4  os_cfg_app.o(.constdata)
    OSCfg_IdleTaskStkSize                    0x08010804   Data           4  os_cfg_app.o(.constdata)
    OSCfg_IdleTaskStkSizeRAM                 0x08010808   Data           4  os_cfg_app.o(.constdata)
    OSCfg_IntQBasePtr                        0x0801080c   Data           4  os_cfg_app.o(.constdata)
    OSCfg_IntQSize                           0x08010810   Data           2  os_cfg_app.o(.constdata)
    OSCfg_IntQSizeRAM                        0x08010814   Data           4  os_cfg_app.o(.constdata)
    OSCfg_IntQTaskStkBasePtr                 0x08010818   Data           4  os_cfg_app.o(.constdata)
    OSCfg_IntQTaskStkLimit                   0x0801081c   Data           4  os_cfg_app.o(.constdata)
    OSCfg_IntQTaskStkSize                    0x08010820   Data           4  os_cfg_app.o(.constdata)
    OSCfg_IntQTaskStkSizeRAM                 0x08010824   Data           4  os_cfg_app.o(.constdata)
    OSCfg_ISRStkBasePtr                      0x08010828   Data           4  os_cfg_app.o(.constdata)
    OSCfg_ISRStkSize                         0x0801082c   Data           4  os_cfg_app.o(.constdata)
    OSCfg_ISRStkSizeRAM                      0x08010830   Data           4  os_cfg_app.o(.constdata)
    OSCfg_MsgPoolSize                        0x08010834   Data           2  os_cfg_app.o(.constdata)
    OSCfg_MsgPoolSizeRAM                     0x08010838   Data           4  os_cfg_app.o(.constdata)
    OSCfg_MsgPoolBasePtr                     0x0801083c   Data           4  os_cfg_app.o(.constdata)
    OSCfg_StatTaskPrio                       0x08010840   Data           1  os_cfg_app.o(.constdata)
    OSCfg_StatTaskRate_Hz                    0x08010844   Data           4  os_cfg_app.o(.constdata)
    OSCfg_StatTaskStkBasePtr                 0x08010848   Data           4  os_cfg_app.o(.constdata)
    OSCfg_StatTaskStkLimit                   0x0801084c   Data           4  os_cfg_app.o(.constdata)
    OSCfg_StatTaskStkSize                    0x08010850   Data           4  os_cfg_app.o(.constdata)
    OSCfg_StatTaskStkSizeRAM                 0x08010854   Data           4  os_cfg_app.o(.constdata)
    OSCfg_StkSizeMin                         0x08010858   Data           4  os_cfg_app.o(.constdata)
    OSCfg_TickRate_Hz                        0x0801085c   Data           4  os_cfg_app.o(.constdata)
    OSCfg_TickTaskPrio                       0x08010860   Data           1  os_cfg_app.o(.constdata)
    OSCfg_TickTaskStkBasePtr                 0x08010864   Data           4  os_cfg_app.o(.constdata)
    OSCfg_TickTaskStkLimit                   0x08010868   Data           4  os_cfg_app.o(.constdata)
    OSCfg_TickTaskStkSize                    0x0801086c   Data           4  os_cfg_app.o(.constdata)
    OSCfg_TickTaskStkSizeRAM                 0x08010870   Data           4  os_cfg_app.o(.constdata)
    OSCfg_TickWheelSize                      0x08010874   Data           2  os_cfg_app.o(.constdata)
    OSCfg_TickWheelSizeRAM                   0x08010878   Data           4  os_cfg_app.o(.constdata)
    OSCfg_TmrTaskPrio                        0x0801087c   Data           1  os_cfg_app.o(.constdata)
    OSCfg_TmrTaskRate_Hz                     0x08010880   Data           4  os_cfg_app.o(.constdata)
    OSCfg_TmrTaskStkBasePtr                  0x08010884   Data           4  os_cfg_app.o(.constdata)
    OSCfg_TmrTaskStkLimit                    0x08010888   Data           4  os_cfg_app.o(.constdata)
    OSCfg_TmrTaskStkSize                     0x0801088c   Data           4  os_cfg_app.o(.constdata)
    OSCfg_TmrTaskStkSizeRAM                  0x08010890   Data           4  os_cfg_app.o(.constdata)
    OSCfg_TmrWheelSize                       0x08010894   Data           2  os_cfg_app.o(.constdata)
    OSCfg_TmrWheelSizeRAM                    0x08010898   Data           4  os_cfg_app.o(.constdata)
    OSCfg_DataSizeRAM                        0x0801089c   Data           4  os_cfg_app.o(.constdata)
    OSDbg_DbgEn                              0x080108a0   Data           1  os_dbg.o(.constdata)
    OSDbg_ArgChkEn                           0x080108a1   Data           1  os_dbg.o(.constdata)
    OSDbg_AppHooksEn                         0x080108a2   Data           1  os_dbg.o(.constdata)
    OSDbg_EndiannessTest                     0x080108a4   Data           4  os_dbg.o(.constdata)
    OSDbg_CalledFromISRChkEn                 0x080108a8   Data           1  os_dbg.o(.constdata)
    OSDbg_FlagEn                             0x080108a9   Data           1  os_dbg.o(.constdata)
    OSDbg_FlagGrp                            0x080108ac   Data          40  os_dbg.o(.constdata)
    OSDbg_FlagDelEn                          0x080108d4   Data           1  os_dbg.o(.constdata)
    OSDbg_FlagModeClrEn                      0x080108d5   Data           1  os_dbg.o(.constdata)
    OSDbg_FlagPendAbortEn                    0x080108d6   Data           1  os_dbg.o(.constdata)
    OSDbg_FlagGrpSize                        0x080108d8   Data           2  os_dbg.o(.constdata)
    OSDbg_FlagWidth                          0x080108da   Data           2  os_dbg.o(.constdata)
    OSDbg_IntQ                               0x080108dc   Data           2  os_dbg.o(.constdata)
    OSDbg_ISRPostDeferredEn                  0x080108de   Data           1  os_dbg.o(.constdata)
    OSDbg_Mem                                0x080108e0   Data          32  os_dbg.o(.constdata)
    OSDbg_MemEn                              0x08010900   Data           1  os_dbg.o(.constdata)
    OSDbg_MemSize                            0x08010902   Data           2  os_dbg.o(.constdata)
    OSDbg_MsgEn                              0x08010904   Data           1  os_dbg.o(.constdata)
    OSDbg_MsgSize                            0x08010906   Data           2  os_dbg.o(.constdata)
    OSDbg_MsgPoolSize                        0x08010908   Data           2  os_dbg.o(.constdata)
    OSDbg_MsgQSize                           0x0801090a   Data           2  os_dbg.o(.constdata)
    OSDbg_Mutex                              0x0801090c   Data          44  os_dbg.o(.constdata)
    OSDbg_MutexEn                            0x08010938   Data           1  os_dbg.o(.constdata)
    OSDbg_MutexDelEn                         0x08010939   Data           1  os_dbg.o(.constdata)
    OSDbg_MutexPendAbortEn                   0x0801093a   Data           1  os_dbg.o(.constdata)
    OSDbg_MutexSize                          0x0801093c   Data           2  os_dbg.o(.constdata)
    OSDbg_ObjTypeChkEn                       0x0801093e   Data           1  os_dbg.o(.constdata)
    OSDbg_PendMultiEn                        0x0801093f   Data           1  os_dbg.o(.constdata)
    OSDbg_PendDataSize                       0x08010940   Data           2  os_dbg.o(.constdata)
    OSDbg_PendListSize                       0x08010942   Data           2  os_dbg.o(.constdata)
    OSDbg_PendObjSize                        0x08010944   Data           2  os_dbg.o(.constdata)
    OSDbg_PrioMax                            0x08010946   Data           2  os_dbg.o(.constdata)
    OSDbg_PrioTblSize                        0x08010948   Data           2  os_dbg.o(.constdata)
    OSDbg_PtrSize                            0x0801094a   Data           2  os_dbg.o(.constdata)
    OSDbg_Q                                  0x0801094c   Data          48  os_dbg.o(.constdata)
    OSDbg_QEn                                0x0801097c   Data           1  os_dbg.o(.constdata)
    OSDbg_QDelEn                             0x0801097d   Data           1  os_dbg.o(.constdata)
    OSDbg_QFlushEn                           0x0801097e   Data           1  os_dbg.o(.constdata)
    OSDbg_QPendAbortEn                       0x0801097f   Data           1  os_dbg.o(.constdata)
    OSDbg_QSize                              0x08010980   Data           2  os_dbg.o(.constdata)
    OSDbg_SchedRoundRobinEn                  0x08010982   Data           1  os_dbg.o(.constdata)
    OSDbg_Sem                                0x08010984   Data          40  os_dbg.o(.constdata)
    OSDbg_SemEn                              0x080109ac   Data           1  os_dbg.o(.constdata)
    OSDbg_SemDelEn                           0x080109ad   Data           1  os_dbg.o(.constdata)
    OSDbg_SemPendAbortEn                     0x080109ae   Data           1  os_dbg.o(.constdata)
    OSDbg_SemSetEn                           0x080109af   Data           1  os_dbg.o(.constdata)
    OSDbg_SemSize                            0x080109b0   Data           2  os_dbg.o(.constdata)
    OSDbg_RdyList                            0x080109b2   Data           2  os_dbg.o(.constdata)
    OSDbg_RdyListSize                        0x080109b4   Data           4  os_dbg.o(.constdata)
    OSDbg_StkWidth                           0x080109b8   Data           1  os_dbg.o(.constdata)
    OSDbg_StatTaskEn                         0x080109b9   Data           1  os_dbg.o(.constdata)
    OSDbg_StatTaskStkChkEn                   0x080109ba   Data           1  os_dbg.o(.constdata)
    OSDbg_TaskChangePrioEn                   0x080109bb   Data           1  os_dbg.o(.constdata)
    OSDbg_TaskDelEn                          0x080109bc   Data           1  os_dbg.o(.constdata)
    OSDbg_TaskQEn                            0x080109bd   Data           1  os_dbg.o(.constdata)
    OSDbg_TaskQPendAbortEn                   0x080109be   Data           1  os_dbg.o(.constdata)
    OSDbg_TaskProfileEn                      0x080109bf   Data           1  os_dbg.o(.constdata)
    OSDbg_TaskRegTblSize                     0x080109c0   Data           2  os_dbg.o(.constdata)
    OSDbg_TaskSemPendAbortEn                 0x080109c2   Data           1  os_dbg.o(.constdata)
    OSDbg_TaskSuspendEn                      0x080109c3   Data           1  os_dbg.o(.constdata)
    OSDbg_TCBSize                            0x080109c4   Data           2  os_dbg.o(.constdata)
    OSDbg_TickSpokeSize                      0x080109c6   Data           2  os_dbg.o(.constdata)
    OSDbg_TimeDlyHMSMEn                      0x080109c8   Data           1  os_dbg.o(.constdata)
    OSDbg_TimeDlyResumeEn                    0x080109c9   Data           1  os_dbg.o(.constdata)
    OSDbg_TLS_TblSize                        0x080109ca   Data           2  os_dbg.o(.constdata)
    OSDbg_Tmr                                0x080109cc   Data          52  os_dbg.o(.constdata)
    OSDbg_TmrEn                              0x08010a00   Data           1  os_dbg.o(.constdata)
    OSDbg_TmrDelEn                           0x08010a01   Data           1  os_dbg.o(.constdata)
    OSDbg_TmrSize                            0x08010a02   Data           2  os_dbg.o(.constdata)
    OSDbg_TmrSpokeSize                       0x08010a04   Data           2  os_dbg.o(.constdata)
    OSDbg_VersionNbr                         0x08010a06   Data           2  os_dbg.o(.constdata)
    OSDbg_DataSize                           0x08010a08   Data           4  os_dbg.o(.constdata)
    __ctype_categories                       0x08010a0c   Data          64  ctype_c.o(.constdata)
    Region$$Table$$Base                      0x08010a4c   Number         0  anon$$obj.o(Region$$Table)
    Region$$Table$$Limit                     0x08010a6c   Number         0  anon$$obj.o(Region$$Table)
    temh                                     0x20000000   Data           4  main.o(.data)
    teml                                     0x20000004   Data           4  main.o(.data)
    humh                                     0x20000008   Data           4  main.o(.data)
    huml                                     0x2000000c   Data           4  main.o(.data)
    brih                                     0x20000010   Data           4  main.o(.data)
    bril                                     0x20000014   Data           4  main.o(.data)
    SystemCoreClock                          0x20000018   Data           4  system_stm32f10x.o(.data)
    AHBPrescTable                            0x2000001c   Data          16  system_stm32f10x.o(.data)
    __stdout                                 0x20000048   Data           4  usart.o(.data)
    Mem_PoolTbl                              0x2000004c   Data           4  lib_mem.o(.data)
    CPU_TS_TmrFreq_Hz                        0x20000050   Data           4  cpu_core.o(.data)
    CPU_IntDisMeasCtr                        0x20000054   Data           2  cpu_core.o(.data)
    CPU_IntDisNestCtr                        0x20000056   Data           2  cpu_core.o(.data)
    CPU_IntDisMeasStart_cnts                 0x20000058   Data           4  cpu_core.o(.data)
    CPU_IntDisMeasStop_cnts                  0x2000005c   Data           4  cpu_core.o(.data)
    CPU_IntDisMeasOvrhd_cnts                 0x20000060   Data           4  cpu_core.o(.data)
    CPU_IntDisMeasMaxCur_cnts                0x20000064   Data           4  cpu_core.o(.data)
    CPU_IntDisMeasMax_cnts                   0x20000068   Data           4  cpu_core.o(.data)
    OSPrioTbl                                0x2000006c   Data           4  os_prio.o(.data)
    OS_AppTaskCreateHookPtr                  0x20000070   Data           4  os_var.o(.data)
    OS_AppTaskDelHookPtr                     0x20000074   Data           4  os_var.o(.data)
    OS_AppTaskReturnHookPtr                  0x20000078   Data           4  os_var.o(.data)
    OS_AppIdleTaskHookPtr                    0x2000007c   Data           4  os_var.o(.data)
    OS_AppStatTaskHookPtr                    0x20000080   Data           4  os_var.o(.data)
    OS_AppTaskSwHookPtr                      0x20000084   Data           4  os_var.o(.data)
    OS_AppTimeTickHookPtr                    0x20000088   Data           4  os_var.o(.data)
    OSIdleTaskCtr                            0x2000008c   Data           4  os_var.o(.data)
    OSIntNestingCtr                          0x20000090   Data           1  os_var.o(.data)
    OSIntDisTimeMax                          0x20000094   Data           4  os_var.o(.data)
    OSRunning                                0x20000098   Data           1  os_var.o(.data)
    OSIntQInPtr                              0x2000009c   Data           4  os_var.o(.data)
    OSIntQOutPtr                             0x200000a0   Data           4  os_var.o(.data)
    OSIntQNbrEntries                         0x200000a4   Data           2  os_var.o(.data)
    OSIntQNbrEntriesMax                      0x200000a6   Data           2  os_var.o(.data)
    OSIntQOvfCtr                             0x200000a8   Data           2  os_var.o(.data)
    OSIntQTaskTimeMax                        0x200000ac   Data           4  os_var.o(.data)
    OSFlagDbgListPtr                         0x200000b0   Data           4  os_var.o(.data)
    OSFlagQty                                0x200000b4   Data           2  os_var.o(.data)
    OSMemDbgListPtr                          0x200000b8   Data           4  os_var.o(.data)
    OSMemQty                                 0x200000bc   Data           2  os_var.o(.data)
    OSMutexDbgListPtr                        0x200000c0   Data           4  os_var.o(.data)
    OSMutexQty                               0x200000c4   Data           2  os_var.o(.data)
    OSPrioCur                                0x200000c6   Data           1  os_var.o(.data)
    OSPrioHighRdy                            0x200000c7   Data           1  os_var.o(.data)
    OSPrioSaved                              0x200000c8   Data           1  os_var.o(.data)
    OSQDbgListPtr                            0x200000cc   Data           4  os_var.o(.data)
    OSQQty                                   0x200000d0   Data           2  os_var.o(.data)
    OSSchedLockTimeBegin                     0x200000d4   Data           4  os_var.o(.data)
    OSSchedLockTimeMax                       0x200000d8   Data           4  os_var.o(.data)
    OSSchedLockTimeMaxCur                    0x200000dc   Data           4  os_var.o(.data)
    OSSchedLockNestingCtr                    0x200000e0   Data           1  os_var.o(.data)
    OSSchedRoundRobinDfltTimeQuanta          0x200000e4   Data           4  os_var.o(.data)
    OSSchedRoundRobinEn                      0x200000e8   Data           1  os_var.o(.data)
    OSSemDbgListPtr                          0x200000ec   Data           4  os_var.o(.data)
    OSSemQty                                 0x200000f0   Data           2  os_var.o(.data)
    OSStatResetFlag                          0x200000f2   Data           1  os_var.o(.data)
    OSStatTaskCPUUsage                       0x200000f4   Data           2  os_var.o(.data)
    OSStatTaskCPUUsageMax                    0x200000f6   Data           2  os_var.o(.data)
    OSStatTaskCtr                            0x200000f8   Data           4  os_var.o(.data)
    OSStatTaskCtrMax                         0x200000fc   Data           4  os_var.o(.data)
    OSStatTaskCtrRun                         0x20000100   Data           4  os_var.o(.data)
    OSStatTaskRdy                            0x20000104   Data           1  os_var.o(.data)
    OSStatTaskTimeMax                        0x20000108   Data           4  os_var.o(.data)
    OSTaskCtxSwCtr                           0x2000010c   Data           4  os_var.o(.data)
    OSTaskDbgListPtr                         0x20000110   Data           4  os_var.o(.data)
    OSTaskQty                                0x20000114   Data           2  os_var.o(.data)
    OSTaskRegNextAvailID                     0x20000116   Data           1  os_var.o(.data)
    OSTickCtr                                0x20000118   Data           4  os_var.o(.data)
    OSTickTaskTimeMax                        0x2000011c   Data           4  os_var.o(.data)
    OSTmrDbgListPtr                          0x20000120   Data           4  os_var.o(.data)
    OSTmrQty                                 0x20000124   Data           2  os_var.o(.data)
    OSTmrTaskTimeMax                         0x20000128   Data           4  os_var.o(.data)
    OSTmrTickCtr                             0x2000012c   Data           4  os_var.o(.data)
    OSTmrUpdateCnt                           0x20000130   Data           4  os_var.o(.data)
    OSTmrUpdateCtr                           0x20000134   Data           4  os_var.o(.data)
    OSTCBCurPtr                              0x20000138   Data           4  os_var.o(.data)
    OSTCBHighRdyPtr                          0x2000013c   Data           4  os_var.o(.data)
    OS_CPU_ExceptStkBase                     0x20000140   Data           4  os_cpu_c.o(.data)
    TcpClosedFlag                            0x20000144   Data           1  sta_tcpclent_test.o(.data)
    __microlib_freelist                      0x20000148   Data           4  mvars.o(.data)
    __microlib_freelist_initialised          0x2000014c   Data           4  mvars.o(.data)
    StartTaskTCB                             0x20000154   Data         200  main.o(.bss)
    START_TASK_STK                           0x2000021c   Data        4096  main.o(.bss)
    Led1TaskTCB                              0x2000121c   Data         200  main.o(.bss)
    LED1_TASK_STK                            0x200012e4   Data        4096  main.o(.bss)
    QUEUEWRTaskTCB                           0x200022e4   Data         200  main.o(.bss)
    QUEUEWR_TASK_STK                         0x200023ac   Data         512  main.o(.bss)
    QUEUERDTaskTCB                           0x200025ac   Data         200  main.o(.bss)
    QUEUERD_TASK_STK                         0x20002674   Data         512  main.o(.bss)
    LOWTaskTCB                               0x20002874   Data         200  main.o(.bss)
    LOW_TASK_STK                             0x2000293c   Data         512  main.o(.bss)
    DHTTaskTCB                               0x20002b3c   Data         200  main.o(.bss)
    DHT_TASK_STK                             0x20002c04   Data         512  main.o(.bss)
    HCTaskTCB                                0x20002e04   Data         200  main.o(.bss)
    HC_TASK_STK                              0x20002ecc   Data         512  main.o(.bss)
    PWMTaskTCB                               0x200030cc   Data         200  main.o(.bss)
    PWM_TASK_STK                             0x20003194   Data         512  main.o(.bss)
    LSENTaskTCB                              0x20003394   Data         200  main.o(.bss)
    LSEN_TASK_STK                            0x2000345c   Data         512  main.o(.bss)
    MQTaskTCB                                0x2000365c   Data         200  main.o(.bss)
    MQ_TASK_STK                              0x20003724   Data         512  main.o(.bss)
    TFTTaskTCB                               0x20003924   Data         200  main.o(.bss)
    TFT_TASK_STK                             0x200039ec   Data         512  main.o(.bss)
    WINTaskTCB                               0x20003bec   Data         200  main.o(.bss)
    WIN_TASK_STK                             0x20003cb4   Data         512  main.o(.bss)
    HUMTaskTCB                               0x20003eb4   Data         200  main.o(.bss)
    HUM_TASK_STK                             0x20003f7c   Data         512  main.o(.bss)
    HUM_queue                                0x2000417c   Data          48  main.o(.bss)
    WIN_queue                                0x200041ac   Data          48  main.o(.bss)
    My_queue                                 0x200041dc   Data          48  main.o(.bss)
    Hum_queue                                0x2000420c   Data          48  main.o(.bss)
    Lsen_queue                               0x2000423c   Data          48  main.o(.bss)
    Low_queue                                0x2000426c   Data          48  main.o(.bss)
    Flag_queue                               0x2000429c   Data          48  main.o(.bss)
    Lsencontrol_queue                        0x200042cc   Data          48  main.o(.bss)
    Mem_PoolHeap                             0x200042fc   Data          72  lib_mem.o(.bss)
    Mem_Heap                                 0x20004344   Data       27648  lib_mem.o(.bss)
    CPU_Name                                 0x2000af44   Data          16  cpu_core.o(.bss)
    OSCfg_IdleTaskStk                        0x2000af54   Data         512  os_cfg_app.o(.bss)
    OSCfg_IntQ                               0x2000b154   Data         320  os_cfg_app.o(.bss)
    OSCfg_IntQTaskStk                        0x2000b294   Data         512  os_cfg_app.o(.bss)
    OSCfg_ISRStk                             0x2000b494   Data         512  os_cfg_app.o(.bss)
    OSCfg_MsgPool                            0x2000b694   Data        1600  os_cfg_app.o(.bss)
    OSCfg_StatTaskStk                        0x2000bcd4   Data         512  os_cfg_app.o(.bss)
    OSCfg_TickTaskStk                        0x2000bed4   Data         512  os_cfg_app.o(.bss)
    OSCfg_TickWheel                          0x2000c0d4   Data         136  os_cfg_app.o(.bss)
    OSCfg_TmrTaskStk                         0x2000c15c   Data         512  os_cfg_app.o(.bss)
    OSCfg_TmrWheel                           0x2000c35c   Data         136  os_cfg_app.o(.bss)
    OSIdleTaskTCB                            0x2000c3e4   Data         200  os_var.o(.bss)
    OSIntQTaskTCB                            0x2000c4ac   Data         200  os_var.o(.bss)
    OSMsgPool                                0x2000c574   Data          12  os_var.o(.bss)
    OSRdyList                                0x2000c580   Data         384  os_var.o(.bss)
    OSStatTaskTCB                            0x2000c700   Data         200  os_var.o(.bss)
    OSTickTaskTCB                            0x2000c7c8   Data         200  os_var.o(.bss)
    OSTmrTaskTCB                             0x2000c890   Data         200  os_var.o(.bss)
    ESP8266_Fram_Record_Struct               0x2000c958   Data        1026  esp8266_drive.o(.bss)
    __heap_base                              0x2000cd60   Data           0  startup_stm32f10x_hd.o(HEAP)
    __heap_limit                             0x2000cf60   Data           0  startup_stm32f10x_hd.o(HEAP)
    __initial_sp                             0x2000d760   Data           0  startup_stm32f10x_hd.o(STACK)



==============================================================================

Memory Map of the image

  Image Entry point : 0x08001171

  Load Region LR_1 (Base: 0x08000000, Size: 0x00010bc0, Max: 0xffffffff, ABSOLUTE, COMPRESSED[0x00010a88])

    Execution Region ER_RO (Exec base: 0x08000000, Load base: 0x08000000, Size: 0x00010a6c, Max: 0xffffffff, ABSOLUTE)

    Exec Addr    Load Addr    Size         Type   Attr      Idx    E Section Name        Object

    0x08000000   0x08000000   0x00000130   Data   RO          275    RESET               startup_stm32f10x_hd.o
    0x08000130   0x08000130   0x00000000   Code   RO         1151  * .ARM.Collect$$$$00000000  mc_w.l(entry.o)
    0x08000130   0x08000130   0x00000004   Code   RO         1477    .ARM.Collect$$$$00000001  mc_w.l(entry2.o)
    0x08000134   0x08000134   0x00000004   Code   RO         1480    .ARM.Collect$$$$00000004  mc_w.l(entry5.o)
    0x08000138   0x08000138   0x00000000   Code   RO         1482    .ARM.Collect$$$$00000008  mc_w.l(entry7b.o)
    0x08000138   0x08000138   0x00000000   Code   RO         1484    .ARM.Collect$$$$0000000A  mc_w.l(entry8b.o)
    0x08000138   0x08000138   0x00000008   Code   RO         1485    .ARM.Collect$$$$0000000B  mc_w.l(entry9a.o)
    0x08000140   0x08000140   0x00000000   Code   RO         1487    .ARM.Collect$$$$0000000D  mc_w.l(entry10a.o)
    0x08000140   0x08000140   0x00000000   Code   RO         1489    .ARM.Collect$$$$0000000F  mc_w.l(entry11a.o)
    0x08000140   0x08000140   0x00000004   Code   RO         1478    .ARM.Collect$$$$00002712  mc_w.l(entry2.o)
    0x08000144   0x08000144   0x0000100c   Code   RO            1    .text               main.o
    0x08001150   0x08001150   0x0000001e   Code   RO          236    .text               stm32f10x_it.o
    0x0800116e   0x0800116e   0x00000002   PAD
    0x08001170   0x08001170   0x00000024   Code   RO          276  * .text               startup_stm32f10x_hd.o
    0x08001194   0x08001194   0x000001e0   Code   RO          281    .text               system_stm32f10x.o
    0x08001374   0x08001374   0x000000dc   Code   RO          328    .text               misc.o
    0x08001450   0x08001450   0x0000035c   Code   RO          340    .text               stm32f10x_gpio.o
    0x080017ac   0x080017ac   0x000003a4   Code   RO          352    .text               stm32f10x_rcc.o
    0x08001b50   0x08001b50   0x00000408   Code   RO          366    .text               stm32f10x_usart.o
    0x08001f58   0x08001f58   0x00000e1a   Code   RO          402    .text               stm32f10x_tim.o
    0x08002d72   0x08002d72   0x00000002   PAD
    0x08002d74   0x08002d74   0x0000044e   Code   RO          414    .text               stm32f10x_adc.o
    0x080031c2   0x080031c2   0x00000002   PAD
    0x080031c4   0x080031c4   0x000000f0   Code   RO          453    .text               key.o
    0x080032b4   0x080032b4   0x00000158   Code   RO          469    .text               adc_temp.o
    0x0800340c   0x0800340c   0x00000044   Code   RO          484    .text               low.o
    0x08003450   0x08003450   0x0000015c   Code   RO          499    .text               dht11.o
    0x080035ac   0x080035ac   0x000000b8   Code   RO          514    .text               unitdelay.o
    0x08003664   0x08003664   0x00000024   Code   RO          529    .text               hc-sr501.o
    0x08003688   0x08003688   0x000000a0   Code   RO          544    .text               pwm.o
    0x08003728   0x08003728   0x00000110   Code   RO          559    .text               lsen.o
    0x08003838   0x08003838   0x000000e8   Code   RO          621    .text               machine.o
    0x08003920   0x08003920   0x000000cc   Code   RO          645    .text               systick.o
    0x080039ec   0x080039ec   0x000000fc   Code   RO          662    .text               usart.o
    0x08003ae8   0x08003ae8   0x0000004c   Code   RO          684    .text               bsp.o
    0x08003b34   0x08003b34   0x00000256   Code   RO          702    .text               lib_ascii.o
    0x08003d8a   0x08003d8a   0x00000002   PAD
    0x08003d8c   0x08003d8c   0x00000f8c   Code   RO          735    .text               lib_mem.o
    0x08004d18   0x08004d18   0x00000928   Code   RO          754    .text               lib_str.o
    0x08005640   0x08005640   0x00000220   Code   RO          771    .text               lib_mem_a.o
    0x08005860   0x08005860   0x0000043c   Code   RO          774    .text               cpu_core.o
    0x08005c9c   0x08005c9c   0x00000034   Code   RO          800    .text               cpu_a.o
    0x08005cd0   0x08005cd0   0x00000002   Code   RO          815    .text               os_cfg_app.o
    0x08005cd2   0x08005cd2   0x00000002   PAD
    0x08005cd4   0x08005cd4   0x00000e50   Code   RO          838    .text               os_core.o
    0x08006b24   0x08006b24   0x000001b4   Code   RO          850    .text               os_dbg.o
    0x08006cd8   0x08006cd8   0x0000100c   Code   RO          865    .text               os_flag.o
    0x08007ce4   0x08007ce4   0x00000460   Code   RO          877    .text               os_int.o
    0x08008144   0x08008144   0x00000278   Code   RO          889    .text               os_mem.o
    0x080083bc   0x080083bc   0x00000228   Code   RO          901    .text               os_msg.o
    0x080085e4   0x080085e4   0x00000c40   Code   RO          913    .text               os_mutex.o
    0x08009224   0x08009224   0x0000007c   Code   RO          937    .text               os_prio.o
    0x080092a0   0x080092a0   0x00000a00   Code   RO          956    .text               os_q.o
    0x08009ca0   0x08009ca0   0x00000934   Code   RO          968    .text               os_sem.o
    0x0800a5d4   0x0800a5d4   0x000006dc   Code   RO          980    .text               os_stat.o
    0x0800acb0   0x0800acb0   0x00001f88   Code   RO          992    .text               os_task.o
    0x0800cc38   0x0800cc38   0x00000524   Code   RO         1004    .text               os_tick.o
    0x0800d15c   0x0800d15c   0x0000064c   Code   RO         1016    .text               os_time.o
    0x0800d7a8   0x0800d7a8   0x00000864   Code   RO         1028    .text               os_tmr.o
    0x0800e00c   0x0800e00c   0x0000028c   Code   RO         1057    .text               os_cpu_c.o
    0x0800e298   0x0800e298   0x00000704   Code   RO         1090    .text               esp8266_drive.o
    0x0800e99c   0x0800e99c   0x00000168   Code   RO         1111    .text               esp8266_public.o
    0x0800eb04   0x0800eb04   0x0000036c   Code   RO         1129    .text               sta_tcpclent_test.o
    0x0800ee70   0x0800ee70   0x00000024   Code   RO         1154    .text               mc_w.l(memseta.o)
    0x0800ee94   0x0800ee94   0x00000024   Code   RO         1156    .text               mc_w.l(strstr.o)
    0x0800eeb8   0x0800eeb8   0x00000018   Code   RO         1158    .text               mc_w.l(strncpy.o)
    0x0800eed0   0x0800eed0   0x0000000e   Code   RO         1160    .text               mc_w.l(strlen.o)
    0x0800eede   0x0800eede   0x0000001e   Code   RO         1162    .text               mc_w.l(strncmp.o)
    0x0800eefc   0x0800eefc   0x0000014e   Code   RO         1453    .text               mf_w.l(dadd.o)
    0x0800f04a   0x0800f04a   0x000000e4   Code   RO         1455    .text               mf_w.l(dmul.o)
    0x0800f12e   0x0800f12e   0x000000de   Code   RO         1457    .text               mf_w.l(ddiv.o)
    0x0800f20c   0x0800f20c   0x00000012   Code   RO         1459    .text               mf_w.l(fflti.o)
    0x0800f21e   0x0800f21e   0x0000000a   Code   RO         1461    .text               mf_w.l(ffltui.o)
    0x0800f228   0x0800f228   0x0000001a   Code   RO         1463    .text               mf_w.l(dfltui.o)
    0x0800f242   0x0800f242   0x0000003e   Code   RO         1465    .text               mf_w.l(dfixi.o)
    0x0800f280   0x0800f280   0x00000026   Code   RO         1467    .text               mf_w.l(f2d.o)
    0x0800f2a6   0x0800f2a6   0x00000002   PAD
    0x0800f2a8   0x0800f2a8   0x00000030   Code   RO         1469    .text               mf_w.l(cdcmple.o)
    0x0800f2d8   0x0800f2d8   0x00000030   Code   RO         1471    .text               mf_w.l(cdrcmple.o)
    0x0800f308   0x0800f308   0x00000014   Code   RO         1473    .text               mf_w.l(cfcmple.o)
    0x0800f31c   0x0800f31c   0x00000014   Code   RO         1475    .text               mf_w.l(cfrcmple.o)
    0x0800f330   0x0800f330   0x0000002c   Code   RO         1491    .text               mc_w.l(uidiv.o)
    0x0800f35c   0x0800f35c   0x00000062   Code   RO         1493    .text               mc_w.l(uldiv.o)
    0x0800f3be   0x0800f3be   0x0000001e   Code   RO         1495    .text               mc_w.l(llshl.o)
    0x0800f3dc   0x0800f3dc   0x00000020   Code   RO         1497    .text               mc_w.l(llushr.o)
    0x0800f3fc   0x0800f3fc   0x00000024   Code   RO         1499    .text               mc_w.l(llsshr.o)
    0x0800f420   0x0800f420   0x0000001a   Code   RO         1507    .text               mc_w.l(strtof.o)
    0x0800f43a   0x0800f43a   0x00000000   Code   RO         1509    .text               mc_w.l(iusefp.o)
    0x0800f43a   0x0800f43a   0x0000006e   Code   RO         1510    .text               mf_w.l(fepilogue.o)
    0x0800f4a8   0x0800f4a8   0x000000ba   Code   RO         1512    .text               mf_w.l(depilogue.o)
    0x0800f562   0x0800f562   0x00000030   Code   RO         1514    .text               mf_w.l(dfixul.o)
    0x0800f592   0x0800f592   0x00000002   PAD
    0x0800f594   0x0800f594   0x00000024   Code   RO         1522    .text               mc_w.l(init.o)
    0x0800f5b8   0x0800f5b8   0x0000009c   Code   RO         1524    .text               mc_w.l(strtod.o)
    0x0800f654   0x0800f654   0x0000000a   Code   RO         1530    .text               mc_w.l(isspace_c.o)
    0x0800f65e   0x0800f65e   0x00000002   PAD
    0x0800f660   0x0800f660   0x00000360   Code   RO         1539    .text               mc_w.l(scanf_fp.o)
    0x0800f9c0   0x0800f9c0   0x00000040   Code   RO         1543    .text               mc_w.l(_sgetc.o)
    0x0800fa00   0x0800fa00   0x00000038   Code   RO         1545    .text               mf_w.l(d2f.o)
    0x0800fa38   0x0800fa38   0x00000004   Code   RO         1547    .text               mf_w.l(fpstat.o)
    0x0800fa3c   0x0800fa3c   0x00000028   Code   RO         1549    .text               mc_w.l(ctype_c.o)
    0x0800fa64   0x0800fa64   0x0000002e   Code   RO         1552    .text               mf_w.l(dscalb.o)
    0x0800fa92   0x0800fa92   0x00000018   Code   RO         1554    .text               mf_w.l(dfltul.o)
    0x0800faaa   0x0800faaa   0x00000056   Code   RO         1564    .text               mc_w.l(__dczerorl2.o)
    0x0800fb00   0x0800fb00   0x00000084   Code   RO         1054    CODE                os_cpu_a.o
    0x0800fb84   0x0800fb84   0x00000020   Code   RO         1397    i.__0printf         mc_w.l(printfa.o)
    0x0800fba4   0x0800fba4   0x00000028   Code   RO         1399    i.__0sprintf        mc_w.l(printfa.o)
    0x0800fbcc   0x0800fbcc   0x00000010   Code   RO         1516    i.__mathlib_narrow  m_ws.l(narrow.o)
    0x0800fbdc   0x0800fbdc   0x000000bc   Code   RO         1517    i.__mathlib_tofloat  m_ws.l(narrow.o)
    0x0800fc98   0x0800fc98   0x0000000e   Code   RO         1558    i.__scatterload_copy  mc_w.l(handlers.o)
    0x0800fca6   0x0800fca6   0x00000002   Code   RO         1559    i.__scatterload_null  mc_w.l(handlers.o)
    0x0800fca8   0x0800fca8   0x0000000e   Code   RO         1560    i.__scatterload_zeroinit  mc_w.l(handlers.o)
    0x0800fcb6   0x0800fcb6   0x00000002   PAD
    0x0800fcb8   0x0800fcb8   0x0000000c   Code   RO         1534    i.__set_errno       mc_w.l(errno.o)
    0x0800fcc4   0x0800fcc4   0x00000184   Code   RO         1404    i._fp_digits        mc_w.l(printfa.o)
    0x0800fe48   0x0800fe48   0x0000000e   Code   RO         1541    i._is_digit         mc_w.l(scanf_fp.o)
    0x0800fe56   0x0800fe56   0x00000002   PAD
    0x0800fe58   0x0800fe58   0x000006dc   Code   RO         1405    i._printf_core      mc_w.l(printfa.o)
    0x08010534   0x08010534   0x00000024   Code   RO         1406    i._printf_post_padding  mc_w.l(printfa.o)
    0x08010558   0x08010558   0x0000002e   Code   RO         1407    i._printf_pre_padding  mc_w.l(printfa.o)
    0x08010586   0x08010586   0x0000000a   Code   RO         1409    i._sputc            mc_w.l(printfa.o)
    0x08010590   0x08010590   0x00000058   Code   RO         1527    i.frexp             m_ws.l(frexp.o)
    0x080105e8   0x080105e8   0x0000006c   Code   RO         1426    i.malloc            mc_w.l(malloc.o)
    0x08010654   0x08010654   0x00000014   Code   RO         1148    i.strtof            m_ws.l(strtof.o)
    0x08010668   0x08010668   0x00000094   Data   RO          755    .constdata          lib_str.o
    0x080106fc   0x080106fc   0x00000100   Data   RO          776    .constdata          cpu_core.o
    0x080107fc   0x080107fc   0x000000a4   Data   RO          817    .constdata          os_cfg_app.o
    0x080108a0   0x080108a0   0x0000016c   Data   RO          851    .constdata          os_dbg.o
    0x08010a0c   0x08010a0c   0x00000040   Data   RO         1550    .constdata          mc_w.l(ctype_c.o)
    0x08010a4c   0x08010a4c   0x00000020   Data   RO         1556    Region$$Table       anon$$obj.o


    Execution Region ER_RW (Exec base: 0x20000000, Load base: 0x08010a6c, Size: 0x00000154, Max: 0xffffffff, ABSOLUTE, COMPRESSED[0x0000001c])

    Exec Addr    Load Addr    Size         Type   Attr      Idx    E Section Name        Object

    0x20000000   COMPRESSED   0x00000018   Data   RW            3    .data               main.o
    0x20000018   COMPRESSED   0x00000014   Data   RW          282    .data               system_stm32f10x.o
    0x2000002c   COMPRESSED   0x00000014   Data   RW          353    .data               stm32f10x_rcc.o
    0x20000040   COMPRESSED   0x00000001   Data   RW          454    .data               key.o
    0x20000041   COMPRESSED   0x00000001   PAD
    0x20000042   COMPRESSED   0x00000004   Data   RW          646    .data               systick.o
    0x20000046   COMPRESSED   0x00000002   PAD
    0x20000048   COMPRESSED   0x00000004   Data   RW          663    .data               usart.o
    0x2000004c   COMPRESSED   0x00000004   Data   RW          737    .data               lib_mem.o
    0x20000050   COMPRESSED   0x0000001c   Data   RW          777    .data               cpu_core.o
    0x2000006c   COMPRESSED   0x00000004   Data   RW          938    .data               os_prio.o
    0x20000070   COMPRESSED   0x000000d0   Data   RW         1041    .data               os_var.o
    0x20000140   COMPRESSED   0x00000004   Data   RW         1058    .data               os_cpu_c.o
    0x20000144   COMPRESSED   0x00000001   Data   RW         1130    .data               sta_tcpclent_test.o
    0x20000145   COMPRESSED   0x00000003   PAD
    0x20000148   COMPRESSED   0x00000004   Data   RW         1505    .data               mc_w.l(mvars.o)
    0x2000014c   COMPRESSED   0x00000004   Data   RW         1506    .data               mc_w.l(mvars.o)
    0x20000150   COMPRESSED   0x00000004   Data   RW         1535    .data               mc_w.l(errno.o)


    Execution Region ER_ZI (Exec base: 0x20000154, Load base: 0x08010a88, Size: 0x0000d60c, Max: 0xffffffff, ABSOLUTE)

    Exec Addr    Load Addr    Size         Type   Attr      Idx    E Section Name        Object

    0x20000154        -       0x000041a8   Zero   RW            2    .bss                main.o
    0x200042fc        -       0x00006c48   Zero   RW          736    .bss                lib_mem.o
    0x2000af44        -       0x00000010   Zero   RW          775    .bss                cpu_core.o
    0x2000af54        -       0x00001490   Zero   RW          816    .bss                os_cfg_app.o
    0x2000c3e4        -       0x00000574   Zero   RW         1040    .bss                os_var.o
    0x2000c958        -       0x00000402   Zero   RW         1091    .bss                esp8266_drive.o
    0x2000cd5a   0x08010a88   0x00000006   PAD
    0x2000cd60        -       0x00000200   Zero   RW          274    HEAP                startup_stm32f10x_hd.o
    0x2000cf60        -       0x00000800   Zero   RW          273    STACK               startup_stm32f10x_hd.o


==============================================================================

Image component sizes


      Code (inc. data)   RO Data    RW Data    ZI Data      Debug   Object Name

       344         34          0          0          0       1170   adc_temp.o
        76          8          0          0          0       1003   bsp.o
        52          0          0          0          0        320   cpu_a.o
      1084         42        256         28         16      16421   cpu_core.o
       348          4          0          0          0       2087   dht11.o
      1796        372          0          0       1026       6703   esp8266_drive.o
       360          0          0          0          0       2371   esp8266_public.o
        36          4          0          0          0        478   hc-sr501.o
       240         22          0          1          0        836   key.o
       598          0          0          0          0       3880   lib_ascii.o
      3980         62          0          4      27720      25184   lib_mem.o
       544          0          0          0          0        468   lib_mem_a.o
      2344          4        148          0          0      13794   lib_str.o
        68          6          0          0          0        688   low.o
       272          8          0          0          0       1129   lsen.o
       232         14          0          0          0       1385   machine.o
      4108        744          0         24      16808     311494   main.o
       220         22          0          0          0       1897   misc.o
         2          0        164          0       5264      20910   os_cfg_app.o
      3664        294          0          0          0      12553   os_core.o
       132         32          0          0          0        368   os_cpu_a.o
       652         64          0          4          0       3857   os_cpu_c.o
       436        286        364          0          0       4773   os_dbg.o
      4108        110          0          0          0       8487   os_flag.o
      1120        146          0          0          0       2364   os_int.o
       632         22          0          0          0       2816   os_mem.o
       552         14          0          0          0       2662   os_msg.o
      3136        114          0          0          0       5898   os_mutex.o
       124          4          0          4          0       1744   os_prio.o
      2560         82          0          0          0       6588   os_q.o
      2356         72          0          0          0       6584   os_sem.o
      1756        190          0          0          0       2957   os_stat.o
      8072        282          0          0          0      15090   os_task.o
      1316         90          0          0          0       3329   os_tick.o
      1612         44          0          0          0       3493   os_time.o
      2148        140          0          0          0       6734   os_tmr.o
         0          0          0        208       1396      19473   os_var.o
       160         14          0          0          0        732   pwm.o
       876        230          0          1          0       2345   sta_tcpclent_test.o
        36          8        304          0       2560        924   startup_stm32f10x_hd.o
      1102         26          0          0          0      11137   stm32f10x_adc.o
       860         38          0          0          0       5829   stm32f10x_gpio.o
        30          0          0          0          0       1409   stm32f10x_it.o
       932         36          0         20          0       9024   stm32f10x_rcc.o
      3610         88          0          0          0      22940   stm32f10x_tim.o
      1032         22          0          0          0       8552   stm32f10x_usart.o
       480         38          0         20          0       2027   system_stm32f10x.o
       204          8          0          4          0       1073   systick.o
       184          0          0          0          0       1394   unitdelay.o
       252          8          0          4          0       2974   usart.o

    ----------------------------------------------------------------------
     60848       3848       1268        328      54796     592348   Object Totals
         0          0         32          0          0          0   (incl. Generated)
        10          0          0          6          6          0   (incl. Padding)

    ----------------------------------------------------------------------

      Code (inc. data)   RO Data    RW Data    ZI Data      Debug   Library Member Name

        88          8          0          0          0         76   frexp.o
       204          4          0          0          0        168   narrow.o
        20          0          0          0          0         76   strtof.o
        86          0          0          0          0          0   __dczerorl2.o
        64          0          0          0          0         84   _sgetc.o
        40          6         64          0          0         68   ctype_c.o
         0          0          0          0          0          0   entry.o
         0          0          0          0          0          0   entry10a.o
         0          0          0          0          0          0   entry11a.o
         8          4          0          0          0          0   entry2.o
         4          0          0          0          0          0   entry5.o
         0          0          0          0          0          0   entry7b.o
         0          0          0          0          0          0   entry8b.o
         8          4          0          0          0          0   entry9a.o
        12          6          0          4          0         68   errno.o
        30          0          0          0          0          0   handlers.o
        36          8          0          0          0         68   init.o
        10          0          0          0          0         68   isspace_c.o
         0          0          0          0          0          0   iusefp.o
        30          0          0          0          0         68   llshl.o
        36          0          0          0          0         68   llsshr.o
        32          0          0          0          0         68   llushr.o
       108         16          0          0          0         84   malloc.o
        36          0          0          0          0        108   memseta.o
         0          0          0          8          0          0   mvars.o
      2308         96          0          0          0        604   printfa.o
       878         12          0          0          0        216   scanf_fp.o
        14          0          0          0          0         68   strlen.o
        30          0          0          0          0         80   strncmp.o
        24          0          0          0          0         76   strncpy.o
        36          0          0          0          0         80   strstr.o
       156         12          0          0          0        120   strtod.o
        26          0          0          0          0         80   strtof.o
        44          0          0          0          0         80   uidiv.o
        98          0          0          0          0         92   uldiv.o
        48          0          0          0          0         68   cdcmple.o
        48          0          0          0          0         68   cdrcmple.o
        20          0          0          0          0         68   cfcmple.o
        20          0          0          0          0         68   cfrcmple.o
        56          0          0          0          0         88   d2f.o
       334          0          0          0          0        148   dadd.o
       222          0          0          0          0        100   ddiv.o
       186          0          0          0          0        176   depilogue.o
        62          0          0          0          0         80   dfixi.o
        48          0          0          0          0         68   dfixul.o
        26          0          0          0          0         76   dfltui.o
        24          0          0          0          0         76   dfltul.o
       228          0          0          0          0         96   dmul.o
        46          0          0          0          0         80   dscalb.o
        38          0          0          0          0         68   f2d.o
       110          0          0          0          0        168   fepilogue.o
        18          0          0          0          0         68   fflti.o
        10          0          0          0          0         68   ffltui.o
         4          0          0          0          0         68   fpstat.o

    ----------------------------------------------------------------------
      6024        176         64         12          0       4268   Library Totals
        10          0          0          0          0          0   (incl. Padding)

    ----------------------------------------------------------------------

      Code (inc. data)   RO Data    RW Data    ZI Data      Debug   Library Name

       312         12          0          0          0        320   m_ws.l
      4154        164         64         12          0       2248   mc_w.l
      1548          0          0          0          0       1700   mf_w.l

    ----------------------------------------------------------------------
      6024        176         64         12          0       4268   Library Totals

    ----------------------------------------------------------------------

==============================================================================


      Code (inc. data)   RO Data    RW Data    ZI Data      Debug   

     66872       4024       1332        340      54796     590192   Grand Totals
     66872       4024       1332         28      54796     590192   ELF Image Totals (compressed)
     66872       4024       1332         28          0          0   ROM Totals

==============================================================================

    Total RO  Size (Code + RO Data)                68204 (  66.61kB)
    Total RW  Size (RW Data + ZI Data)             55136 (  53.84kB)
    Total ROM Size (Code + RO Data + RW Data)      68232 (  66.63kB)

==============================================================================

