Component: ARM Compiler 5.06 update 6 (build 750) Tool: armlink [4d35ed]

==============================================================================

Section Cross References

    startup_stm32f10x_hd.o(RESET) refers to startup_stm32f10x_hd.o(STACK) for __initial_sp
    startup_stm32f10x_hd.o(RESET) refers to startup_stm32f10x_hd.o(.text) for Reset_Handler
    startup_stm32f10x_hd.o(RESET) refers to stm32f10x_it.o(i.NMI_Handler) for NMI_Handler
    startup_stm32f10x_hd.o(RESET) refers to stm32f10x_it.o(i.HardFault_Handler) for HardFault_Handler
    startup_stm32f10x_hd.o(RESET) refers to stm32f10x_it.o(i.MemManage_Handler) for MemManage_Handler
    startup_stm32f10x_hd.o(RESET) refers to stm32f10x_it.o(i.BusFault_Handler) for BusFault_Handler
    startup_stm32f10x_hd.o(RESET) refers to stm32f10x_it.o(i.UsageFault_Handler) for UsageFault_Handler
    startup_stm32f10x_hd.o(RESET) refers to port.o(.emb_text) for SVC_Handler
    startup_stm32f10x_hd.o(RESET) refers to stm32f10x_it.o(i.DebugMon_Handler) for DebugMon_Handler
    startup_stm32f10x_hd.o(RESET) refers to stm32f10x_it.o(i.SysTick_Handler) for SysTick_Handler
    startup_stm32f10x_hd.o(RESET) refers to esp8266.o(i.USART3_IRQHandler) for USART3_IRQHandler
    startup_stm32f10x_hd.o(.text) refers to system_stm32f10x.o(i.SystemInit) for SystemInit
    startup_stm32f10x_hd.o(.text) refers to entry.o(.ARM.Collect$$$$00000000) for __main
    system_stm32f10x.o(i.SetSysClock) refers to system_stm32f10x.o(i.SetSysClockTo72) for SetSysClockTo72
    system_stm32f10x.o(i.SystemCoreClockUpdate) refers to system_stm32f10x.o(.data) for SystemCoreClock
    system_stm32f10x.o(i.SystemInit) refers to system_stm32f10x.o(i.SetSysClock) for SetSysClock
    stm32f10x_gpio.o(i.GPIO_AFIODeInit) refers to stm32f10x_rcc.o(i.RCC_APB2PeriphResetCmd) for RCC_APB2PeriphResetCmd
    stm32f10x_gpio.o(i.GPIO_DeInit) refers to stm32f10x_rcc.o(i.RCC_APB2PeriphResetCmd) for RCC_APB2PeriphResetCmd
    stm32f10x_i2c.o(i.I2C_DeInit) refers to stm32f10x_rcc.o(i.RCC_APB1PeriphResetCmd) for RCC_APB1PeriphResetCmd
    stm32f10x_i2c.o(i.I2C_Init) refers to stm32f10x_rcc.o(i.RCC_GetClocksFreq) for RCC_GetClocksFreq
    stm32f10x_pwr.o(i.PWR_DeInit) refers to stm32f10x_rcc.o(i.RCC_APB1PeriphResetCmd) for RCC_APB1PeriphResetCmd
    stm32f10x_rcc.o(i.RCC_GetClocksFreq) refers to stm32f10x_rcc.o(.data) for APBAHBPrescTable
    stm32f10x_rcc.o(i.RCC_WaitForHSEStartUp) refers to stm32f10x_rcc.o(i.RCC_GetFlagStatus) for RCC_GetFlagStatus
    stm32f10x_tim.o(i.TIM_DeInit) refers to stm32f10x_rcc.o(i.RCC_APB2PeriphResetCmd) for RCC_APB2PeriphResetCmd
    stm32f10x_tim.o(i.TIM_DeInit) refers to stm32f10x_rcc.o(i.RCC_APB1PeriphResetCmd) for RCC_APB1PeriphResetCmd
    stm32f10x_tim.o(i.TIM_ETRClockMode1Config) refers to stm32f10x_tim.o(i.TIM_ETRConfig) for TIM_ETRConfig
    stm32f10x_tim.o(i.TIM_ETRClockMode2Config) refers to stm32f10x_tim.o(i.TIM_ETRConfig) for TIM_ETRConfig
    stm32f10x_tim.o(i.TIM_ICInit) refers to stm32f10x_tim.o(i.TI1_Config) for TI1_Config
    stm32f10x_tim.o(i.TIM_ICInit) refers to stm32f10x_tim.o(i.TIM_SetIC1Prescaler) for TIM_SetIC1Prescaler
    stm32f10x_tim.o(i.TIM_ICInit) refers to stm32f10x_tim.o(i.TI2_Config) for TI2_Config
    stm32f10x_tim.o(i.TIM_ICInit) refers to stm32f10x_tim.o(i.TIM_SetIC2Prescaler) for TIM_SetIC2Prescaler
    stm32f10x_tim.o(i.TIM_ICInit) refers to stm32f10x_tim.o(i.TI3_Config) for TI3_Config
    stm32f10x_tim.o(i.TIM_ICInit) refers to stm32f10x_tim.o(i.TIM_SetIC3Prescaler) for TIM_SetIC3Prescaler
    stm32f10x_tim.o(i.TIM_ICInit) refers to stm32f10x_tim.o(i.TI4_Config) for TI4_Config
    stm32f10x_tim.o(i.TIM_ICInit) refers to stm32f10x_tim.o(i.TIM_SetIC4Prescaler) for TIM_SetIC4Prescaler
    stm32f10x_tim.o(i.TIM_ITRxExternalClockConfig) refers to stm32f10x_tim.o(i.TIM_SelectInputTrigger) for TIM_SelectInputTrigger
    stm32f10x_tim.o(i.TIM_PWMIConfig) refers to stm32f10x_tim.o(i.TI1_Config) for TI1_Config
    stm32f10x_tim.o(i.TIM_PWMIConfig) refers to stm32f10x_tim.o(i.TIM_SetIC1Prescaler) for TIM_SetIC1Prescaler
    stm32f10x_tim.o(i.TIM_PWMIConfig) refers to stm32f10x_tim.o(i.TI2_Config) for TI2_Config
    stm32f10x_tim.o(i.TIM_PWMIConfig) refers to stm32f10x_tim.o(i.TIM_SetIC2Prescaler) for TIM_SetIC2Prescaler
    stm32f10x_tim.o(i.TIM_TIxExternalClockConfig) refers to stm32f10x_tim.o(i.TI2_Config) for TI2_Config
    stm32f10x_tim.o(i.TIM_TIxExternalClockConfig) refers to stm32f10x_tim.o(i.TI1_Config) for TI1_Config
    stm32f10x_tim.o(i.TIM_TIxExternalClockConfig) refers to stm32f10x_tim.o(i.TIM_SelectInputTrigger) for TIM_SelectInputTrigger
    stm32f10x_usart.o(i.USART_DeInit) refers to stm32f10x_rcc.o(i.RCC_APB2PeriphResetCmd) for RCC_APB2PeriphResetCmd
    stm32f10x_usart.o(i.USART_DeInit) refers to stm32f10x_rcc.o(i.RCC_APB1PeriphResetCmd) for RCC_APB1PeriphResetCmd
    stm32f10x_usart.o(i.USART_Init) refers to stm32f10x_rcc.o(i.RCC_GetClocksFreq) for RCC_GetClocksFreq
[...]
    .text                                    0x08000718   Section        0  iusefp.o(.text)
    .text                                    0x08000786   Section        0  depilogue.o(.text)
    .text                                    0x08000840   Section        0  dadd.o(.text)
    .text                                    0x0800098e   Section        0  dmul.o(.text)
    .text                                    0x08000a72   Section        0  dfixul.o(.text)
    .text                                    0x08000aa4   Section       48  cdrcmple.o(.text)
    .text                                    0x08000ad4   Section       36  init.o(.text)
    .text                                    0x08000af8   Section        0  llshl.o(.text)
    .text                                    0x08000b16   Section        0  llsshr.o(.text)
    .text                                    0x08000b3c   Section        0  ctype_o.o(.text)
    .text                                    0x08000b44   Section        0  _strtoul.o(.text)
    .text                                    0x08000be2   Section        0  _chval.o(.text)
    i.ADC1_GPIO_Config                       0x08000c00   Section        0  soil_h.o(i.ADC1_GPIO_Config)
    ADC1_GPIO_Config                         0x08000c01   Thumb Code    42  soil_h.o(i.ADC1_GPIO_Config)
    i.ADC1_Init                              0x08000c30   Section        0  soil_h.o(i.ADC1_Init)
    i.ADC1_Mode_Config                       0x08000c3c   Section        0  soil_h.o(i.ADC1_Mode_Config)
    ADC1_Mode_Config                         0x08000c3d   Thumb Code   130  soil_h.o(i.ADC1_Mode_Config)
    i.ADC_Cmd                                0x08000cc4   Section        0  stm32f10x_adc.o(i.ADC_Cmd)
    i.ADC_DMACmd                             0x08000cda   Section        0  stm32f10x_adc.o(i.ADC_DMACmd)
    i.ADC_GetCalibrationStatus               0x08000cf0   Section        0  stm32f10x_adc.o(i.ADC_GetCalibrationStatus)
    i.ADC_GetResetCalibrationStatus          0x08000d04   Section        0  stm32f10x_adc.o(i.ADC_GetResetCalibrationStatus)
    i.ADC_Init                               0x08000d18   Section        0  stm32f10x_adc.o(i.ADC_Init)
    i.ADC_RegularChannelConfig               0x08000d68   Section        0  stm32f10x_adc.o(i.ADC_RegularChannelConfig)
    i.ADC_ResetCalibration                   0x08000e20   Section        0  stm32f10x_adc.o(i.ADC_ResetCalibration)
    i.ADC_SoftwareStartConvCmd               0x08000e2a   Section        0  stm32f10x_adc.o(i.ADC_SoftwareStartConvCmd)
    i.ADC_StartCalibration                   0x08000e40   Section        0  stm32f10x_adc.o(i.ADC_StartCalibration)
    i.BH1750_Start                           0x08000e4a   Section        0  bh1750_1.o(i.BH1750_Start)
    i.BusFault_Handler                       0x08000e56   Section        0  stm32f10x_it.o(i.BusFault_Handler)
    i.CheckSensor_Task                       0x08000e5c   Section        0  main.o(i.CheckSensor_Task)
    CheckSensor_Task                         0x08000e5d   Thumb Code    32  main.o(i.CheckSensor_Task)
    i.Check_sensor                           0x08000e90   Section        0  warning.o(i.Check_sensor)
    i.DHT11_GPIO_Config                      0x08001060   Section        0  dht11.o(i.DHT11_GPIO_Config)
    i.DHT11_Init                             0x0800108c   Section        0  dht11.o(i.DHT11_Init)
    i.DHT11_Mode_IPU                         0x080010a4   Section        0  dht11.o(i.DHT11_Mode_IPU)
    i.DHT11_Mode_Out_PP                      0x080010c4   Section        0  dht11.o(i.DHT11_Mode_Out_PP)
    i.DHT11_ReadByte                         0x080010e8   Section        0  dht11.o(i.DHT11_ReadByte)
    i.DHT11_Read_TempAndHumidity             0x08001150   Section        0  dht11.o(i.DHT11_Read_TempAndHumidity)
    i.DHT11_delay_ms                         0x080011fc   Section        0  dht11.o(i.DHT11_delay_ms)
    i.DHT11_delay_us                         0x08001210   Section        0  dht11.o(i.DHT11_delay_us)
    i.DMA1_Config                            0x0800122c   Section        0  soil_h.o(i.DMA1_Config)
    i.DMA_Cmd                                0x08001284   Section        0  stm32f10x_dma.o(i.DMA_Cmd)
    i.DMA_DeInit                             0x0800129c   Section        0  stm32f10x_dma.o(i.DMA_DeInit)
    i.DMA_Init                               0x080013e8   Section        0  stm32f10x_dma.o(i.DMA_Init)
    i.DebugMon_Handler                       0x08001424   Section        0  stm32f10x_it.o(i.DebugMon_Handler)
    i.EDP_DeleteBuffer                       0x08001426   Section        0  edpkit.o(i.EDP_DeleteBuffer)
    i.EDP_NewBuffer                          0x08001442   Section        0  edpkit.o(i.EDP_NewBuffer)
    i.EDP_PacketCmdResp                      0x0800149a   Section        0  edpkit.o(i.EDP_PacketCmdResp)
    i.EDP_PacketConnect1                     0x0800155c   Section        0  edpkit.o(i.EDP_PacketConnect1)
    i.EDP_PacketPing                         0x08001648   Section        0  edpkit.o(i.EDP_PacketPing)
    i.EDP_PacketSaveData                     0x08001678   Section        0  edpkit.o(i.EDP_PacketSaveData)
    i.EDP_UnPacketCmd                        0x08001844   Section        0  edpkit.o(i.EDP_UnPacketCmd)
    i.EDP_UnPacketConnectRsp                 0x0800191a   Section        0  edpkit.o(i.EDP_UnPacketConnectRsp)
    i.EDP_UnPacketPushData                   0x08001920   Section        0  edpkit.o(i.EDP_UnPacketPushData)
    i.EDP_UnPacketRecv                       0x080019d0   Section        0  edpkit.o(i.EDP_UnPacketRecv)
    i.ESP8266_Clear                          0x080019d8   Section        0  esp8266.o(i.ESP8266_Clear)
    i.ESP8266_GetIPD                         0x080019f4   Section        0  esp8266.o(i.ESP8266_GetIPD)
    i.ESP8266_Init                           0x08001a48   Section        0  esp8266.o(i.ESP8266_Init)
    i.ESP8266_SendCmd                        0x08001bc4   Section        0  esp8266.o(i.ESP8266_SendCmd)
    i.ESP8266_SendData                       0x08001c18   Section        0  esp8266.o(i.ESP8266_SendData)
    i.ESP8266_WaitRecive                     0x08001c60   Section        0  esp8266.o(i.ESP8266_WaitRecive)
    i.GPIO_Init                              0x08001c94   Section        0  stm32f10x_gpio.o(i.GPIO_Init)
    i.GPIO_ReadInputDataBit                  0x08001daa   Section        0  stm32f10x_gpio.o(i.GPIO_ReadInputDataBit)
    i.GPIO_ResetBits                         0x08001dbc   Section        0  stm32f10x_gpio.o(i.GPIO_ResetBits)
    i.GPIO_SetBits                           0x08001dc0   Section        0  stm32f10x_gpio.o(i.GPIO_SetBits)
    i.HardFault_Handler                      0x08001dc4   Section        0  stm32f10x_it.o(i.HardFault_Handler)
    i.Hardware_Init                          0x08001dc8   Section        0  main.o(i.Hardware_Init)
    i.MemManage_Handler                      0x08001e18   Section        0  stm32f10x_it.o(i.MemManage_Handler)
    i.NET_Event_CallBack                     0x08001e1c   Section        0  main.o(i.NET_Event_CallBack)
    i.NMI_Handler                            0x08001e90   Section        0  stm32f10x_it.o(i.NMI_Handler)
    i.NVIC_Init                              0x08001e94   Section        0  misc.o(i.NVIC_Init)
    i.NVIC_PriorityGroupConfig               0x08001f04   Section        0  misc.o(i.NVIC_PriorityGroupConfig)
    i.Net_Task                               0x08001f18   Section        0  main.o(i.Net_Task)
    Net_Task                                 0x08001f19   Thumb Code    86  main.o(i.Net_Task)
    i.OneNET_CmdHandle                       0x08001f80   Section        0  onenet.o(i.OneNET_CmdHandle)
    i.OneNet_DevLink                         0x08001f98   Section        0  onenet.o(i.OneNet_DevLink)
    i.OneNet_FillBuf                         0x08002264   Section        0  onenet.o(i.OneNet_FillBuf)
    i.OneNet_RevPro                          0x080023f8   Section        0  onenet.o(i.OneNet_RevPro)
    i.OneNet_SendData                        0x08002698   Section        0  onenet.o(i.OneNet_SendData)
    i.OneNet_Send_heart                      0x0800273c   Section        0  onenet.o(i.OneNet_Send_heart)
    i.RCC_ADCCLKConfig                       0x080027b0   Section        0  stm32f10x_rcc.o(i.RCC_ADCCLKConfig)
    i.RCC_AHBPeriphClockCmd                  0x080027c8   Section        0  stm32f10x_rcc.o(i.RCC_AHBPeriphClockCmd)
    i.RCC_APB1PeriphClockCmd                 0x080027e8   Section        0  stm32f10x_rcc.o(i.RCC_APB1PeriphClockCmd)
    i.RCC_APB2PeriphClockCmd                 0x08002808   Section        0  stm32f10x_rcc.o(i.RCC_APB2PeriphClockCmd)
    i.RCC_GetClocksFreq                      0x08002828   Section        0  stm32f10x_rcc.o(i.RCC_GetClocksFreq)
    i.ReadRemainlen                          0x080028fc   Section        0  edpkit.o(i.ReadRemainlen)
    i.Read_Light                             0x0800293c   Section        0  bh1750_1.o(i.Read_Light)
    i.Read_Soil                              0x0800298c   Section        0  soil_h.o(i.Read_Soil)
    i.ReceiveCmdTask                         0x08002a20   Section        0  main.o(i.ReceiveCmdTask)
    ReceiveCmdTask                           0x08002a21   Thumb Code    22  main.o(i.ReceiveCmdTask)
    i.SetSysClock                            0x08002a36   Section        0  system_stm32f10x.o(i.SetSysClock)
    SetSysClock                              0x08002a37   Thumb Code     8  system_stm32f10x.o(i.SetSysClock)
    i.SetSysClockTo72                        0x08002a40   Section        0  system_stm32f10x.o(i.SetSysClockTo72)
    SetSysClockTo72                          0x08002a41   Thumb Code   214  system_stm32f10x.o(i.SetSysClockTo72)
    i.Shadding                               0x08002b20   Section        0  light_moto.o(i.Shadding)
    i.Shelter_GpioConfig                     0x08002bd0   Section        0  light_moto.o(i.Shelter_GpioConfig)
    i.SysTick_Handler                        0x08002bfc   Section        0  stm32f10x_it.o(i.SysTick_Handler)
    i.SystemInit                             0x08002c10   Section        0  system_stm32f10x.o(i.SystemInit)
    i.TimingDelay_Decrement                  0x08002c70   Section        0  bsp_systick.o(i.TimingDelay_Decrement)
    i.USART3_IRQHandler                      0x08002c88   Section        0  esp8266.o(i.USART3_IRQHandler)
    i.USART_ClearFlag                        0x08002cd4   Section        0  stm32f10x_usart.o(i.USART_ClearFlag)
    i.USART_Cmd                              0x08002ce6   Section        0  stm32f10x_usart.o(i.USART_Cmd)
    i.USART_Config                           0x08002d00   Section        0  bsp_usart.o(i.USART_Config)
    i.USART_GetFlagStatus                    0x08002d80   Section        0  stm32f10x_usart.o(i.USART_GetFlagStatus)
    i.USART_GetITStatus                      0x08002d9a   Section        0  stm32f10x_usart.o(i.USART_GetITStatus)
    i.USART_ITConfig                         0x08002dee   Section        0  stm32f10x_usart.o(i.USART_ITConfig)
    i.USART_Init                             0x08002e38   Section        0  stm32f10x_usart.o(i.USART_Init)
    i.USART_SendData                         0x08002f10   Section        0  stm32f10x_usart.o(i.USART_SendData)
    i.UnShadding                             0x08002f18   Section        0  light_moto.o(i.UnShadding)
    i.UsageFault_Handler                     0x08002fc8   Section        0  stm32f10x_it.o(i.UsageFault_Handler)
    i.Usart2_Init                            0x08002fcc   Section        0  bsp_usart.o(i.Usart2_Init)
    i.UsartPrintf                            0x08003078   Section        0  bsp_usart.o(i.UsartPrintf)
    i.Usart_SendString                       0x080030c0   Section        0  bsp_usart.o(i.Usart_SendString)
    i.Water_Gpio_config                      0x080030f4   Section        0  water.o(i.Water_Gpio_config)
    i.WriteRemainlen                         0x08003120   Section        0  edpkit.o(i.WriteRemainlen)
    i.__0printf                              0x08003150   Section        0  printfa.o(i.__0printf)
    i.__0sprintf                             0x08003170   Section        0  printfa.o(i.__0sprintf)
    i.__0vsnprintf                           0x08003198   Section        0  printfa.o(i.__0vsnprintf)
    i.__aeabi_errno_addr                     0x080031c4   Section        0  errno.o(i.__aeabi_errno_addr)
    i.__scatterload_copy                     0x080031cc   Section       14  handlers.o(i.__scatterload_copy)
    i.__scatterload_null                     0x080031da   Section        2  handlers.o(i.__scatterload_null)
    i.__scatterload_zeroinit                 0x080031dc   Section       14  handlers.o(i.__scatterload_zeroinit)
    i._fp_digits                             0x080031ec   Section        0  printfa.o(i._fp_digits)
    _fp_digits                               0x080031ed   Thumb Code   366  printfa.o(i._fp_digits)
    i._printf_core                           0x08003370   Section        0  printfa.o(i._printf_core)
    _printf_core                             0x08003371   Thumb Code  1744  printfa.o(i._printf_core)
    i._printf_post_padding                   0x08003a4c   Section        0  printfa.o(i._printf_post_padding)
    _printf_post_padding                     0x08003a4d   Thumb Code    36  printfa.o(i._printf_post_padding)
    i._printf_pre_padding                    0x08003a70   Section        0  printfa.o(i._printf_pre_padding)
    _printf_pre_padding                      0x08003a71   Thumb Code    46  printfa.o(i._printf_pre_padding)
    i._snputc                                0x08003a9e   Section        0  printfa.o(i._snputc)
    _snputc                                  0x08003a9f   Thumb Code    22  printfa.o(i._snputc)
    i._sputc                                 0x08003ab4   Section        0  printfa.o(i._sputc)
    _sputc                                   0x08003ab5   Thumb Code    10  printfa.o(i._sputc)
    i.conversion                             0x08003ac0   Section        0  bh1750_1.o(i.conversion)
    i.ee_Delay                               0x08003b04   Section        0  iic.o(i.ee_Delay)
    i.ee_ReadBytes                           0x08003b16   Section        0  iic.o(i.ee_ReadBytes)
    i.ee_WriteBytes                          0x08003b86   Section        0  iic.o(i.ee_WriteBytes)
    i.fputc                                  0x08003bf8   Section        0  bsp_usart.o(i.fputc)
    i.free                                   0x08003c1c   Section        0  malloc.o(i.free)
    i.hexdump                                0x08003c6c   Section        0  edpkit.o(i.hexdump)
    i.i2c_Ack                                0x08003ca8   Section        0  iic.o(i.i2c_Ack)
    i.i2c_CfgGpio                            0x08003cd8   Section        0  iic.o(i.i2c_CfgGpio)
    i.i2c_Delay                              0x08003d08   Section        0  iic.o(i.i2c_Delay)
    i2c_Delay                                0x08003d09   Thumb Code    14  iic.o(i.i2c_Delay)
    i.i2c_NAck                               0x08003d18   Section        0  iic.o(i.i2c_NAck)
    i.i2c_ReadByte                           0x08003d40   Section        0  iic.o(i.i2c_ReadByte)
    i.i2c_SendByte                           0x08003d84   Section        0  iic.o(i.i2c_SendByte)
    i.i2c_Start                              0x08003dd8   Section        0  iic.o(i.i2c_Start)
    i.i2c_Stop                               0x08003e08   Section        0  iic.o(i.i2c_Stop)
    i.i2c_WaitAck                            0x08003e28   Section        0  iic.o(i.i2c_WaitAck)
    i.mDelay                                 0x08003e64   Section        0  delay.o(i.mDelay)
    i.main                                   0x08003e7c   Section        0  main.o(i.main)
    i.malloc                                 0x08003f3c   Section        0  malloc.o(i.malloc)
    i.prvAddCurrentTaskToDelayedList         0x08003fa8   Section        0  tasks.o(i.prvAddCurrentTaskToDelayedList)
    prvAddCurrentTaskToDelayedList           0x08003fa9   Thumb Code   124  tasks.o(i.prvAddCurrentTaskToDelayedList)
    i.prvAddNewTaskToReadyList               0x08004040   Section        0  tasks.o(i.prvAddNewTaskToReadyList)
    prvAddNewTaskToReadyList                 0x08004041   Thumb Code   126  tasks.o(i.prvAddNewTaskToReadyList)
    i.prvCheckTasksWaitingTermination        0x080040d8   Section        0  tasks.o(i.prvCheckTasksWaitingTermination)
    prvCheckTasksWaitingTermination          0x080040d9   Thumb Code    86  tasks.o(i.prvCheckTasksWaitingTermination)
    i.prvDeleteTCB                           0x0800413c   Section        0  tasks.o(i.prvDeleteTCB)
    prvDeleteTCB                             0x0800413d   Thumb Code    18  tasks.o(i.prvDeleteTCB)
    i.prvHeapInit                            0x08004150   Section        0  heap_4.o(i.prvHeapInit)
    prvHeapInit                              0x08004151   Thumb Code    98  heap_4.o(i.prvHeapInit)
    i.prvIdleTask                            0x080041cc   Section        0  tasks.o(i.prvIdleTask)
    prvIdleTask                              0x080041cd   Thumb Code    24  tasks.o(i.prvIdleTask)
    i.prvInitialiseNewTask                   0x080041e8   Section        0  tasks.o(i.prvInitialiseNewTask)
    prvInitialiseNewTask                     0x080041e9   Thumb Code   144  tasks.o(i.prvInitialiseNewTask)
    i.prvInitialiseTaskLists                 0x08004278   Section        0  tasks.o(i.prvInitialiseTaskLists)
    prvInitialiseTaskLists                   0x08004279   Thumb Code    70  tasks.o(i.prvInitialiseTaskLists)
    i.prvInsertBlockIntoFreeList             0x080042e0   Section        0  heap_4.o(i.prvInsertBlockIntoFreeList)
    prvInsertBlockIntoFreeList               0x080042e1   Thumb Code    96  heap_4.o(i.prvInsertBlockIntoFreeList)
    i.prvResetNextTaskUnblockTime            0x08004348   Section        0  tasks.o(i.prvResetNextTaskUnblockTime)
    prvResetNextTaskUnblockTime              0x08004349   Thumb Code    42  tasks.o(i.prvResetNextTaskUnblockTime)
    i.prvTaskExitError                       0x0800437c   Section        0  port.o(i.prvTaskExitError)
    prvTaskExitError                         0x0800437d   Thumb Code    22  port.o(i.prvTaskExitError)
    i.pvPortMalloc                           0x08004394   Section        0  heap_4.o(i.pvPortMalloc)
    i.pxPortInitialiseStack                  0x08004464   Section        0  port.o(i.pxPortInitialiseStack)
    i.reLink                                 0x08004488   Section        0  esp8266.o(i.reLink)
    i.uxListRemove                           0x08004500   Section        0  list.o(i.uxListRemove)
    i.vListInitialise                        0x08004528   Section        0  list.o(i.vListInitialise)
    i.vListInitialiseItem                    0x08004542   Section        0  list.o(i.vListInitialiseItem)
    i.vListInsert                            0x08004548   Section        0  list.o(i.vListInsert)
    i.vListInsertEnd                         0x0800457c   Section        0  list.o(i.vListInsertEnd)
    i.vPortEnterCritical                     0x08004594   Section        0  port.o(i.vPortEnterCritical)
    i.vPortExitCritical                      0x080045b8   Section        0  port.o(i.vPortExitCritical)
    i.vPortFree                              0x080045d8   Section        0  heap_4.o(i.vPortFree)
    i.vPortSetupTimerInterrupt               0x08004620   Section        0  port.o(i.vPortSetupTimerInterrupt)
    i.vTaskDelay                             0x08004634   Section        0  tasks.o(i.vTaskDelay)
    i.vTaskStartScheduler                    0x08004668   Section        0  tasks.o(i.vTaskStartScheduler)
    i.vTaskSuspendAll                        0x080046cc   Section        0  tasks.o(i.vTaskSuspendAll)
    i.vTaskSwitchContext                     0x080046dc   Section        0  tasks.o(i.vTaskSwitchContext)
    i.xPortStartScheduler                    0x0800473c   Section        0  port.o(i.xPortStartScheduler)
    i.xPortSysTickHandler                    0x08004770   Section        0  port.o(i.xPortSysTickHandler)
    i.xTaskCreate                            0x080047a4   Section        0  tasks.o(i.xTaskCreate)
    i.xTaskGetSchedulerState                 0x08004804   Section        0  tasks.o(i.xTaskGetSchedulerState)
    i.xTaskIncrementTick                     0x08004824   Section        0  tasks.o(i.xTaskIncrementTick)
    i.xTaskResumeAll                         0x0800490c   Section        0  tasks.o(i.xTaskResumeAll)
    .constdata                               0x080049e0   Section      129  ctype_o.o(.constdata)
    .constdata                               0x08004a64   Section        4  ctype_o.o(.constdata)
    table                                    0x08004a64   Data           4  ctype_o.o(.constdata)
    .data                                    0x20000000   Section       20  stm32f10x_rcc.o(.data)
    APBAHBPrescTable                         0x20000000   Data          16  stm32f10x_rcc.o(.data)
    ADCPrescTable                            0x20000010   Data           4  stm32f10x_rcc.o(.data)
    .data                                    0x20000014   Section       32  main.o(.data)
    .data                                    0x20000034   Section        8  bsp_systick.o(.data)
    TimingDelay                              0x20000034   Data           4  bsp_systick.o(.data)
    .data                                    0x2000003c   Section        4  esp8266.o(.data)
    .data                                    0x20000040   Section        9  onenet.o(.data)
    .data                                    0x20000049   Section        1  warning.o(.data)
    .data                                    0x2000004a   Section        2  soil_h.o(.data)
    .data                                    0x2000004c   Section        2  bh1750_1.o(.data)
    .data                                    0x20000050   Section       60  tasks.o(.data)
    pxDelayedTaskList                        0x20000054   Data           4  tasks.o(.data)
    pxOverflowDelayedTaskList                0x20000058   Data           4  tasks.o(.data)
    uxDeletedTasksWaitingCleanUp             0x2000005c   Data           4  tasks.o(.data)
    uxCurrentNumberOfTasks                   0x20000060   Data           4  tasks.o(.data)
    xTickCount                               0x20000064   Data           4  tasks.o(.data)
    uxTopReadyPriority                       0x20000068   Data           4  tasks.o(.data)
    xSchedulerRunning                        0x2000006c   Data           4  tasks.o(.data)
    uxPendedTicks                            0x20000070   Data           4  tasks.o(.data)
    xYieldPending                            0x20000074   Data           4  tasks.o(.data)
    xNumOfOverflows                          0x20000078   Data           4  tasks.o(.data)
    uxTaskNumber                             0x2000007c   Data           4  tasks.o(.data)
    xNextTaskUnblockTime                     0x20000080   Data           4  tasks.o(.data)
    xIdleTaskHandle                          0x20000084   Data           4  tasks.o(.data)
    uxSchedulerSuspended                     0x20000088   Data           4  tasks.o(.data)
    .data                                    0x2000008c   Section        4  port.o(.data)
    uxCriticalNesting                        0x2000008c   Data           4  port.o(.data)
    .data                                    0x20000090   Section       24  heap_4.o(.data)
    xStart                                   0x20000090   Data           8  heap_4.o(.data)
    pxEnd                                    0x20000098   Data           4  heap_4.o(.data)
    xFreeBytesRemaining                      0x2000009c   Data           4  heap_4.o(.data)
    xMinimumEverFreeBytesRemaining           0x200000a0   Data           4  heap_4.o(.data)
    xBlockAllocatedBit                       0x200000a4   Data           4  heap_4.o(.data)
    .data                                    0x200000a8   Section        4  stdout.o(.data)
    .data                                    0x200000ac   Section        4  mvars.o(.data)
    .data                                    0x200000b0   Section        4  mvars.o(.data)
    .data                                    0x200000b4   Section        4  errno.o(.data)
    _errno                                   0x200000b4   Data           4  errno.o(.data)
    .bss                                     0x200000b8   Section     1024  esp8266.o(.bss)
    .bss                                     0x200004b8   Section      200  tasks.o(.bss)
    pxReadyTasksLists                        0x200004b8   Data         100  tasks.o(.bss)
    xDelayedTaskList1                        0x2000051c   Data          20  tasks.o(.bss)
    xDelayedTaskList2                        0x20000530   Data          20  tasks.o(.bss)
    xPendingReadyList                        0x20000544   Data          20  tasks.o(.bss)
    xTasksWaitingTermination                 0x20000558   Data          20  tasks.o(.bss)
    xSuspendedTaskList                       0x2000056c   Data          20  tasks.o(.bss)
    .bss                                     0x20000580   Section     8192  heap_4.o(.bss)
    ucHeap                                   0x20000580   Data        8192  heap_4.o(.bss)
    HEAP                                     0x20002580   Section    28672  startup_stm32f10x_hd.o(HEAP)
    STACK                                    0x20009580   Section     4096  startup_stm32f10x_hd.o(STACK)

    Global Symbols

    Symbol Name                              Value     Ov Type        Size  Object(Section)

    BuildAttributes$$THM_ISAv4$P$D$K$B$S$PE$A:L22UL41UL21$X:L11$S22US41US21$IEEE1$IW$USESV6$~STKCKD$USESV7$~SHL$OTIME$ROPI$EBA8$MICROLIB$REQ8$PRES8$EABIv2 0x00000000   Number         0  anon$$obj.o ABSOLUTE
    __ARM_use_no_argv                        0x00000000   Number         0  main.o ABSOLUTE
    _printf_a                                0x00000000   Number         0  stubs.o ABSOLUTE
    _printf_c                                0x00000000   Number         0  stubs.o ABSOLUTE
    _printf_charcount                        0x00000000   Number         0  stubs.o ABSOLUTE
    _printf_d                                0x00000000   Number         0  stubs.o ABSOLUTE
    _printf_e                                0x00000000   Number         0  stubs.o ABSOLUTE
    _printf_f                                0x00000000   Number         0  stubs.o ABSOLUTE
    _printf_flags                            0x00000000   Number         0  stubs.o ABSOLUTE
    _printf_fp_dec                           0x00000000   Number         0  stubs.o ABSOLUTE
    _printf_fp_hex                           0x00000000   Number         0  stubs.o ABSOLUTE
    _printf_g                                0x00000000   Number         0  stubs.o ABSOLUTE
    _printf_i                                0x00000000   Number         0  stubs.o ABSOLUTE
    _printf_int_dec                          0x00000000   Number         0  stubs.o ABSOLUTE
    _printf_l                                0x00000000   Number         0  stubs.o ABSOLUTE
    _printf_lc                               0x00000000   Number         0  stubs.o ABSOLUTE
    _printf_ll                               0x00000000   Number         0  stubs.o ABSOLUTE
    _printf_lld                              0x00000000   Number         0  stubs.o ABSOLUTE
    _printf_lli                              0x00000000   Number         0  stubs.o ABSOLUTE
    _printf_llo                              0x00000000   Number         0  stubs.o ABSOLUTE
    _printf_llu                              0x00000000   Number         0  stubs.o ABSOLUTE
    _printf_llx                              0x00000000   Number         0  stubs.o ABSOLUTE
    _printf_longlong_dec                     0x00000000   Number         0  stubs.o ABSOLUTE
    _printf_longlong_hex                     0x00000000   Number         0  stubs.o ABSOLUTE
    _printf_longlong_oct                     0x00000000   Number         0  stubs.o ABSOLUTE
    _printf_ls                               0x00000000   Number         0  stubs.o ABSOLUTE
    _printf_mbtowc                           0x00000000   Number         0  stubs.o ABSOLUTE
    _printf_n                                0x00000000   Number         0  stubs.o ABSOLUTE
    _printf_o                                0x00000000   Number         0  stubs.o ABSOLUTE
    _printf_p                                0x00000000   Number         0  stubs.o ABSOLUTE
    _printf_percent                          0x00000000   Number         0  stubs.o ABSOLUTE
    _printf_pre_padding                      0x00000000   Number         0  stubs.o ABSOLUTE
    _printf_return_value                     0x00000000   Number         0  stubs.o ABSOLUTE
    _printf_s                                0x00000000   Number         0  stubs.o ABSOLUTE
    _printf_sizespec                         0x00000000   Number         0  stubs.o ABSOLUTE
    _printf_str                              0x00000000   Number         0  stubs.o ABSOLUTE
    _printf_truncate_signed                  0x00000000   Number         0  stubs.o ABSOLUTE
    _printf_truncate_unsigned                0x00000000   Number         0  stubs.o ABSOLUTE
    _printf_u                                0x00000000   Number         0  stubs.o ABSOLUTE
    _printf_wc                               0x00000000   Number         0  stubs.o ABSOLUTE
    _printf_wctomb                           0x00000000   Number         0  stubs.o ABSOLUTE
    _printf_widthprec                        0x00000000   Number         0  stubs.o ABSOLUTE
    _printf_x                                0x00000000   Number         0  stubs.o ABSOLUTE
    __cpp_initialize__aeabi_                  - Undefined Weak Reference
    __cxa_finalize                            - Undefined Weak Reference
    __decompress                              - Undefined Weak Reference
    _clock_init                               - Undefined Weak Reference
    _microlib_exit                            - Undefined Weak Reference
    __Vectors_Size                           0x00000130   Number         0  startup_stm32f10x_hd.o ABSOLUTE
    __Vectors                                0x08000000   Data           4  startup_stm32f10x_hd.o(RESET)
    __Vectors_End                            0x08000130   Data           0  startup_stm32f10x_hd.o(RESET)
    __main                                   0x08000131   Thumb Code     0  entry.o(.ARM.Collect$$$$00000000)
    _main_stk                                0x08000131   Thumb Code     0  entry2.o(.ARM.Collect$$$$00000001)
    _main_scatterload                        0x08000135   Thumb Code     0  entry5.o(.ARM.Collect$$$$00000004)
    __main_after_scatterload                 0x08000139   Thumb Code     0  entry5.o(.ARM.Collect$$$$00000004)
    _main_clock                              0x08000139   Thumb Code     0  entry7b.o(.ARM.Collect$$$$00000008)
    _main_cpp_init                           0x08000139   Thumb Code     0  entry8b.o(.ARM.Collect$$$$0000000A)
    _main_init                               0x08000139   Thumb Code     0  entry9a.o(.ARM.Collect$$$$0000000B)
    __rt_final_cpp                           0x08000141   Thumb Code     0  entry10a.o(.ARM.Collect$$$$0000000D)
    __rt_final_exit                          0x08000141   Thumb Code     0  entry11a.o(.ARM.Collect$$$$0000000F)
    SVC_Handler                              0x08000145   Thumb Code    32  port.o(.emb_text)
    __asm___6_port_c_39a90d8d__prvStartFirstTask 0x08000169   Thumb Code    28  port.o(.emb_text)
    PendSV_Handler                           0x08000189   Thumb Code    72  port.o(.emb_text)
    vPortGetIPSR                             0x080001d5   Thumb Code     6  port.o(.emb_text)
    Reset_Handler                            0x080001dd   Thumb Code     8  startup_stm32f10x_hd.o(.text)
    ADC1_2_IRQHandler                        0x080001f7   Thumb Code     0  startup_stm32f10x_hd.o(.text)
    ADC3_IRQHandler                          0x080001f7   Thumb Code     0  startup_stm32f10x_hd.o(.text)
    CAN1_RX1_IRQHandler                      0x080001f7   Thumb Code     0  startup_stm32f10x_hd.o(.text)
    CAN1_SCE_IRQHandler                      0x080001f7   Thumb Code     0  startup_stm32f10x_hd.o(.text)
    DMA1_Channel1_IRQHandler                 0x080001f7   Thumb Code     0  startup_stm32f10x_hd.o(.text)
    DMA1_Channel2_IRQHandler                 0x080001f7   Thumb Code     0  startup_stm32f10x_hd.o(.text)
    DMA1_Channel3_IRQHandler                 0x080001f7   Thumb Code     0  startup_stm32f10x_hd.o(.text)
    DMA1_Channel4_IRQHandler                 0x080001f7   Thumb Code     0  startup_stm32f10x_hd.o(.text)
    DMA1_Channel5_IRQHandler                 0x080001f7   Thumb Code     0  startup_stm32f10x_hd.o(.text)
    DMA1_Channel6_IRQHandler                 0x080001f7   Thumb Code     0  startup_stm32f10x_hd.o(.text)
    DMA1_Channel7_IRQHandler                 0x080001f7   Thumb Code     0  startup_stm32f10x_hd.o(.text)
    DMA2_Channel1_IRQHandler                 0x080001f7   Thumb Code     0  startup_stm32f10x_hd.o(.text)
    DMA2_Channel2_IRQHandler                 0x080001f7   Thumb Code     0  startup_stm32f10x_hd.o(.text)
    DMA2_Channel3_IRQHandler                 0x080001f7   Thumb Code     0  startup_stm32f10x_hd.o(.text)
    DMA2_Channel4_5_IRQHandler               0x080001f7   Thumb Code     0  startup_stm32f10x_hd.o(.text)
    EXTI0_IRQHandler                         0x080001f7   Thumb Code     0  startup_stm32f10x_hd.o(.text)
    EXTI15_10_IRQHandler                     0x080001f7   Thumb Code     0  startup_stm32f10x_hd.o(.text)
    EXTI1_IRQHandler                         0x080001f7   Thumb Code     0  startup_stm32f10x_hd.o(.text)
    EXTI2_IRQHandler                         0x080001f7   Thumb Code     0  startup_stm32f10x_hd.o(.text)
    EXTI3_IRQHandler                         0x080001f7   Thumb Code     0  startup_stm32f10x_hd.o(.text)
    EXTI4_IRQHandler                         0x080001f7   Thumb Code     0  startup_stm32f10x_hd.o(.text)
    EXTI9_5_IRQHandler                       0x080001f7   Thumb Code     0  startup_stm32f10x_hd.o(.text)
    FLASH_IRQHandler                         0x080001f7   Thumb Code     0  startup_stm32f10x_hd.o(.text)
    FSMC_IRQHandler                          0x080001f7   Thumb Code     0  startup_stm32f10x_hd.o(.text)
    I2C1_ER_IRQHandler                       0x080001f7   Thumb Code     0  startup_stm32f10x_hd.o(.text)
    I2C1_EV_IRQHandler                       0x080001f7   Thumb Code     0  startup_stm32f10x_hd.o(.text)
    I2C2_ER_IRQHandler                       0x080001f7   Thumb Code     0  startup_stm32f10x_hd.o(.text)
    I2C2_EV_IRQHandler                       0x080001f7   Thumb Code     0  startup_stm32f10x_hd.o(.text)
    PVD_IRQHandler                           0x080001f7   Thumb Code     0  startup_stm32f10x_hd.o(.text)
    RCC_IRQHandler                           0x080001f7   Thumb Code     0  startup_stm32f10x_hd.o(.text)
    RTCAlarm_IRQHandler                      0x080001f7   Thumb Code     0  startup_stm32f10x_hd.o(.text)
    RTC_IRQHandler                           0x080001f7   Thumb Code     0  startup_stm32f10x_hd.o(.text)
    SDIO_IRQHandler                          0x080001f7   Thumb Code     0  startup_stm32f10x_hd.o(.text)
    SPI1_IRQHandler                          0x080001f7   Thumb Code     0  startup_stm32f10x_hd.o(.text)
    SPI2_IRQHandler                          0x080001f7   Thumb Code     0  startup_stm32f10x_hd.o(.text)
    SPI3_IRQHandler                          0x080001f7   Thumb Code     0  startup_stm32f10x_hd.o(.text)
    TAMPER_IRQHandler                        0x080001f7   Thumb Code     0  startup_stm32f10x_hd.o(.text)
    TIM1_BRK_IRQHandler                      0x080001f7   Thumb Code     0  startup_stm32f10x_hd.o(.text)
    TIM1_CC_IRQHandler                       0x080001f7   Thumb Code     0  startup_stm32f10x_hd.o(.text)
    TIM1_TRG_COM_IRQHandler                  0x080001f7   Thumb Code     0  startup_stm32f10x_hd.o(.text)
    TIM1_UP_IRQHandler                       0x080001f7   Thumb Code     0  startup_stm32f10x_hd.o(.text)
    TIM2_IRQHandler                          0x080001f7   Thumb Code     0  startup_stm32f10x_hd.o(.text)
    TIM3_IRQHandler                          0x080001f7   Thumb Code     0  startup_stm32f10x_hd.o(.text)
    TIM4_IRQHandler                          0x080001f7   Thumb Code     0  startup_stm32f10x_hd.o(.text)
    TIM5_IRQHandler                          0x080001f7   Thumb Code     0  startup_stm32f10x_hd.o(.text)
    TIM6_IRQHandler                          0x080001f7   Thumb Code     0  startup_stm32f10x_hd.o(.text)
    TIM7_IRQHandler                          0x080001f7   Thumb Code     0  startup_stm32f10x_hd.o(.text)
    TIM8_BRK_IRQHandler                      0x080001f7   Thumb Code     0  startup_stm32f10x_hd.o(.text)
    TIM8_CC_IRQHandler                       0x080001f7   Thumb Code     0  startup_stm32f10x_hd.o(.text)
    TIM8_TRG_COM_IRQHandler                  0x080001f7   Thumb Code     0  startup_stm32f10x_hd.o(.text)
    TIM8_UP_IRQHandler                       0x080001f7   Thumb Code     0  startup_stm32f10x_hd.o(.text)
    UART4_IRQHandler                         0x080001f7   Thumb Code     0  startup_stm32f10x_hd.o(.text)
    UART5_IRQHandler                         0x080001f7   Thumb Code     0  startup_stm32f10x_hd.o(.text)
    USART1_IRQHandler                        0x080001f7   Thumb Code     0  startup_stm32f10x_hd.o(.text)
    USART2_IRQHandler                        0x080001f7   Thumb Code     0  startup_stm32f10x_hd.o(.text)
    USBWakeUp_IRQHandler                     0x080001f7   Thumb Code     0  startup_stm32f10x_hd.o(.text)
    USB_HP_CAN1_TX_IRQHandler                0x080001f7   Thumb Code     0  startup_stm32f10x_hd.o(.text)
    USB_LP_CAN1_RX0_IRQHandler               0x080001f7   Thumb Code     0  startup_stm32f10x_hd.o(.text)
    WWDG_IRQHandler                          0x080001f7   Thumb Code     0  startup_stm32f10x_hd.o(.text)
    __aeabi_memcpy                           0x08000201   Thumb Code    36  memcpya.o(.text)
    __aeabi_memcpy4                          0x08000201   Thumb Code     0  memcpya.o(.text)
    __aeabi_memcpy8                          0x08000201   Thumb Code     0  memcpya.o(.text)
    __aeabi_memset                           0x08000225   Thumb Code    14  memseta.o(.text)
    __aeabi_memset4                          0x08000225   Thumb Code     0  memseta.o(.text)
    __aeabi_memset8                          0x08000225   Thumb Code     0  memseta.o(.text)
    __aeabi_memclr                           0x08000233   Thumb Code     4  memseta.o(.text)
    __aeabi_memclr4                          0x08000233   Thumb Code     0  memseta.o(.text)
    __aeabi_memclr8                          0x08000233   Thumb Code     0  memseta.o(.text)
    _memset$wrapper                          0x08000237   Thumb Code    18  memseta.o(.text)
    strcat                                   0x08000249   Thumb Code    24  strcat.o(.text)
    strstr                                   0x08000261   Thumb Code    36  strstr.o(.text)
    strchr                                   0x08000285   Thumb Code    20  strchr.o(.text)
    strlen                                   0x08000299   Thumb Code    14  strlen.o(.text)
    strncat                                  0x080002a7   Thumb Code    40  strncat.o(.text)
    atoi                                     0x080002cf   Thumb Code    26  atoi.o(.text)
    __aeabi_fadd                             0x080002e9   Thumb Code   164  fadd.o(.text)
    __aeabi_fsub                             0x0800038d   Thumb Code     6  fadd.o(.text)
    __aeabi_frsub                            0x08000393   Thumb Code     6  fadd.o(.text)
    __aeabi_fmul                             0x08000399   Thumb Code   100  fmul.o(.text)
    __aeabi_fdiv                             0x080003fd   Thumb Code   124  fdiv.o(.text)
    __aeabi_ddiv                             0x08000479   Thumb Code   222  ddiv.o(.text)
    __aeabi_ui2f                             0x08000557   Thumb Code    10  ffltui.o(.text)
    __aeabi_ui2d                             0x08000561   Thumb Code    26  dfltui.o(.text)
    __aeabi_f2uiz                            0x0800057b   Thumb Code    40  ffixui.o(.text)
    __aeabi_d2uiz                            0x080005a3   Thumb Code    50  dfixui.o(.text)
    __aeabi_f2d                              0x080005d5   Thumb Code    38  f2d.o(.text)
    __aeabi_uidiv                            0x080005fb   Thumb Code     0  uidiv.o(.text)
    __aeabi_uidivmod                         0x080005fb   Thumb Code    44  uidiv.o(.text)
    __aeabi_uldivmod                         0x08000627   Thumb Code    98  uldiv.o(.text)
    __aeabi_llsr                             0x08000689   Thumb Code    32  llushr.o(.text)
    _ll_ushift_r                             0x08000689   Thumb Code     0  llushr.o(.text)
    strtol                                   0x080006a9   Thumb Code   112  strtol.o(.text)
    __I$use$fp                               0x08000719   Thumb Code     0  iusefp.o(.text)
    _float_round                             0x08000719   Thumb Code    18  fepilogue.o(.text)
    _float_epilogue                          0x0800072b   Thumb Code    92  fepilogue.o(.text)
    _double_round                            0x08000787   Thumb Code    30  depilogue.o(.text)
    _double_epilogue                         0x080007a5   Thumb Code   156  depilogue.o(.text)
    __aeabi_dadd                             0x08000841   Thumb Code   322  dadd.o(.text)
    __aeabi_dsub                             0x08000983   Thumb Code     6  dadd.o(.text)
    __aeabi_drsub                            0x08000989   Thumb Code     6  dadd.o(.text)
    __aeabi_dmul                             0x0800098f   Thumb Code   228  dmul.o(.text)
    __aeabi_d2ulz                            0x08000a73   Thumb Code    48  dfixul.o(.text)
    __aeabi_cdrcmple                         0x08000aa5   Thumb Code    48  cdrcmple.o(.text)
    __scatterload                            0x08000ad5   Thumb Code    28  init.o(.text)
    __scatterload_rt2                        0x08000ad5   Thumb Code     0  init.o(.text)
    __aeabi_llsl                             0x08000af9   Thumb Code    30  llshl.o(.text)
    _ll_shift_l                              0x08000af9   Thumb Code     0  llshl.o(.text)
    __aeabi_lasr                             0x08000b17   Thumb Code    36  llsshr.o(.text)
    _ll_sshift_r                             0x08000b17   Thumb Code     0  llsshr.o(.text)
    __rt_ctype_table                         0x08000b3d   Thumb Code     4  ctype_o.o(.text)
    _strtoul                                 0x08000b45   Thumb Code   158  _strtoul.o(.text)
    _chval                                   0x08000be3   Thumb Code    28  _chval.o(.text)
    ADC1_Init                                0x08000c31   Thumb Code    12  soil_h.o(i.ADC1_Init)
    ADC_Cmd                                  0x08000cc5   Thumb Code    22  stm32f10x_adc.o(i.ADC_Cmd)
    ADC_DMACmd                               0x08000cdb   Thumb Code    22  stm32f10x_adc.o(i.ADC_DMACmd)
    ADC_GetCalibrationStatus                 0x08000cf1   Thumb Code    20  stm32f10x_adc.o(i.ADC_GetCalibrationStatus)
    ADC_GetResetCalibrationStatus            0x08000d05   Thumb Code    20  stm32f10x_adc.o(i.ADC_GetResetCalibrationStatus)
    ADC_Init                                 0x08000d19   Thumb Code    70  stm32f10x_adc.o(i.ADC_Init)
    ADC_RegularChannelConfig                 0x08000d69   Thumb Code   184  stm32f10x_adc.o(i.ADC_RegularChannelConfig)
    ADC_ResetCalibration                     0x08000e21   Thumb Code    10  stm32f10x_adc.o(i.ADC_ResetCalibration)
    ADC_SoftwareStartConvCmd                 0x08000e2b   Thumb Code    22  stm32f10x_adc.o(i.ADC_SoftwareStartConvCmd)
    ADC_StartCalibration                     0x08000e41   Thumb Code    10  stm32f10x_adc.o(i.ADC_StartCalibration)
    BH1750_Start                             0x08000e4b   Thumb Code    12  bh1750_1.o(i.BH1750_Start)
    BusFault_Handler                         0x08000e57   Thumb Code     4  stm32f10x_it.o(i.BusFault_Handler)
    Check_sensor                             0x08000e91   Thumb Code   264  warning.o(i.Check_sensor)
    DHT11_GPIO_Config                        0x08001061   Thumb Code    40  dht11.o(i.DHT11_GPIO_Config)
    DHT11_Init                               0x0800108d   Thumb Code    18  dht11.o(i.DHT11_Init)
    DHT11_Mode_IPU                           0x080010a5   Thumb Code    26  dht11.o(i.DHT11_Mode_IPU)
    DHT11_Mode_Out_PP                        0x080010c5   Thumb Code    32  dht11.o(i.DHT11_Mode_Out_PP)
    DHT11_ReadByte                           0x080010e9   Thumb Code    98  dht11.o(i.DHT11_ReadByte)
    DHT11_Read_TempAndHumidity               0x08001151   Thumb Code   166  dht11.o(i.DHT11_Read_TempAndHumidity)
    DHT11_delay_ms                           0x080011fd   Thumb Code    20  dht11.o(i.DHT11_delay_ms)
    DHT11_delay_us                           0x08001211   Thumb Code    28  dht11.o(i.DHT11_delay_us)
    DMA1_Config                              0x0800122d   Thumb Code    74  soil_h.o(i.DMA1_Config)
    DMA_Cmd                                  0x08001285   Thumb Code    24  stm32f10x_dma.o(i.DMA_Cmd)
    DMA_DeInit                               0x0800129d   Thumb Code   324  stm32f10x_dma.o(i.DMA_DeInit)
    DMA_Init                                 0x080013e9   Thumb Code    60  stm32f10x_dma.o(i.DMA_Init)
    DebugMon_Handler                         0x08001425   Thumb Code     2  stm32f10x_it.o(i.DebugMon_Handler)
    EDP_DeleteBuffer                         0x08001427   Thumb Code    28  edpkit.o(i.EDP_DeleteBuffer)
    EDP_NewBuffer                            0x08001443   Thumb Code    88  edpkit.o(i.EDP_NewBuffer)
    EDP_PacketCmdResp                        0x0800149b   Thumb Code   192  edpkit.o(i.EDP_PacketCmdResp)
    EDP_PacketConnect1                       0x0800155d   Thumb Code   232  edpkit.o(i.EDP_PacketConnect1)
    EDP_PacketPing                           0x08001649   Thumb Code    48  edpkit.o(i.EDP_PacketPing)
    EDP_PacketSaveData                       0x08001679   Thumb Code   460  edpkit.o(i.EDP_PacketSaveData)
    EDP_UnPacketCmd                          0x08001845   Thumb Code   214  edpkit.o(i.EDP_UnPacketCmd)
    EDP_UnPacketConnectRsp                   0x0800191b   Thumb Code     6  edpkit.o(i.EDP_UnPacketConnectRsp)
    EDP_UnPacketPushData                     0x08001921   Thumb Code   176  edpkit.o(i.EDP_UnPacketPushData)
    EDP_UnPacketRecv                         0x080019d1   Thumb Code     6  edpkit.o(i.EDP_UnPacketRecv)
    ESP8266_Clear                            0x080019d9   Thumb Code    20  esp8266.o(i.ESP8266_Clear)
    ESP8266_GetIPD                           0x080019f5   Thumb Code    76  esp8266.o(i.ESP8266_GetIPD)
    ESP8266_Init                             0x08001a49   Thumb Code   174  esp8266.o(i.ESP8266_Init)
    ESP8266_SendCmd                          0x08001bc5   Thumb Code    76  esp8266.o(i.ESP8266_SendCmd)
    ESP8266_SendData                         0x08001c19   Thumb Code    46  esp8266.o(i.ESP8266_SendData)
    ESP8266_WaitRecive                       0x08001c61   Thumb Code    42  esp8266.o(i.ESP8266_WaitRecive)
    GPIO_Init                                0x08001c95   Thumb Code   278  stm32f10x_gpio.o(i.GPIO_Init)
    GPIO_ReadInputDataBit                    0x08001dab   Thumb Code    18  stm32f10x_gpio.o(i.GPIO_ReadInputDataBit)
    GPIO_ResetBits                           0x08001dbd   Thumb Code     4  stm32f10x_gpio.o(i.GPIO_ResetBits)
    GPIO_SetBits                             0x08001dc1   Thumb Code     4  stm32f10x_gpio.o(i.GPIO_SetBits)
    HardFault_Handler                        0x08001dc5   Thumb Code     4  stm32f10x_it.o(i.HardFault_Handler)
    Hardware_Init                            0x08001dc9   Thumb Code    58  main.o(i.Hardware_Init)
    MemManage_Handler                        0x08001e19   Thumb Code     4  stm32f10x_it.o(i.MemManage_Handler)
    NET_Event_CallBack                       0x08001e1d   Thumb Code    76  main.o(i.NET_Event_CallBack)
    NMI_Handler                              0x08001e91   Thumb Code     2  stm32f10x_it.o(i.NMI_Handler)
    NVIC_Init                                0x08001e95   Thumb Code   100  misc.o(i.NVIC_Init)
    NVIC_PriorityGroupConfig                 0x08001f05   Thumb Code    10  misc.o(i.NVIC_PriorityGroupConfig)
    OneNET_CmdHandle                         0x08001f81   Thumb Code    22  onenet.o(i.OneNET_CmdHandle)
    OneNet_DevLink                           0x08001f99   Thumb Code   240  onenet.o(i.OneNet_DevLink)
    OneNet_FillBuf                           0x08002265   Thumb Code   268  onenet.o(i.OneNet_FillBuf)
    OneNet_RevPro                            0x080023f9   Thumb Code   454  onenet.o(i.OneNet_RevPro)
    OneNet_SendData                          0x08002699   Thumb Code   114  onenet.o(i.OneNet_SendData)
    OneNet_Send_heart                        0x0800273d   Thumb Code    62  onenet.o(i.OneNet_Send_heart)
    RCC_ADCCLKConfig                         0x080027b1   Thumb Code    18  stm32f10x_rcc.o(i.RCC_ADCCLKConfig)
    RCC_AHBPeriphClockCmd                    0x080027c9   Thumb Code    26  stm32f10x_rcc.o(i.RCC_AHBPeriphClockCmd)
    RCC_APB1PeriphClockCmd                   0x080027e9   Thumb Code    26  stm32f10x_rcc.o(i.RCC_APB1PeriphClockCmd)
    RCC_APB2PeriphClockCmd                   0x08002809   Thumb Code    26  stm32f10x_rcc.o(i.RCC_APB2PeriphClockCmd)
    RCC_GetClocksFreq                        0x08002829   Thumb Code   192  stm32f10x_rcc.o(i.RCC_GetClocksFreq)
    ReadRemainlen                            0x080028fd   Thumb Code    62  edpkit.o(i.ReadRemainlen)
    Read_Light                               0x0800293d   Thumb Code    70  bh1750_1.o(i.Read_Light)
    Read_Soil                                0x0800298d   Thumb Code   122  soil_h.o(i.Read_Soil)
    Shadding                                 0x08002b21   Thumb Code   170  light_moto.o(i.Shadding)
    Shelter_GpioConfig                       0x08002bd1   Thumb Code    38  light_moto.o(i.Shelter_GpioConfig)
    SysTick_Handler                          0x08002bfd   Thumb Code    20  stm32f10x_it.o(i.SysTick_Handler)
    SystemInit                               0x08002c11   Thumb Code    78  system_stm32f10x.o(i.SystemInit)
    TimingDelay_Decrement                    0x08002c71   Thumb Code    18  bsp_systick.o(i.TimingDelay_Decrement)
    USART3_IRQHandler                        0x08002c89   Thumb Code    64  esp8266.o(i.USART3_IRQHandler)
    USART_ClearFlag                          0x08002cd5   Thumb Code    18  stm32f10x_usart.o(i.USART_ClearFlag)
    USART_Cmd                                0x08002ce7   Thumb Code    24  stm32f10x_usart.o(i.USART_Cmd)
    USART_Config                             0x08002d01   Thumb Code   120  bsp_usart.o(i.USART_Config)
    USART_GetFlagStatus                      0x08002d81   Thumb Code    26  stm32f10x_usart.o(i.USART_GetFlagStatus)
    USART_GetITStatus                        0x08002d9b   Thumb Code    84  stm32f10x_usart.o(i.USART_GetITStatus)
    USART_ITConfig                           0x08002def   Thumb Code    74  stm32f10x_usart.o(i.USART_ITConfig)
    USART_Init                               0x08002e39   Thumb Code   210  stm32f10x_usart.o(i.USART_Init)
    USART_SendData                           0x08002f11   Thumb Code     8  stm32f10x_usart.o(i.USART_SendData)
    UnShadding                               0x08002f19   Thumb Code   170  light_moto.o(i.UnShadding)
    UsageFault_Handler                       0x08002fc9   Thumb Code     4  stm32f10x_it.o(i.UsageFault_Handler)
    Usart2_Init                              0x08002fcd   Thumb Code   164  bsp_usart.o(i.Usart2_Init)
    UsartPrintf                              0x08003079   Thumb Code    72  bsp_usart.o(i.UsartPrintf)
    Usart_SendString                         0x080030c1   Thumb Code    50  bsp_usart.o(i.Usart_SendString)
    Water_Gpio_config                        0x080030f5   Thumb Code    38  water.o(i.Water_Gpio_config)
    WriteRemainlen                           0x08003121   Thumb Code    46  edpkit.o(i.WriteRemainlen)
    __0printf                                0x08003151   Thumb Code    22  printfa.o(i.__0printf)
    __1printf                                0x08003151   Thumb Code     0  printfa.o(i.__0printf)
    __2printf                                0x08003151   Thumb Code     0  printfa.o(i.__0printf)
    __c89printf                              0x08003151   Thumb Code     0  printfa.o(i.__0printf)
    printf                                   0x08003151   Thumb Code     0  printfa.o(i.__0printf)
    __0sprintf                               0x08003171   Thumb Code    34  printfa.o(i.__0sprintf)
    __1sprintf                               0x08003171   Thumb Code     0  printfa.o(i.__0sprintf)
    __2sprintf                               0x08003171   Thumb Code     0  printfa.o(i.__0sprintf)
    __c89sprintf                             0x08003171   Thumb Code     0  printfa.o(i.__0sprintf)
    sprintf                                  0x08003171   Thumb Code     0  printfa.o(i.__0sprintf)
    __0vsnprintf                             0x08003199   Thumb Code    40  printfa.o(i.__0vsnprintf)
    __1vsnprintf                             0x08003199   Thumb Code     0  printfa.o(i.__0vsnprintf)
    __2vsnprintf                             0x08003199   Thumb Code     0  printfa.o(i.__0vsnprintf)
    __c89vsnprintf                           0x08003199   Thumb Code     0  printfa.o(i.__0vsnprintf)
    vsnprintf                                0x08003199   Thumb Code     0  printfa.o(i.__0vsnprintf)
    __aeabi_errno_addr                       0x080031c5   Thumb Code     4  errno.o(i.__aeabi_errno_addr)
    __rt_errno_addr                          0x080031c5   Thumb Code     0  errno.o(i.__aeabi_errno_addr)
    __scatterload_copy                       0x080031cd   Thumb Code    14  handlers.o(i.__scatterload_copy)
    __scatterload_null                       0x080031db   Thumb Code     2  handlers.o(i.__scatterload_null)
    __scatterload_zeroinit                   0x080031dd   Thumb Code    14  handlers.o(i.__scatterload_zeroinit)
    conversion                               0x08003ac1   Thumb Code    54  bh1750_1.o(i.conversion)
    ee_Delay                                 0x08003b05   Thumb Code    18  iic.o(i.ee_Delay)
    ee_ReadBytes                             0x08003b17   Thumb Code   112  iic.o(i.ee_ReadBytes)
    ee_WriteBytes                            0x08003b87   Thumb Code   114  iic.o(i.ee_WriteBytes)
    fputc                                    0x08003bf9   Thumb Code    32  bsp_usart.o(i.fputc)
    free                                     0x08003c1d   Thumb Code    76  malloc.o(i.free)
    hexdump                                  0x08003c6d   Thumb Code    46  edpkit.o(i.hexdump)
    i2c_Ack                                  0x08003ca9   Thumb Code    44  iic.o(i.i2c_Ack)
    i2c_CfgGpio                              0x08003cd9   Thumb Code    42  iic.o(i.i2c_CfgGpio)
    i2c_NAck                                 0x08003d19   Thumb Code    36  iic.o(i.i2c_NAck)
    i2c_ReadByte                             0x08003d41   Thumb Code    62  iic.o(i.i2c_ReadByte)
    i2c_SendByte                             0x08003d85   Thumb Code    80  iic.o(i.i2c_SendByte)
    i2c_Start                                0x08003dd9   Thumb Code    42  iic.o(i.i2c_Start)
    i2c_Stop                                 0x08003e09   Thumb Code    28  iic.o(i.i2c_Stop)
    i2c_WaitAck                              0x08003e29   Thumb Code    56  iic.o(i.i2c_WaitAck)
    mDelay                                   0x08003e65   Thumb Code    24  delay.o(i.mDelay)
    main                                     0x08003e7d   Thumb Code   106  main.o(i.main)
    malloc                                   0x08003f3d   Thumb Code    92  malloc.o(i.malloc)
    pvPortMalloc                             0x08004395   Thumb Code   188  heap_4.o(i.pvPortMalloc)
    pxPortInitialiseStack                    0x08004465   Thumb Code    30  port.o(i.pxPortInitialiseStack)
    reLink                                   0x08004489   Thumb Code    52  esp8266.o(i.reLink)
    uxListRemove                             0x08004501   Thumb Code    40  list.o(i.uxListRemove)
    vListInitialise                          0x08004529   Thumb Code    26  list.o(i.vListInitialise)
    vListInitialiseItem                      0x08004543   Thumb Code     6  list.o(i.vListInitialiseItem)
    vListInsert                              0x08004549   Thumb Code    52  list.o(i.vListInsert)
    vListInsertEnd                           0x0800457d   Thumb Code    24  list.o(i.vListInsertEnd)
    vPortEnterCritical                       0x08004595   Thumb Code    30  port.o(i.vPortEnterCritical)
    vPortExitCritical                        0x080045b9   Thumb Code    28  port.o(i.vPortExitCritical)
    vPortFree                                0x080045d9   Thumb Code    64  heap_4.o(i.vPortFree)
    vPortSetupTimerInterrupt                 0x08004621   Thumb Code    14  port.o(i.vPortSetupTimerInterrupt)
    vTaskDelay                               0x08004635   Thumb Code    46  tasks.o(i.vTaskDelay)
    vTaskStartScheduler                      0x08004669   Thumb Code    72  tasks.o(i.vTaskStartScheduler)
    vTaskSuspendAll                          0x080046cd   Thumb Code    12  tasks.o(i.vTaskSuspendAll)
    vTaskSwitchContext                       0x080046dd   Thumb Code    76  tasks.o(i.vTaskSwitchContext)
    xPortStartScheduler                      0x0800473d   Thumb Code    42  port.o(i.xPortStartScheduler)
    xPortSysTickHandler                      0x08004771   Thumb Code    46  port.o(i.xPortSysTickHandler)
    xTaskCreate                              0x080047a5   Thumb Code    96  tasks.o(i.xTaskCreate)
    xTaskGetSchedulerState                   0x08004805   Thumb Code    24  tasks.o(i.xTaskGetSchedulerState)
    xTaskIncrementTick                       0x08004825   Thumb Code   194  tasks.o(i.xTaskIncrementTick)
    xTaskResumeAll                           0x0800490d   Thumb Code   178  tasks.o(i.xTaskResumeAll)
    __ctype_table                            0x080049e0   Data         129  ctype_o.o(.constdata)
    Region$$Table$$Base                      0x08004a68   Number         0  anon$$obj.o(Region$$Table)
    Region$$Table$$Limit                     0x08004a88   Number         0  anon$$obj.o(Region$$Table)
    Net_status                               0x20000014   Data           1  main.o(.data)
    frame_count                              0x20000018   Data           4  main.o(.data)
    data_value                               0x2000001c   Data           7  main.o(.data)
    CheckSensorTask_Handler                  0x20000024   Data           4  main.o(.data)
    NetTask_Handler                          0x20000028   Data           4  main.o(.data)
    ReceiveCmdTask_Handler                   0x2000002c   Data           4  main.o(.data)
    IWDG_Task_Handler                        0x20000030   Data           4  main.o(.data)
    g_ul_ms_ticks                            0x20000038   Data           4  bsp_systick.o(.data)
    esp8266_cnt                              0x2000003c   Data           2  esp8266.o(.data)
    esp8266_cntPre                           0x2000003e   Data           2  esp8266.o(.data)
    light_max                                0x20000040   Data           2  onenet.o(.data)
    light_min                                0x20000042   Data           2  onenet.o(.data)
    humi_max                                 0x20000044   Data           1  onenet.o(.data)
    humi_min                                 0x20000045   Data           1  onenet.o(.data)
    water_flag                               0x20000046   Data           1  onenet.o(.data)
    shading_flag                             0x20000047   Data           1  onenet.o(.data)
    heart_flag                               0x20000048   Data           1  onenet.o(.data)
    alarm_mode                               0x20000049   Data           1  warning.o(.data)
    ADC_ConvertedValue                       0x2000004a   Data           2  soil_h.o(.data)
    rdat                                     0x2000004c   Data           2  bh1750_1.o(.data)
    pxCurrentTCB                             0x20000050   Data           4  tasks.o(.data)
    __stdout                                 0x200000a8   Data           4  stdout.o(.data)
    __microlib_freelist                      0x200000ac   Data           4  mvars.o(.data)
    __microlib_freelist_initialised          0x200000b0   Data           4  mvars.o(.data)
    esp8266_buf                              0x200000b8   Data        1024  esp8266.o(.bss)
    __heap_base                              0x20002580   Data           0  startup_stm32f10x_hd.o(HEAP)
    __heap_limit                             0x20009580   Data           0  startup_stm32f10x_hd.o(HEAP)
    __initial_sp                             0x2000a580   Data           0  startup_stm32f10x_hd.o(STACK)



==============================================================================

Memory Map of the image

  Image Entry point : 0x08000131

  Load Region LR_IROM1 (Base: 0x08000000, Size: 0x00004b40, Max: 0x00080000, ABSOLUTE)

    Execution Region ER_IROM1 (Exec base: 0x08000000, Load base: 0x08000000, Size: 0x00004a88, Max: 0x00080000, ABSOLUTE)

    Exec Addr    Load Addr    Size         Type   Attr      Idx    E Section Name        Object

    0x08000000   0x08000000   0x00000130   Data   RO            3    RESET               startup_stm32f10x_hd.o
    0x08000130   0x08000130   0x00000000   Code   RO         3625  * .ARM.Collect$$$$00000000  mc_w.l(entry.o)
    0x08000130   0x08000130   0x00000004   Code   RO         3953    .ARM.Collect$$$$00000001  mc_w.l(entry2.o)
    0x08000134   0x08000134   0x00000004   Code   RO         3956    .ARM.Collect$$$$00000004  mc_w.l(entry5.o)
    0x08000138   0x08000138   0x00000000   Code   RO         3958    .ARM.Collect$$$$00000008  mc_w.l(entry7b.o)
    0x08000138   0x08000138   0x00000000   Code   RO         3960    .ARM.Collect$$$$0000000A  mc_w.l(entry8b.o)
    0x08000138   0x08000138   0x00000008   Code   RO         3961    .ARM.Collect$$$$0000000B  mc_w.l(entry9a.o)
    0x08000140   0x08000140   0x00000000   Code   RO         3963    .ARM.Collect$$$$0000000D  mc_w.l(entry10a.o)
    0x08000140   0x08000140   0x00000000   Code   RO         3965    .ARM.Collect$$$$0000000F  mc_w.l(entry11a.o)
    0x08000140   0x08000140   0x00000004   Code   RO         3954    .ARM.Collect$$$$00002712  mc_w.l(entry2.o)
    0x08000144   0x08000144   0x00000096   Code   RO         3505    .emb_text           port.o
    0x080001da   0x080001da   0x00000002   PAD
    0x080001dc   0x080001dc   0x00000024   Code   RO            4    .text               startup_stm32f10x_hd.o
    0x08000200   0x08000200   0x00000024   Code   RO         3628    .text               mc_w.l(memcpya.o)
    0x08000224   0x08000224   0x00000024   Code   RO         3630    .text               mc_w.l(memseta.o)
    0x08000248   0x08000248   0x00000018   Code   RO         3632    .text               mc_w.l(strcat.o)
    0x08000260   0x08000260   0x00000024   Code   RO         3634    .text               mc_w.l(strstr.o)
    0x08000284   0x08000284   0x00000014   Code   RO         3636    .text               mc_w.l(strchr.o)
    0x08000298   0x08000298   0x0000000e   Code   RO         3638    .text               mc_w.l(strlen.o)
    0x080002a6   0x080002a6   0x00000028   Code   RO         3640    .text               mc_w.l(strncat.o)
    0x080002ce   0x080002ce   0x0000001a   Code   RO         3933    .text               mc_w.l(atoi.o)
    0x080002e8   0x080002e8   0x000000b0   Code   RO         3935    .text               mf_w.l(fadd.o)
    0x08000398   0x08000398   0x00000064   Code   RO         3937    .text               mf_w.l(fmul.o)
    0x080003fc   0x080003fc   0x0000007c   Code   RO         3939    .text               mf_w.l(fdiv.o)
    0x08000478   0x08000478   0x000000de   Code   RO         3941    .text               mf_w.l(ddiv.o)
    0x08000556   0x08000556   0x0000000a   Code   RO         3943    .text               mf_w.l(ffltui.o)
    0x08000560   0x08000560   0x0000001a   Code   RO         3945    .text               mf_w.l(dfltui.o)
    0x0800057a   0x0800057a   0x00000028   Code   RO         3947    .text               mf_w.l(ffixui.o)
    0x080005a2   0x080005a2   0x00000032   Code   RO         3949    .text               mf_w.l(dfixui.o)
    0x080005d4   0x080005d4   0x00000026   Code   RO         3951    .text               mf_w.l(f2d.o)
    0x080005fa   0x080005fa   0x0000002c   Code   RO         3968    .text               mc_w.l(uidiv.o)
    0x08000626   0x08000626   0x00000062   Code   RO         3970    .text               mc_w.l(uldiv.o)
    0x08000688   0x08000688   0x00000020   Code   RO         3972    .text               mc_w.l(llushr.o)
    0x080006a8   0x080006a8   0x00000070   Code   RO         3983    .text               mc_w.l(strtol.o)
    0x08000718   0x08000718   0x00000000   Code   RO         3985    .text               mc_w.l(iusefp.o)
    0x08000718   0x08000718   0x0000006e   Code   RO         3986    .text               mf_w.l(fepilogue.o)
    0x08000786   0x08000786   0x000000ba   Code   RO         3988    .text               mf_w.l(depilogue.o)
    0x08000840   0x08000840   0x0000014e   Code   RO         3990    .text               mf_w.l(dadd.o)
    0x0800098e   0x0800098e   0x000000e4   Code   RO         3992    .text               mf_w.l(dmul.o)
    0x08000a72   0x08000a72   0x00000030   Code   RO         3994    .text               mf_w.l(dfixul.o)
    0x08000aa2   0x08000aa2   0x00000002   PAD
    0x08000aa4   0x08000aa4   0x00000030   Code   RO         3996    .text               mf_w.l(cdrcmple.o)
    0x08000ad4   0x08000ad4   0x00000024   Code   RO         3998    .text               mc_w.l(init.o)
    0x08000af8   0x08000af8   0x0000001e   Code   RO         4000    .text               mc_w.l(llshl.o)
    0x08000b16   0x08000b16   0x00000024   Code   RO         4002    .text               mc_w.l(llsshr.o)
    0x08000b3a   0x08000b3a   0x00000002   PAD
    0x08000b3c   0x08000b3c   0x00000008   Code   RO         4004    .text               mc_w.l(ctype_o.o)
    0x08000b44   0x08000b44   0x0000009e   Code   RO         4032    .text               mc_w.l(_strtoul.o)
    0x08000be2   0x08000be2   0x0000001c   Code   RO         4034    .text               mc_w.l(_chval.o)
    0x08000bfe   0x08000bfe   0x00000002   PAD
    0x08000c00   0x08000c00   0x00000030   Code   RO         2783    i.ADC1_GPIO_Config  soil_h.o
    0x08000c30   0x08000c30   0x0000000c   Code   RO         2784    i.ADC1_Init         soil_h.o
    0x08000c3c   0x08000c3c   0x00000088   Code   RO         2785    i.ADC1_Mode_Config  soil_h.o
    0x08000cc4   0x08000cc4   0x00000016   Code   RO         1669    i.ADC_Cmd           stm32f10x_adc.o
    0x08000cda   0x08000cda   0x00000016   Code   RO         1670    i.ADC_DMACmd        stm32f10x_adc.o
    0x08000cf0   0x08000cf0   0x00000014   Code   RO         1677    i.ADC_GetCalibrationStatus  stm32f10x_adc.o
    0x08000d04   0x08000d04   0x00000014   Code   RO         1683    i.ADC_GetResetCalibrationStatus  stm32f10x_adc.o
    0x08000d18   0x08000d18   0x00000050   Code   RO         1687    i.ADC_Init          stm32f10x_adc.o
    0x08000d68   0x08000d68   0x000000b8   Code   RO         1691    i.ADC_RegularChannelConfig  stm32f10x_adc.o
    0x08000e20   0x08000e20   0x0000000a   Code   RO         1692    i.ADC_ResetCalibration  stm32f10x_adc.o
    0x08000e2a   0x08000e2a   0x00000016   Code   RO         1694    i.ADC_SoftwareStartConvCmd  stm32f10x_adc.o
    0x08000e40   0x08000e40   0x0000000a   Code   RO         1696    i.ADC_StartCalibration  stm32f10x_adc.o
    0x08000e4a   0x08000e4a   0x0000000c   Code   RO         2823    i.BH1750_Start      bh1750_1.o
    0x08000e56   0x08000e56   0x00000004   Code   RO         2121    i.BusFault_Handler  stm32f10x_it.o
    0x08000e5a   0x08000e5a   0x00000002   PAD
    0x08000e5c   0x08000e5c   0x00000034   Code   RO         1889    i.CheckSensor_Task  main.o
    0x08000e90   0x08000e90   0x000001d0   Code   RO         2755    i.Check_sensor      warning.o
    0x08001060   0x08001060   0x0000002c   Code   RO         2698    i.DHT11_GPIO_Config  dht11.o
    0x0800108c   0x0800108c   0x00000018   Code   RO         2699    i.DHT11_Init        dht11.o
    0x080010a4   0x080010a4   0x00000020   Code   RO         2700    i.DHT11_Mode_IPU    dht11.o
    0x080010c4   0x080010c4   0x00000024   Code   RO         2701    i.DHT11_Mode_Out_PP  dht11.o
    0x080010e8   0x080010e8   0x00000068   Code   RO         2702    i.DHT11_ReadByte    dht11.o
    0x08001150   0x08001150   0x000000ac   Code   RO         2703    i.DHT11_Read_TempAndHumidity  dht11.o
    0x080011fc   0x080011fc   0x00000014   Code   RO         2704    i.DHT11_delay_ms    dht11.o
    0x08001210   0x08001210   0x0000001c   Code   RO         2705    i.DHT11_delay_us    dht11.o
    0x0800122c   0x0800122c   0x00000058   Code   RO         2786    i.DMA1_Config       soil_h.o
    0x08001284   0x08001284   0x00000018   Code   RO          191    i.DMA_Cmd           stm32f10x_dma.o
    0x0800129c   0x0800129c   0x0000014c   Code   RO          192    i.DMA_DeInit        stm32f10x_dma.o
    0x080013e8   0x080013e8   0x0000003c   Code   RO          197    i.DMA_Init          stm32f10x_dma.o
    0x08001424   0x08001424   0x00000002   Code   RO         2122    i.DebugMon_Handler  stm32f10x_it.o
    0x08001426   0x08001426   0x0000001c   Code   RO         2530    i.EDP_DeleteBuffer  edpkit.o
    0x08001442   0x08001442   0x00000058   Code   RO         2531    i.EDP_NewBuffer     edpkit.o
    0x0800149a   0x0800149a   0x000000c0   Code   RO         2532    i.EDP_PacketCmdResp  edpkit.o
    0x0800155a   0x0800155a   0x00000002   PAD
    0x0800155c   0x0800155c   0x000000ec   Code   RO         2533    i.EDP_PacketConnect1  edpkit.o
    0x08001648   0x08001648   0x00000030   Code   RO         2535    i.EDP_PacketPing    edpkit.o
    0x08001678   0x08001678   0x000001cc   Code   RO         2537    i.EDP_PacketSaveData  edpkit.o
    0x08001844   0x08001844   0x000000d6   Code   RO         2538    i.EDP_UnPacketCmd   edpkit.o
    0x0800191a   0x0800191a   0x00000006   Code   RO         2539    i.EDP_UnPacketConnectRsp  edpkit.o
    0x08001920   0x08001920   0x000000b0   Code   RO         2540    i.EDP_UnPacketPushData  edpkit.o
    0x080019d0   0x080019d0   0x00000006   Code   RO         2541    i.EDP_UnPacketRecv  edpkit.o
    0x080019d6   0x080019d6   0x00000002   PAD
    0x080019d8   0x080019d8   0x0000001c   Code   RO         2306    i.ESP8266_Clear     esp8266.o
    0x080019f4   0x080019f4   0x00000054   Code   RO         2308    i.ESP8266_GetIPD    esp8266.o
    0x08001a48   0x08001a48   0x0000017c   Code   RO         2309    i.ESP8266_Init      esp8266.o
    0x08001bc4   0x08001bc4   0x00000054   Code   RO         2311    i.ESP8266_SendCmd   esp8266.o
    0x08001c18   0x08001c18   0x00000048   Code   RO         2312    i.ESP8266_SendData  esp8266.o
    0x08001c60   0x08001c60   0x00000034   Code   RO         2313    i.ESP8266_WaitRecive  esp8266.o
    0x08001c94   0x08001c94   0x00000116   Code   RO          321    i.GPIO_Init         stm32f10x_gpio.o
    0x08001daa   0x08001daa   0x00000012   Code   RO          325    i.GPIO_ReadInputDataBit  stm32f10x_gpio.o
    0x08001dbc   0x08001dbc   0x00000004   Code   RO          328    i.GPIO_ResetBits    stm32f10x_gpio.o
    0x08001dc0   0x08001dc0   0x00000004   Code   RO          329    i.GPIO_SetBits      stm32f10x_gpio.o
    0x08001dc4   0x08001dc4   0x00000004   Code   RO         2123    i.HardFault_Handler  stm32f10x_it.o
    0x08001dc8   0x08001dc8   0x00000050   Code   RO         1891    i.Hardware_Init     main.o
    0x08001e18   0x08001e18   0x00000004   Code   RO         2124    i.MemManage_Handler  stm32f10x_it.o
    0x08001e1c   0x08001e1c   0x00000074   Code   RO         1892    i.NET_Event_CallBack  main.o
    0x08001e90   0x08001e90   0x00000002   Code   RO         2125    i.NMI_Handler       stm32f10x_it.o
    0x08001e92   0x08001e92   0x00000002   PAD
    0x08001e94   0x08001e94   0x00000070   Code   RO          125    i.NVIC_Init         misc.o
    0x08001f04   0x08001f04   0x00000014   Code   RO          126    i.NVIC_PriorityGroupConfig  misc.o
    0x08001f18   0x08001f18   0x00000068   Code   RO         1893    i.Net_Task          main.o
    0x08001f80   0x08001f80   0x00000016   Code   RO         2642    i.OneNET_CmdHandle  onenet.o
    0x08001f96   0x08001f96   0x00000002   PAD
    0x08001f98   0x08001f98   0x000002cc   Code   RO         2643    i.OneNet_DevLink    onenet.o
    0x08002264   0x08002264   0x00000194   Code   RO         2644    i.OneNet_FillBuf    onenet.o
    0x080023f8   0x080023f8   0x000002a0   Code   RO         2645    i.OneNet_RevPro     onenet.o
    0x08002698   0x08002698   0x000000a4   Code   RO         2646    i.OneNet_SendData   onenet.o
    0x0800273c   0x0800273c   0x00000074   Code   RO         2647    i.OneNet_Send_heart  onenet.o
    0x080027b0   0x080027b0   0x00000018   Code   RO          735    i.RCC_ADCCLKConfig  stm32f10x_rcc.o
    0x080027c8   0x080027c8   0x00000020   Code   RO          736    i.RCC_AHBPeriphClockCmd  stm32f10x_rcc.o
    0x080027e8   0x080027e8   0x00000020   Code   RO          737    i.RCC_APB1PeriphClockCmd  stm32f10x_rcc.o
    0x08002808   0x08002808   0x00000020   Code   RO          739    i.RCC_APB2PeriphClockCmd  stm32f10x_rcc.o
    0x08002828   0x08002828   0x000000d4   Code   RO          747    i.RCC_GetClocksFreq  stm32f10x_rcc.o
    0x080028fc   0x080028fc   0x0000003e   Code   RO         2542    i.ReadRemainlen     edpkit.o
    0x0800293a   0x0800293a   0x00000002   PAD
    0x0800293c   0x0800293c   0x00000050   Code   RO         2824    i.Read_Light        bh1750_1.o
    0x0800298c   0x0800298c   0x00000094   Code   RO         2787    i.Read_Soil         soil_h.o
    0x08002a20   0x08002a20   0x00000016   Code   RO         1894    i.ReceiveCmdTask    main.o
    0x08002a36   0x08002a36   0x00000008   Code   RO           24    i.SetSysClock       system_stm32f10x.o
    0x08002a3e   0x08002a3e   0x00000002   PAD
    0x08002a40   0x08002a40   0x000000e0   Code   RO           25    i.SetSysClockTo72   system_stm32f10x.o
    0x08002b20   0x08002b20   0x000000b0   Code   RO         2865    i.Shadding          light_moto.o
    0x08002bd0   0x08002bd0   0x0000002c   Code   RO         2866    i.Shelter_GpioConfig  light_moto.o
    0x08002bfc   0x08002bfc   0x00000014   Code   RO         2126    i.SysTick_Handler   stm32f10x_it.o
    0x08002c10   0x08002c10   0x00000060   Code   RO           27    i.SystemInit        system_stm32f10x.o
    0x08002c70   0x08002c70   0x00000018   Code   RO         2273    i.TimingDelay_Decrement  bsp_systick.o
    0x08002c88   0x08002c88   0x0000004c   Code   RO         2315    i.USART3_IRQHandler  esp8266.o
    0x08002cd4   0x08002cd4   0x00000012   Code   RO         1483    i.USART_ClearFlag   stm32f10x_usart.o
    0x08002ce6   0x08002ce6   0x00000018   Code   RO         1487    i.USART_Cmd         stm32f10x_usart.o
    0x08002cfe   0x08002cfe   0x00000002   PAD
    0x08002d00   0x08002d00   0x00000080   Code   RO         2210    i.USART_Config      bsp_usart.o
    0x08002d80   0x08002d80   0x0000001a   Code   RO         1490    i.USART_GetFlagStatus  stm32f10x_usart.o
    0x08002d9a   0x08002d9a   0x00000054   Code   RO         1491    i.USART_GetITStatus  stm32f10x_usart.o
    0x08002dee   0x08002dee   0x0000004a   Code   RO         1493    i.USART_ITConfig    stm32f10x_usart.o
    0x08002e38   0x08002e38   0x000000d8   Code   RO         1494    i.USART_Init        stm32f10x_usart.o
    0x08002f10   0x08002f10   0x00000008   Code   RO         1504    i.USART_SendData    stm32f10x_usart.o
    0x08002f18   0x08002f18   0x000000b0   Code   RO         2867    i.UnShadding        light_moto.o
    0x08002fc8   0x08002fc8   0x00000004   Code   RO         2127    i.UsageFault_Handler  stm32f10x_it.o
    0x08002fcc   0x08002fcc   0x000000ac   Code   RO         2213    i.Usart2_Init       bsp_usart.o
    0x08003078   0x08003078   0x00000048   Code   RO         2214    i.UsartPrintf       bsp_usart.o
    0x080030c0   0x080030c0   0x00000032   Code   RO         2215    i.Usart_SendString  bsp_usart.o
    0x080030f2   0x080030f2   0x00000002   PAD
    0x080030f4   0x080030f4   0x0000002c   Code   RO         2850    i.Water_Gpio_config  water.o
    0x08003120   0x08003120   0x0000002e   Code   RO         2543    i.WriteRemainlen    edpkit.o
    0x0800314e   0x0800314e   0x00000002   PAD
    0x08003150   0x08003150   0x00000020   Code   RO         3877    i.__0printf         mc_w.l(printfa.o)
    0x08003170   0x08003170   0x00000028   Code   RO         3879    i.__0sprintf        mc_w.l(printfa.o)
    0x08003198   0x08003198   0x0000002c   Code   RO         3882    i.__0vsnprintf      mc_w.l(printfa.o)
    0x080031c4   0x080031c4   0x00000008   Code   RO         3976    i.__aeabi_errno_addr  mc_w.l(errno.o)
    0x080031cc   0x080031cc   0x0000000e   Code   RO         4038    i.__scatterload_copy  mc_w.l(handlers.o)
    0x080031da   0x080031da   0x00000002   Code   RO         4039    i.__scatterload_null  mc_w.l(handlers.o)
    0x080031dc   0x080031dc   0x0000000e   Code   RO         4040    i.__scatterload_zeroinit  mc_w.l(handlers.o)
    0x080031ea   0x080031ea   0x00000002   PAD
    0x080031ec   0x080031ec   0x00000184   Code   RO         3884    i._fp_digits        mc_w.l(printfa.o)
    0x08003370   0x08003370   0x000006dc   Code   RO         3885    i._printf_core      mc_w.l(printfa.o)
    0x08003a4c   0x08003a4c   0x00000024   Code   RO         3886    i._printf_post_padding  mc_w.l(printfa.o)
    0x08003a70   0x08003a70   0x0000002e   Code   RO         3887    i._printf_pre_padding  mc_w.l(printfa.o)
    0x08003a9e   0x08003a9e   0x00000016   Code   RO         3888    i._snputc           mc_w.l(printfa.o)
    0x08003ab4   0x08003ab4   0x0000000a   Code   RO         3889    i._sputc            mc_w.l(printfa.o)
    0x08003abe   0x08003abe   0x00000002   PAD
    0x08003ac0   0x08003ac0   0x00000044   Code   RO         2825    i.conversion        bh1750_1.o
    0x08003b04   0x08003b04   0x00000012   Code   RO         2433    i.ee_Delay          iic.o
    0x08003b16   0x08003b16   0x00000070   Code   RO         2434    i.ee_ReadBytes      iic.o
    0x08003b86   0x08003b86   0x00000072   Code   RO         2435    i.ee_WriteBytes     iic.o
    0x08003bf8   0x08003bf8   0x00000024   Code   RO         2217    i.fputc             bsp_usart.o
    0x08003c1c   0x08003c1c   0x00000050   Code   RO         3905    i.free              mc_w.l(malloc.o)
    0x08003c6c   0x08003c6c   0x0000003c   Code   RO         2544    i.hexdump           edpkit.o
    0x08003ca8   0x08003ca8   0x00000030   Code   RO         2436    i.i2c_Ack           iic.o
    0x08003cd8   0x08003cd8   0x00000030   Code   RO         2437    i.i2c_CfgGpio       iic.o
    0x08003d08   0x08003d08   0x0000000e   Code   RO         2439    i.i2c_Delay         iic.o
    0x08003d16   0x08003d16   0x00000002   PAD
    0x08003d18   0x08003d18   0x00000028   Code   RO         2440    i.i2c_NAck          iic.o
    0x08003d40   0x08003d40   0x00000044   Code   RO         2441    i.i2c_ReadByte      iic.o
    0x08003d84   0x08003d84   0x00000054   Code   RO         2442    i.i2c_SendByte      iic.o
    0x08003dd8   0x08003dd8   0x00000030   Code   RO         2443    i.i2c_Start         iic.o
    0x08003e08   0x08003e08   0x00000020   Code   RO         2444    i.i2c_Stop          iic.o
    0x08003e28   0x08003e28   0x0000003c   Code   RO         2445    i.i2c_WaitAck       iic.o
    0x08003e64   0x08003e64   0x00000018   Code   RO         2387    i.mDelay            delay.o
    0x08003e7c   0x08003e7c   0x000000c0   Code   RO         1895    i.main              main.o
    0x08003f3c   0x08003f3c   0x0000006c   Code   RO         3906    i.malloc            mc_w.l(malloc.o)
    0x08003fa8   0x08003fa8   0x00000098   Code   RO         2915    i.prvAddCurrentTaskToDelayedList  tasks.o
    0x08004040   0x08004040   0x00000098   Code   RO         2916    i.prvAddNewTaskToReadyList  tasks.o
    0x080040d8   0x080040d8   0x00000064   Code   RO         2917    i.prvCheckTasksWaitingTermination  tasks.o
    0x0800413c   0x0800413c   0x00000012   Code   RO         2918    i.prvDeleteTCB      tasks.o
    0x0800414e   0x0800414e   0x00000002   PAD
    0x08004150   0x08004150   0x0000007c   Code   RO         3576    i.prvHeapInit       heap_4.o
    0x080041cc   0x080041cc   0x0000001c   Code   RO         2919    i.prvIdleTask       tasks.o
    0x080041e8   0x080041e8   0x00000090   Code   RO         2920    i.prvInitialiseNewTask  tasks.o
    0x08004278   0x08004278   0x00000068   Code   RO         2921    i.prvInitialiseTaskLists  tasks.o
    0x080042e0   0x080042e0   0x00000068   Code   RO         3577    i.prvInsertBlockIntoFreeList  heap_4.o
    0x08004348   0x08004348   0x00000034   Code   RO         2922    i.prvResetNextTaskUnblockTime  tasks.o
    0x0800437c   0x0800437c   0x00000016   Code   RO         3506    i.prvTaskExitError  port.o
    0x08004392   0x08004392   0x00000002   PAD
    0x08004394   0x08004394   0x000000d0   Code   RO         3578    i.pvPortMalloc      heap_4.o
    0x08004464   0x08004464   0x00000024   Code   RO         3507    i.pxPortInitialiseStack  port.o
    0x08004488   0x08004488   0x00000078   Code   RO         2316    i.reLink            esp8266.o
    0x08004500   0x08004500   0x00000028   Code   RO         3386    i.uxListRemove      list.o
    0x08004528   0x08004528   0x0000001a   Code   RO         3387    i.vListInitialise   list.o
    0x08004542   0x08004542   0x00000006   Code   RO         3388    i.vListInitialiseItem  list.o
    0x08004548   0x08004548   0x00000034   Code   RO         3389    i.vListInsert       list.o
    0x0800457c   0x0800457c   0x00000018   Code   RO         3390    i.vListInsertEnd    list.o
    0x08004594   0x08004594   0x00000024   Code   RO         3509    i.vPortEnterCritical  port.o
    0x080045b8   0x080045b8   0x00000020   Code   RO         3510    i.vPortExitCritical  port.o
    0x080045d8   0x080045d8   0x00000048   Code   RO         3579    i.vPortFree         heap_4.o
    0x08004620   0x08004620   0x00000014   Code   RO         3511    i.vPortSetupTimerInterrupt  port.o
    0x08004634   0x08004634   0x00000034   Code   RO         2932    i.vTaskDelay        tasks.o
    0x08004668   0x08004668   0x00000064   Code   RO         2944    i.vTaskStartScheduler  tasks.o
    0x080046cc   0x080046cc   0x00000010   Code   RO         2946    i.vTaskSuspendAll   tasks.o
    0x080046dc   0x080046dc   0x00000060   Code   RO         2947    i.vTaskSwitchContext  tasks.o
    0x0800473c   0x0800473c   0x00000034   Code   RO         3512    i.xPortStartScheduler  port.o
    0x08004770   0x08004770   0x00000034   Code   RO         3513    i.xPortSysTickHandler  port.o
    0x080047a4   0x080047a4   0x00000060   Code   RO         2949    i.xTaskCreate       tasks.o
    0x08004804   0x08004804   0x00000020   Code   RO         2953    i.xTaskGetSchedulerState  tasks.o
    0x08004824   0x08004824   0x000000e8   Code   RO         2956    i.xTaskIncrementTick  tasks.o
    0x0800490c   0x0800490c   0x000000d4   Code   RO         2962    i.xTaskResumeAll    tasks.o
    0x080049e0   0x080049e0   0x00000081   Data   RO         4005    .constdata          mc_w.l(ctype_o.o)
    0x08004a61   0x08004a61   0x00000003   PAD
    0x08004a64   0x08004a64   0x00000004   Data   RO         4006    .constdata          mc_w.l(ctype_o.o)
    0x08004a68   0x08004a68   0x00000020   Data   RO         4036    Region$$Table       anon$$obj.o


    Execution Region RW_IRAM1 (Exec base: 0x20000000, Load base: 0x08004a88, Size: 0x0000a580, Max: 0x00010000, ABSOLUTE)

    Exec Addr    Load Addr    Size         Type   Attr      Idx    E Section Name        Object

    0x20000000   0x08004a88   0x00000014   Data   RW          767    .data               stm32f10x_rcc.o
    0x20000014   0x08004a9c   0x00000020   Data   RW         1897    .data               main.o
    0x20000034   0x08004abc   0x00000008   Data   RW         2274    .data               bsp_systick.o
    0x2000003c   0x08004ac4   0x00000004   Data   RW         2318    .data               esp8266.o
    0x20000040   0x08004ac8   0x00000009   Data   RW         2648    .data               onenet.o
    0x20000049   0x08004ad1   0x00000001   Data   RW         2758    .data               warning.o
    0x2000004a   0x08004ad2   0x00000002   Data   RW         2788    .data               soil_h.o
    0x2000004c   0x08004ad4   0x00000002   Data   RW         2826    .data               bh1750_1.o
    0x2000004e   0x08004ad6   0x00000002   PAD
    0x20000050   0x08004ad8   0x0000003c   Data   RW         2965    .data               tasks.o
    0x2000008c   0x08004b14   0x00000004   Data   RW         3514    .data               port.o
    0x20000090   0x08004b18   0x00000018   Data   RW         3584    .data               heap_4.o
    0x200000a8   0x08004b30   0x00000004   Data   RW         3967    .data               mc_w.l(stdout.o)
    0x200000ac   0x08004b34   0x00000004   Data   RW         3974    .data               mc_w.l(mvars.o)
    0x200000b0   0x08004b38   0x00000004   Data   RW         3975    .data               mc_w.l(mvars.o)
    0x200000b4   0x08004b3c   0x00000004   Data   RW         3979    .data               mc_w.l(errno.o)
    0x200000b8        -       0x00000400   Zero   RW         2317    .bss                esp8266.o
    0x200004b8        -       0x000000c8   Zero   RW         2964    .bss                tasks.o
    0x20000580        -       0x00002000   Zero   RW         3583    .bss                heap_4.o
    0x20002580        -       0x00007000   Zero   RW            2    HEAP                startup_stm32f10x_hd.o
    0x20009580        -       0x00001000   Zero   RW            1    STACK               startup_stm32f10x_hd.o


==============================================================================

Image component sizes


      Code (inc. data)   RO Data    RW Data    ZI Data      Debug   Object Name

       160         24          0          2          0       1988   bh1750_1.o
        24          6          0          8          0       1008   bsp_systick.o
       458         20          0          0          0       5382   bsp_usart.o
         0          0          0          0          0       4508   core_cm3.o
        24          0          0          0          0        465   delay.o
       460         32          0          0          0       5034   dht11.o
      1622         18          0          0          0      11214   edpkit.o
       896        346          0          4       1024       5652   esp8266.o
       508         62          0         24       8192       3751   heap_4.o
       686         38          0          0          0       6528   iic.o
       396         18          0          0          0       1657   light_moto.o
       148          0          0          0          0       2990   list.o
       566        186          0         32          0     232825   main.o
       132         22          0          0          0       1495   misc.o
      2094        944          0          9          0       7156   onenet.o
       400         50          0          4          0       9008   port.o
       432         52          0          2          0       3239   soil_h.o
        36          8        304          0      32768        844   startup_stm32f10x_hd.o
       390         10          0          0          0      16309   stm32f10x_adc.o
       416          8          0          0          0       3370   stm32f10x_dma.o
       304          0          0          0          0       3592   stm32f10x_gpio.o
        40          0          0          0          0      10103   stm32f10x_it.o
       332         44          0         20          0       5457   stm32f10x_rcc.o
       450          6          0          0          0       6071   stm32f10x_usart.o
       328         28          0          0          0     239709   system_stm32f10x.o
      1586        254          0         60        200      21454   tasks.o
         0          0          0          0          0       1472   timers.o
       464        200          0          1          0       1724   warning.o
        44          6          0          0          0        476   water.o

    ----------------------------------------------------------------------
     13424       2382        336        168      42184     614481   Object Totals
         0          0         32          0          0          0   (incl. Generated)
        28          0          0          2          0          0   (incl. Padding)

    ----------------------------------------------------------------------

      Code (inc. data)   RO Data    RW Data    ZI Data      Debug   Library Member Name

        28          0          0          0          0         68   _chval.o
       158          0          0          0          0         92   _strtoul.o
        26          0          0          0          0         80   atoi.o
         8          4        133          0          0         68   ctype_o.o
         0          0          0          0          0          0   entry.o
         0          0          0          0          0          0   entry10a.o
         0          0          0          0          0          0   entry11a.o
         8          4          0          0          0          0   entry2.o
         4          0          0          0          0          0   entry5.o
         0          0          0          0          0          0   entry7b.o
         0          0          0          0          0          0   entry8b.o
         8          4          0          0          0          0   entry9a.o
         8          4          0          4          0         68   errno.o
        30          0          0          0          0          0   handlers.o
        36          8          0          0          0         68   init.o
         0          0          0          0          0          0   iusefp.o
        30          0          0          0          0         68   llshl.o
        36          0          0          0          0         68   llsshr.o
        32          0          0          0          0         68   llushr.o
       188         20          0          0          0        160   malloc.o
        36          0          0          0          0         68   memcpya.o
        36          0          0          0          0        108   memseta.o
         0          0          0          8          0          0   mvars.o
      2374        100          0          0          0        752   printfa.o
         0          0          0          4          0          0   stdout.o
        24          0          0          0          0         68   strcat.o
        20          0          0          0          0         68   strchr.o
        14          0          0          0          0         68   strlen.o
        40          0          0          0          0         76   strncat.o
        36          0          0          0          0         80   strstr.o
       112          0          0          0          0         88   strtol.o
        44          0          0          0          0         80   uidiv.o
        98          0          0          0          0         92   uldiv.o
        48          0          0          0          0         68   cdrcmple.o
       334          0          0          0          0        148   dadd.o
       222          0          0          0          0        100   ddiv.o
       186          0          0          0          0        176   depilogue.o
        50          0          0          0          0         76   dfixui.o
        48          0          0          0          0         68   dfixul.o
        26          0          0          0          0         76   dfltui.o
       228          0          0          0          0         96   dmul.o
        38          0          0          0          0         68   f2d.o
       176          0          0          0          0        140   fadd.o
       124          0          0          0          0         88   fdiv.o
       110          0          0          0          0        168   fepilogue.o
        40          0          0          0          0         68   ffixui.o
        10          0          0          0          0         68   ffltui.o
       100          0          0          0          0         76   fmul.o

    ----------------------------------------------------------------------
      5184        144        136         16          0       3840   Library Totals
        10          0          3          0          0          0   (incl. Padding)

    ----------------------------------------------------------------------

      Code (inc. data)   RO Data    RW Data    ZI Data      Debug   Library Name

      3434        144        133         16          0       2356   mc_w.l
      1740          0          0          0          0       1484   mf_w.l

    ----------------------------------------------------------------------
      5184        144        136         16          0       3840   Library Totals

    ----------------------------------------------------------------------

==============================================================================


      Code (inc. data)   RO Data    RW Data    ZI Data      Debug   

     18608       2526        472        184      42184     608957   Grand Totals
     18608       2526        472        184      42184     608957   ELF Image Totals
     18608       2526        472        184          0          0   ROM Totals

==============================================================================

    Total RO  Size (Code + RO Data)                19080 (  18.63kB)
    Total RW  Size (RW Data + ZI Data)             42368 (  41.38kB)
    Total ROM Size (Code + RO Data + RW Data)      19264 (  18.81kB)

==============================================================================

